I/TactileAssist(  944): List of disabled apps :
I/TactileAssist(  944): com.wunderkinder.wunderlistandroid
I/TactileAssist(  944): com.anstudios.ssh
I/TactileAssist(  944): com.quora.android
I/TactileAssist(  944): com.nianticlabs.pokemongo
I/TactileAssist(  944): cab.snapp.passenger
I/TactileAssist(  944): com.google.android.apps.fitness
I/TactileAssist(  944): com.isc.bsi
I/TactileAssist(  944): com.google.android.wearable.app
I/TactileAssist(  944): com.microsoft.msa.authenticator
I/TactileAssist(  944): com.actionsmicro.ezcast
I/TactileAssist(  944): com.bitpay.copay
I/TactileAssist(  944): co.fardad.android.metro
I/TactileAssist(  944): com.matejdro.pebbledialer
I/TactileAssist(  944): com.jumpbyte.wearmusiclist
I/TactileAssist(  944): com.awesomeproject
I/TactileAssist(  944): org.buffer.android
I/TactileAssist(  944): nex1music.com
I/TactileAssist(  944): com.lybrate.phoenix
I/TactileAssist(  944): com.google.android.inputmethod.latin
I/TactileAssist(  944): taxi.tap30.passenger
I/TactileAssist(  944): com.facebook.f8
I/TactileAssist(  944): com.google.android.apps.inbox
I/TactileAssist(  944): com.google.android.apps.authenticator2
I/TactileAssist(  944): com.google.zxing.client.android
I/TactileAssist(  944): mob.banking.android.pasargad
I/TactileAssist(  944): com.google.android.deskclock
I/TactileAssist(  944): com.facebook.katana
I/TactileAssist(  944): com.mxtech.videoplayer.ad
I/TactileAssist(  944): pebble.apps.pebbleapps
I/TactileAssist(  944): org.leetzone.android.yatsewidgetfree
I/TactileAssist(  944): com.mtni.myirancell
I/TactileAssist(  944): com.skype.raider
I/TactileAssist(  944): org.telegram.messenger
I/TactileAssist(  944): com.asus.contacts
I/TactileAssist(  944): ir.hafhashtad.android780
I/TactileAssist(  944): com.farsitel.bazaar
I/TactileAssist(  944): reyhoon.androidapp
I/TactileAssist(  944): com.medium.reader
I/TactileAssist(  944): com.vira.plaan
I/TactileAssist(  944): com.psiphon3
I/TactileAssist(  944): com.ichueca.pebblealarm
I/TactileAssist(  944): org.coursera.android
I/TactileAssist(  944): com.gagates.download
I/TactileAssist(  944): com.instagram.android
I/TactileAssist(  944): com.google.android.keep
I/TactileAssist(  944): com.google.android.tv.remote
I/TactileAssist(  944): com.uefa.euro2016
I/TactileAssist(  944): com.google.android.apps.photos
I/TactileAssist(  944): com.google.android.apps.messaging
I/TactileAssist(  944): com.glympse.android.glympse
I/TactileAssist(  944): co.patient.superdoc
I/TactileAssist(  944): com.twitter.android
I/TactileAssist(  944): com.IranModernBusinesses.Netbarg
I/TactileAssist(  944): com.zoodfood.android
I/TactileAssist(  944): com.google.android.calendar
I/TactileAssist(  944): com.doctorondemand.android.patient
I/TactileAssist(  944): com.dv.adm
I/TactileAssist(  944): com.trello
I/TactileAssist(  944): com.google.android.apps.fireball
I/TactileAssist(  944): com.bia
I/TactileAssist(  944): com.aparat
I/TactileAssist(  944): com.linkedin.android
E/Zygote  (19811): MountEmulatedStorage()
E/Zygote  (19811): v2
I/SELinux (19811): Function: selinux_compare_spd_ram , priority [2] , priority version is VE=SEPF_SM-N9005_5.0-1_0046
E/SELinux (19811): [DEBUG] get_category: variable seinfo: untrusted sensitivity: NULL, cateogry: NULL
D/TimaKeyStoreProvider(19811): TimaSignature is unavailable
D/ActivityThread(19811): Added TimaKeyStore provider
D/ResourcesManager(19811): creating new AssetManager and set to /system/priv-app/GooglePartnerSetup/GooglePartnerSetup.apk
D/com.sec.android.service.health.upgrade.UninstallReceiver(19418): onReceive()
I/com.sec.android.service.health.upgrade.UninstallReceiver(19418): onReceive called  PACKAGE_ADDED package:com.awesomeproject
D/com.sec.android.service.health.upgrade.UninstallReceiver(19418): onReceive() : package name is not s health. Return !!!
I/PCWCLIENTTRACE_PushUtil(26328): SPPPushClient is installed : true
I/PCWCLIENTTRACE_PushUtil(26328): sales region : global
I/PCWCLIENTTRACE_PushUtil(26328): getPushTypeList : [SPP, GCM]
I/PCWCLIENTTRACE_SYSTEMReceiver(26328): [onReceive] - android.intent.action.PACKAGE_ADDED
I/RelayReceiver_PinBoard(15413): onReceive... android.intent.action.PACKAGE_ADDED
I/RelayService_PinBoard(15413): RelayService Started!! : android.intent.action.PACKAGE_ADDED
D/ResourcesManager(14788): creating new AssetManager and set to /data/app/com.awesomeproject-1/base.apk
D/PackageIntentReceiver(19452): ACTION_PACKAGE_ADDED
D/PackageIntentReceiver(19452): Not GearManger package! 
D/ResourcesManager(19525): creating new AssetManager and set to /data/app/com.awesomeproject-1/base.apk
E/FilterInstaller(19525): installFilters
E/FilterInstaller(19525): There is no requred permission
D/ResourcesManager(15188): creating new AssetManager and set to /data/app/com.awesomeproject-1/base.apk
D/InputReader(  944): Input event: value=1
I/InputReader(  944): Touch event's action is 0x0 (deviceType=0) [pCnt=1, s=0.5451 ] when=60414017518000
I/InputDispatcher(  944): Delivering touch to (1183): action: 0x4, toolType: 1
I/InputDispatcher(  944): Delivering touch to (944): action: 0x0, toolType: 1
D/ViewRootImpl(  944): ViewPostImeInputStage ACTION_DOWN
D/ResourcesManager( 1995): creating new AssetManager and set to /data/app/com.awesomeproject-1/base.apk
I/AppIncrementalLogger(15188): logEvent(): Logged 108 bytes in 70 ms
I/UpdateIcingCorporaServi(15188): Updating corpora: APPS=com.awesomeproject, CONTACTS=MAYBE
D/InputReader(  944): Input event: value=0
I/InputReader(  944): Touch event's action is 0x1 (deviceType=0) [pCnt=1, s=] when=60414087556000
I/InputDispatcher(  944): Delivering touch to (944): action: 0x1, toolType: 1
E/Zygote  (19835): MountEmulatedStorage()
E/Zygote  (19835): v2
I/SELinux (19835): Function: selinux_compare_spd_ram , priority [2] , priority version is VE=SEPF_SM-N9005_5.0-1_0046
E/SELinux (19835): [DEBUG] get_category: variable seinfo: samsung sensitivity: NULL, cateogry: NULL
D/TimaKeyStoreProvider(19835): TimaSignature is unavailable
D/ActivityThread(19835): Added TimaKeyStore provider
W/IcingInternalCorpora( 1542): getNumBytesRead when not calculated.
D/ResourcesManager(19835): creating new AssetManager and set to /data/app/com.sec.android.app.samsungapps-1/base.apk
I/Icing   ( 1542): Usage reports 0 indexed 0 rejected 0 imm upload false
I/Icing   ( 1542): Usage reports 0 indexed 0 rejected 0 imm upload false
I/Icing   ( 1542): Usage reports 0 indexed 0 rejected 0 imm upload true
I/UpdateIcingCorporaServi(15188): UpdateCorporaTask done [took 136 ms] updated apps [took 136 ms] 
V/deviceInfo(19835): NetworkOperator_MCC : 43235
V/deviceInfo(19835): NetworkOperator_MCC : 43235
V/deviceInfo(19835): NetworkOperator_MNC : 43235
E/Zygote  (19856): MountEmulatedStorage()
E/Zygote  (19856): v2
I/SELinux (19856): Function: selinux_compare_spd_ram , priority [2] , priority version is VE=SEPF_SM-N9005_5.0-1_0046
E/SELinux (19856): [DEBUG] get_category: variable seinfo: platform sensitivity: NULL, cateogry: NULL
D/TimaKeyStoreProvider(19856): TimaSignature is unavailable
D/ActivityThread(19856): Added TimaKeyStore provider
D/ResourcesManager(19856): creating new AssetManager and set to /system/app/AASAservice/AASAservice.apk
D/Sppmt   (19835): Test mode:false, cfgFileExist:false, canWrite:false
D/[SAUI]  (19835): Global::recovered::false
D/AASAservice(19856): onCreate()
E/AASAservice(19856): getConfirmRuleVersion() : Version File is not exist.
I/DBG_POLICYDM(15375): [com.sec.android.policydm.aasa.AASAUpdater$1(72/onServiceConnected)] AASA: onServiceConnected
I/Finsky  (14276): [1] com.google.android.finsky.utils.bn.run(2299): Package state data is missing for com.awesomeproject
D/Compatibility( 2880): onReceive() it will make start service
D/SecContentProvider2(  944): uri = 14 selection = getSealedState
D/SecContentProvider2(  944): mCursor = null
D/SecContentProvider(  944): uri = 15 selection = isClipboardAllowedAsUser
D/ApplicationPolicy(  944): isStatusBarNotificationAllowedAsUser: packageName = com.dv.adm,userId = 0
V/ApplicationPolicy(  944): isApplicationStateBlocked userId 0 pkgname com.dv.adm
D/SecContentProvider(  944): uri = 15 selection = isClipboardShareAllowedAsUser
D/StatusBar( 1183): ----- contentsUnchanged : true, bigContentsUnchanged - true, headsUpContentsUnchanged - true , publicUnchanged true
D/PersonaManager( 1183): isKioskContainerExistOnDevice
D/PersonaManager( 1183): isKioskContainerExistOnDevice
D/PanelView( 1183): There is/are notification(s) 
D/Compatibility( 2880): onHandleIntent()
D/Compatibility( 2880): intentservice saw: Intent { act=android.intent.action.PACKAGE_REPLACED dat=package:com.awesomeproject flg=0x4000010 cmp=com.sec.android.app.soundalive/.compatibility.Compatibility$Receiver (has extras) } Bundle[{android.intent.extra.UID=10290, android.intent.extra.REPLACING=true, android.intent.extra.user_handle=0}]
D/Compatibility( 2880): found: 2
D/Compatibility( 2880): saved default: com.sec.android.app.soundalive.SAControlPanelActivity
D/Compatibility( 2880): skipping ResolveInfo{152aa570 com.sec.android.app.soundalive/.compatibility.Compatibility$Redirector p=2147483647 m=0x108000}
D/Compatibility( 2880): considering ResolveInfo{2630c0e9 com.sec.android.app.soundalive/.SAControlPanelActivity m=0x108000}
D/Compatibility( 2880): default: com.sec.android.app.soundalive.SAControlPanelActivity
D/InputReader(  944): Input event: value=1
I/InputReader(  944): Touch event's action is 0x0 (deviceType=0) [pCnt=1, s=0.5452 ] when=60414535996000
I/InputDispatcher(  944): Delivering touch to (1183): action: 0x4, toolType: 1
I/InputDispatcher(  944): Delivering touch to (944): action: 0x0, toolType: 1
D/ViewRootImpl(  944): ViewPostImeInputStage ACTION_DOWN
D/PanelView( 1183): There is/are notification(s) 
D/Compatibility( 2880): enabling receiver ResolveInfo{3abf516e com.sec.android.app.soundalive/.SAControlPanelReceiver m=0x108000}
D/Compatibility( 2880): enabling receiver ResolveInfo{3759600f com.sec.android.app.soundalive/.compatibility.HelperGooglePlayMusic m=0x108000}
I/PCWCLIENTTRACE_PushUtil(26328): SPPPushClient is installed : true
I/PCWCLIENTTRACE_PushUtil(26328): sales region : global
I/PCWCLIENTTRACE_PushUtil(26328): getPushTypeList : [SPP, GCM]
I/PCWCLIENTTRACE_SYSTEMReceiver(26328): [onReceive] - android.intent.action.PACKAGE_REPLACED
D/PCWCLIENTTRACE_SYSTEMReceiver(26328): ACTION_PACKAGE_REPLACED_START
D/Compatibility( 2880): enabling receiver ResolveInfo{26eca89c com.sec.android.app.soundalive/.SAControlPanelReceiver m=0x108000}
D/Compatibility( 2880): enabling receiver ResolveInfo{32cb82a5 com.sec.android.app.soundalive/.compatibility.HelperGooglePlayMusic m=0x108000}
D/Compatibility( 2880): wrote com.sec.android.app.soundalive/com.sec.android.app.soundalive.SAControlPanelActivity as default
D/StatusBar.NetworkController( 1183): onSignalStrengthsChanged signalStrength=SignalStrength: 20 99 -120 -160 -120 -1 -1 99 2147483647 2147483647 2147483647 -1 2147483647 0x4 gsm|lte level=4
D/StatusBar.NetworkController( 1183): updateTelephonySignalStrength: hasService=true ss=SignalStrength: 20 99 -120 -160 -120 -1 -1 99 2147483647 2147483647 2147483647 -1 2147483647 0x4 gsm|lte
D/StatusBar.NetworkController( 1183): updateTelephonySignalStrength: iconLevel=4
D/StatusBar.NetworkController( 1183): updateTelephonySignalStrength, No signal level. mPhoneSignalIconId = com.android.systemui:drawable/stat_sys_signal_4_auto_rotate mDataSignalIconId = com.android.systemui:drawable/stat_sys_signal_4_auto_rotate mQSPhoneSignalIconId = com.android.systemui:drawable/ic_qs_signal_4 mContentDescriptionPhoneSignal = Full phone signal
D/StatusBar.NetworkController( 1183): refreshViews connected={ data } level=4 combinedSignalIconId=0x7f0204df/com.android.systemui:drawable/stat_sys_signal_4_auto_rotate mobileLabel=Irancell wifiLabel= emergencyOnly=false combinedLabel=Irancell mAirplaneMode=false mDataActivity=2 mPhoneSignalIconId=0x7f0204df/com.android.systemui:drawable/stat_sys_signal_4_auto_rotate mQSPhoneSignalIconId=0x7f020136/com.android.systemui:drawable/ic_qs_signal_4 mDataDirectionIconId=0x7f020363/com.android.systemui:drawable/stat_sys_data_fully_connected_h mDataSignalIconId=0x7f0204df/com.android.systemui:drawable/stat_sys_signal_4_auto_rotate mDataTypeIconId=0x7f020348/com.android.systemui:drawable/stat_sys_data_connected_h mQSDataTypeIconId=0x7f020140/com.android.systemui:drawable/ic_qs_signal_h mNoSimIconId=0x0/(null) mWifiIconId=0x0/(null) mQSWifiIconId=0x0/(null) mWifiActivityIconId=0x7f02050d/com.android.systemui:drawable/stat_sys_signal_inout mBluetoothTetherIconId=0x10808f0/android:drawable/stat_sys_tether_bluetooth
D/STATUSBAR-WifiQuickSettingButton( 1183): onWifiSignalChanged enabled=false enabledDesc:null
D/HeadsetPhoneState( 4037): Signal level : previous=4 curr=4
D/HeadsetPhoneState( 4037): Signal level : previous=4 curr=4
D/StatusBar.NetworkController( 1183): onSignalStrengthsChanged signalStrength=SignalStrength: 20 99 -120 -160 -120 -1 -1 99 2147483647 2147483647 2147483647 -1 2147483647 0x4 gsm|lte level=4
D/StatusBar.NetworkController( 1183): updateTelephonySignalStrength: hasService=true ss=SignalStrength: 20 99 -120 -160 -120 -1 -1 99 2147483647 2147483647 2147483647 -1 2147483647 0x4 gsm|lte
D/StatusBar.NetworkController( 1183): updateTelephonySignalStrength: iconLevel=4
D/StatusBar.NetworkController( 1183): updateTelephonySignalStrength, No signal level. mPhoneSignalIconId = com.android.systemui:drawable/stat_sys_signal_4_auto_rotate mDataSignalIconId = com.android.systemui:drawable/stat_sys_signal_4_auto_rotate mQSPhoneSignalIconId = com.android.systemui:drawable/ic_qs_signal_4 mContentDescriptionPhoneSignal = Full phone signal
D/StatusBar.NetworkController( 1183): refreshViews connected={ data } level=4 combinedSignalIconId=0x7f0204df/com.android.systemui:drawable/stat_sys_signal_4_auto_rotate mobileLabel=Irancell wifiLabel= emergencyOnly=false combinedLabel=Irancell mAirplaneMode=false mDataActivity=2 mPhoneSignalIconId=0x7f0204df/com.android.systemui:drawable/stat_sys_signal_4_auto_rotate mQSPhoneSignalIconId=0x7f020136/com.android.systemui:drawable/ic_qs_signal_4 mDataDirectionIconId=0x7f020363/com.android.systemui:drawable/stat_sys_data_fully_connected_h mDataSignalIconId=0x7f0204df/com.android.systemui:drawable/stat_sys_signal_4_auto_rotate mDataTypeIconId=0x7f020348/com.android.systemui:drawable/stat_sys_data_connected_h mQSDataTypeIconId=0x7f020140/com.android.systemui:drawable/ic_qs_signal_h mNoSimIconId=0x0/(null) mWifiIconId=0x0/(null) mQSWifiIconId=0x0/(null) mWifiActivityIconId=0x7f02050d/com.android.systemui:drawable/stat_sys_signal_inout mBluetoothTetherIconId=0x10808f0/android:drawable/stat_sys_tether_bluetooth
D/STATUSBAR-WifiQuickSettingButton( 1183): onWifiSignalChanged enabled=false enabledDesc:null
D/AlarmManagerService(  944): Kernel timezone updated to -210 minutes west of GMT
D/InputReader(  944): Input event: value=0
I/InputReader(  944): Touch event's action is 0x1 (deviceType=0) [pCnt=1, s=] when=60414603183000
I/InputDispatcher(  944): Delivering touch to (944): action: 0x1, toolType: 1
I/AudioPolicyManager(  310): getAudioPolicyConfig: situation=1;device=0
I/AudioPolicyManager(  310): getSituationVolume: isBTConnected:1 isHeadConnected:0
V/AudioPolicyManager(  310): deviceInt = 0, situationInt = 1, situationVolume = 0.500000
V/AudioPolicyManager(  310): getDeviceForInputSource()input source 7, device 80000008
D/AudioPolicyManager(  310): getDeviceForStrategy STRATEGY_MEDIA force bt sco
V/AudioPolicyManager(  310): getOutput() device 32, stream 1, samplingRate 0, format 0, channelMask 0, flags 3
V/AudioPolicyManager(  310): getOutputsForDevice device 0020 -> 0020
V/AudioPolicyManager(  310): getOutput() returns output 2
V/AudioPolicyManager(  310): getDeviceForInputSource()input source 7, device 80000008
D/AudioPolicyManager(  310): getDeviceForStrategy STRATEGY_MEDIA force bt sco
V/AudioPolicyManager(  310): getOutput() device 32, stream 1, samplingRate 0, format 0, channelMask 0, flags 3
V/AudioPolicyManager(  310): getOutputsForDevice device 0020 -> 0020
V/AudioPolicyManager(  310): getOutput() returns output 2
V/AudioPolicyManager(  310): getOutputForAttr() usage=13, content=4, tag=c flags=00000000
V/AudioPolicyManager(  310): getDeviceForInputSource()input source 7, device 80000008
D/AudioPolicyManager(  310): getDeviceForStrategy STRATEGY_MEDIA force bt sco
V/AudioPolicyManager(  310): getOutputForAttr() device 32, samplingRate 48000, format 1, channelMask 1, flags 4
V/AudioPolicyManager(  310): getOutputsForDevice device 0020 -> 0020
V/AudioPolicyManager(  310): getOutput() returns output 2
V/AudioPolicyManager(  310): startOutput() output 2, stream 1, session 4719
V/AudioPolicyManager(  310): changeRefCount() stream 1, count 1
V/AudioPolicyManager(  310): getDeviceForInputSource()input source 7, device 80000008
V/AudioPolicyManager(  310): getNewOutputDevice() selected device 20
V/AudioPolicyManager(  310): setOutputDevice() output 2 device 0020 delayMs 0
V/AudioPolicyManager(  310): setOutputDevice() prevDevice 0020
V/AudioPolicyManager(  310): getDeviceForInputSource()input source 7, device 80000008
D/AudioPolicyManager(  310): getDeviceForStrategy STRATEGY_MEDIA force bt sco
V/AudioPolicyManager(  310): getDeviceForInputSource()input source 7, device 80000008
V/AudioPolicyManager(  310): getDeviceForInputSource()input source 7, device 80000008
V/AudioPolicyManager(  310): getDeviceForInputSource()input source 7, device 80000008
V/AudioPolicyManager(  310): getDeviceForInputSource()input source 7, device 80000008
V/AudioPolicyManager(  310): setOutputDevice() changing device
V/AudioPolicyManager(  310): DeviceVector::refreshTypes() mDeviceTypes 00000020
V/AudioPolicyManager(  310): DeviceVector::getDevicesFromType() for type 20 found 0x9d21c0c0
D/audio_hw_primary(  310): out_set_parameters: enter: usecase(0: deep-buffer-playback) kvpairs: 00:02:37:00:B9:0A=;routing=32
V/audio_hw_primary(  310): get_voice_usecase_id_from_list: usecase id 12
V/audio_hw_primary(  310): select_devices: ENTER
V/audio_hw_primary(  310): select_devices: usecase(VOICE_CALL)
D/audio_hw_primary(  310): set_wb_network: isWBNetwork = 0
V/msm8974_platform(  310): platform_get_output_snd_device: enter: output devices(0x20)
V/msm8974_platform(  310): get_OUTPUT_snd_device: AUDIO_MODE_IN_CALL
V/msm8974_platform(  310): platform_get_output_snd_device_for_voicecall: enter: output devices(0x20)
V/msm8974_platform(  310): platform_get_output_snd_device: exit: snd_device(dummy)
V/msm8974_platform(  310): platform_get_input_snd_device: enter: out_device(0x20) in_device(0)
V/msm8974_platform(  310): get_INPUT_snd_device: AUDIO_MODE_IN_CALL
V/msm8974_platform(  310): platform_get_input_snd_device_for_voicecall: enter: out_device(0x20) in_device(0)
V/msm8974_platform(  310): platform_get_input_snd_device: exit: in_snd_device(dummy)
D/audio_hw_hfp(  310): audio_extn_hfp_set_parameters: enter
V/audio_hw_primary(  310): out_set_parameters: exit: code(0)
V/AudioPolicyManager(  310): setOutputDevice() createAudioPatch returned 0 patchHandle 4720num_sources 1 num_sinks 1
V/AudioPolicyManager(  310): checkAndSetVolume() cannot set stream 0 volume with force use = 3 for comm
E/Zygote  (19886): MountEmulatedStorage()
E/Zygote  (19886): v2
V/audio_hw_primary(  310): start_output_stream: enter: usecase(0: deep-buffer-playback) devices(0x20)
V/audio_hw_primary(  310): select_devices: ENTER
V/audio_hw_primary(  310): select_devices: usecase(normal)
V/audio_hw_primary(  310): get_voice_usecase_id_from_list: usecase id 12
V/audio_hw_primary(  310): select_devices: usecase(PCM_PLAYBACK)
D/audio_hw_primary(  310): select_devices: out_snd_device(21: dummy)
D/audio_hw_primary(  310): select_devices: in_snd_device(0: dummy)
V/audio_hw_primary(  310): enable_snd_device: snd_device(21: dummy) is already active
D/audio_route(  310): ++++ audio_route_update_mixer ==============
D/audio_route(  310): ------ audio_route_update_mixer ==============
V/audio_hw_primary(  310): enable_audio_route: enter: usecase(0)
V/audio_hw_primary(  310): enable_audio_route: apply mixer path: deep-buffer-playback bt-sco
D/audio_route(  310): ++++ audio_route_update_mixer ==============
D/audio_route(  310): Setting mixer control: AUX_PCM_RX Audio Mixer MultiMedia1
D/audio_route(  310): Setting mixer control: value: 1
D/audio_route(  310): ------ audio_route_update_mixer ==============
V/audio_hw_primary(  310): enable_audio_route: exit
V/audio_hw_primary(  310): start_output_stream: Opening PCM device card_id(0) device_id(0)
V/audio_hw_primary(  310): start_output_stream: exit
I/SELinux (19886): Function: selinux_compare_spd_ram , priority [2] , priority version is VE=SEPF_SM-N9005_5.0-1_0046
V/AudioPolicyManager(  310): releaseOutput() 3807
E/SELinux (19886): [DEBUG] get_category: variable seinfo: platform sensitivity: NULL, cateogry: NULL
I/Process (19581): Sending signal. PID: 19581 SIG: 9
D/StatusBar.NetworkController( 1183): onServiceStateChanged voiceState=0 dataState=0
D/StatusBar.NetworkController( 1183): onServiceStateChanged mDataNetType=15
D/StatusBar.NetworkController( 1183): updateTelephonySignalStrength: hasService=true ss=SignalStrength: 20 99 -120 -160 -120 -1 -1 99 2147483647 2147483647 2147483647 -1 2147483647 0x4 gsm|lte
D/StatusBar.NetworkController( 1183): updateTelephonySignalStrength: iconLevel=4
D/HeadsetPhoneState( 4037): sendDeviceStateChanged. mService=1 mSignal=4 mRoam=0 mBatteryCharge=4
D/StatusBar.NetworkController( 1183): updateTelephonySignalStrength, No signal level. mPhoneSignalIconId = com.android.systemui:drawable/stat_sys_signal_4_auto_rotate mDataSignalIconId = com.android.systemui:drawable/stat_sys_signal_4_auto_rotate mQSPhoneSignalIconId = com.android.systemui:drawable/ic_qs_signal_4 mContentDescriptionPhoneSignal = Full phone signal
D/StatusBar.NetworkController( 1183): getUpdateDataNetType(): 15
D/StatusBar.NetworkController( 1183): updateDataNetType()
D/HeadsetStateMachine( 4037): AudioOn process message: 11
V/ResultListFragment(30403): [PhoneStateListener] STATE_IN_SERVICE, unlock mode
V/ControlFragment(30403): [PhoneStateListener] STATE_IN_SERVICE, unlock mode
E/OpenGLRenderer(  944): SFEffectCache:clear(), mSize = 0
D/ConnectivityManager.CallbackHandler( 1183): CM callback handler got msg 524294
D/PointerIcon(  944): setMouseIconStyle1 pointerType: 1001iconType:101 flag:0
D/PointerIcon(  944): setMouseCustomIcon IconType is same.101
D/PointerIcon(  944): setHoveringSpenIconStyle1 pointerType: 10001iconType:1 flag:0
D/PointerIcon(  944): setHoveringSpenCustomIcon IconType is same.1
E/ViewRootImpl(  944): sendUserActionEvent() mView == null
D/Launcher( 1465): Launcher::setSystemUiTransparency(): getSystemUiVisibility() after setting  = 40000000
D/StatusBar.NetworkController( 1183): Nothing, mRoamingIconId = 0
D/ConnectivityManager.CallbackHandler( 1542): CM callback handler got msg 524294
D/ConnectivityManager.CallbackHandler( 6618): CM callback handler got msg 524294
D/Mms/DownloadManager(26067): Service state changed: Bundle[mParcelledData.dataSize=756]
--------- beginning of system
D/ConnectivityService(  944):  sending notification for NetworkRequest [ id=10, legacyType=-1, [ Capabilities: INTERNET&NOT_RESTRICTED&TRUSTED] ]
D/ConnectivityService(  944): sending notification CAP_CHANGED for NetworkRequest [ id=10, legacyType=-1, [ Capabilities: INTERNET&NOT_RESTRICTED&TRUSTED] ]
D/ConnectivityService(  944):  sending notification for NetworkRequest [ id=11, legacyType=-1, [ Capabilities: INTERNET&NOT_RESTRICTED&TRUSTED] ]
D/ConnectivityService(  944): sending notification CAP_CHANGED for NetworkRequest [ id=11, legacyType=-1, [ Capabilities: INTERNET&NOT_RESTRICTED&TRUSTED] ]
D/ConnectivityService(  944):  sending notification for NetworkRequest [ id=14, legacyType=-1, [ Capabilities: INTERNET&NOT_RESTRICTED&TRUSTED] ]
D/ConnectivityService(  944): sending notification CAP_CHANGED for NetworkRequest [ id=14, legacyType=-1, [ Capabilities: INTERNET&NOT_RESTRICTED&TRUSTED] ]
D/ConnectivityService(  944):  sending notification for NetworkRequest [ id=15, legacyType=-1, [ Capabilities: INTERNET&NOT_RESTRICTED&TRUSTED] ]
D/ConnectivityService(  944): sending notification CAP_CHANGED for NetworkRequest [ id=15, legacyType=-1, [ Capabilities: INTERNET&NOT_RESTRICTED&TRUSTED] ]
D/Mms/DownloadManager(26067): roaming ------> false, mSimSlot = 0
D/InputMethodManagerService(  944): windowGainedFocus mCurrentFocusedUserId - 0 and mSecureKeypadEnabled-false
D/ConnectivityManager.CallbackHandler( 6618): CM callback handler got msg 524294
D/ConnectivityManager.CallbackHandler( 1542): CM callback handler got msg 524294
D/TimaKeyStoreProvider(19886): TimaSignature is unavailable
D/ActivityThread(19886): Added TimaKeyStore provider
E/ConnectivityService(  944): updateNetworkInfo()
D/ConnectivityService(  944): updateLinkProperties: newLp = {InterfaceName: rmnet0 LinkAddresses: [100.69.175.39/32,]  Routes: [0.0.0.0/0 -> 100.69.175.40 rmnet0,] DnsAddresses: [92.42.51.31,8.8.8.8,] Domains: null MTU: 0 TcpBufferSizes: 4094,87380,1220608,4096,16384,1220608}
D/ConnectivityManager.CallbackHandler( 1542): CM callback handler got msg 524294
D/ConnectivityManager.CallbackHandler( 1183): CM callback handler got msg 524295
D/WifiController(  944): SET_AP_BOOSTER_FLAG ignored due to state change
D/HeadsetPhoneState( 4037): sendDeviceDataStateChanged
D/HeadsetStateMachine( 4037): AudioOn process message: 18
D/ConnectivityManager.CallbackHandler( 1542): CM callback handler got msg 524295
D/ConnectivityManager.CallbackHandler( 1542): CM callback handler got msg 524295
D/ConnectivityService(  944):  sending notification for NetworkRequest [ id=18, legacyType=-1, [ Capabilities: INTERNET&NOT_RESTRICTED&TRUSTED&NOT_VPN] ]
D/ConnectivityService(  944): sending notification CAP_CHANGED for NetworkRequest [ id=18, legacyType=-1, [ Capabilities: INTERNET&NOT_RESTRICTED&TRUSTED&NOT_VPN] ]
W/ContextImpl(  944): Calling a method in the system process without a qualified user: android.app.ContextImpl.sendBroadcast:1686 com.android.server.InputMethodManagerService$6.run:2747 java.lang.Thread.run:818 <bottom of call stack> <bottom of call stack> 
D/ConnectivityService(  944):  sending notification for NetworkRequest [ id=184, legacyType=-1, [ Capabilities: INTERNET&NOT_RESTRICTED&TRUSTED] ]
D/ConnectivityService(  944): sending notification CAP_CHANGED for NetworkRequest [ id=184, legacyType=-1, [ Capabilities: INTERNET&NOT_RESTRICTED&TRUSTED] ]
D/ConnectivityService(  944): ignoring duplicate network state non-change. MOBILE, state = CONNECTED
D/ConnectivityService(  944): Update of LinkProperties for NetworkAgentInfo [MOBILE (HSPA+) - 522]; created=true
D/ConnectivityService(  944): identical MTU - not setting
D/ConnectivityService(  944): updateSourceRoutes : add source routing for type : 0
V/Nat464Xlat(  944): requiresClat: netType=0, connected=true, hasIPv4Address=true
D/ConnectivityService(  944): notifyType IP_CHANGED for NetworkAgentInfo [MOBILE (HSPA+) - 522]
D/ConnectivityService(  944): calling update connectivity
D/ConnectivityService(  944):  sending notification for NetworkRequest [ id=1, legacyType=-1, [ Capabilities: INTERNET&NOT_RESTRICTED&TRUSTED&NOT_VPN] ]
D/ConnectivityService(  944):  sending notification for NetworkRequest [ id=2, legacyType=-1, [] ]
D/ConnectivityService(  944): sending notification IP_CHANGED for NetworkRequest [ id=2, legacyType=-1, [] ]
D/ConnectivityService(  944):  sending notification for NetworkRequest [ id=10, legacyType=-1, [ Capabilities: INTERNET&NOT_RESTRICTED&TRUSTED] ]
D/ConnectivityService(  944): sending notification IP_CHANGED for NetworkRequest [ id=10, legacyType=-1, [ Capabilities: INTERNET&NOT_RESTRICTED&TRUSTED] ]
D/ConnectivityService(  944):  sending notification for NetworkRequest [ id=11, legacyType=-1, [ Capabilities: INTERNET&NOT_RESTRICTED&TRUSTED] ]
D/WifiService(  944): onDataConnectionStateChanged: state -2, networkType - HSPA+
D/ConnectivityService(  944): sending notification IP_CHANGED for NetworkRequest [ id=11, legacyType=-1, [ Capabilities: INTERNET&NOT_RESTRICTED&TRUSTED] ]
D/ConnectivityService(  944):  sending notification for NetworkRequest [ id=14, legacyType=-1, [ Capabilities: INTERNET&NOT_RESTRICTED&TRUSTED] ]
D/ConnectivityService(  944): sending notification IP_CHANGED for NetworkRequest [ id=14, legacyType=-1, [ Capabilities: INTERNET&NOT_RESTRICTED&TRUSTED] ]
D/ConnectivityService(  944):  sending notification for NetworkRequest [ id=15, legacyType=-1, [ Capabilities: INTERNET&NOT_RESTRICTED&TRUSTED] ]
D/ConnectivityService(  944): sending notification IP_CHANGED for NetworkRequest [ id=15, legacyType=-1, [ Capabilities: INTERNET&NOT_RESTRICTED&TRUSTED] ]
D/ConnectivityManager.CallbackHandler(15188): CM callback handler got msg 524294
D/ConnectivityManager.CallbackHandler( 6618): CM callback handler got msg 524295
D/ConnectivityManager.CallbackHandler( 1542): CM callback handler got msg 524295
D/ConnectivityManager.CallbackHandler( 6618): CM callback handler got msg 524295
D/ConnectivityManager.CallbackHandler(15188): CM callback handler got msg 524295
D/ConnectivityService(  944): returning getActiveNetworkInfo :[type: MOBILE[HSPA+] - MOBILE, state: CONNECTED/CONNECTED, reason: connected, extra: mtnirancell, roaming: false, failover: false, isAvailable: true, isConnectedToProvisioningNetwork: false]
D/ConnectivityService(  944): returning getActiveNetworkInfo :[type: MOBILE[HSPA+] - MOBILE, state: CONNECTED/CONNECTED, reason: connected, extra: mtnirancell, roaming: false, failover: false, isAvailable: true, isConnectedToProvisioningNetwork: false]
D/ConnectivityService(  944):  sending notification for NetworkRequest [ id=18, legacyType=-1, [ Capabilities: INTERNET&NOT_RESTRICTED&TRUSTED&NOT_VPN] ]
D/ConnectivityService(  944): sending notification IP_CHANGED for NetworkRequest [ id=18, legacyType=-1, [ Capabilities: INTERNET&NOT_RESTRICTED&TRUSTED&NOT_VPN] ]
D/ConnectivityService(  944):  sending notification for NetworkRequest [ id=184, legacyType=-1, [ Capabilities: INTERNET&NOT_RESTRICTED&TRUSTED] ]
D/ConnectivityService(  944): sending notification IP_CHANGED for NetworkRequest [ id=184, legacyType=-1, [ Capabilities: INTERNET&NOT_RESTRICTED&TRUSTED] ]
D/DctController( 1444): [DctController] DataStateReceiver: phoneId= 0
D/DctController( 1444): [DctController] DataStateReceiver: STATE_IN_SERVICE Intent from phoneId=0
D/FileWriteThread_Telephony( 1444): FileWriteThread : threadType = 2
D/Mms/TelephonyUtils(26067): getSubId from simSlot 0, return Value = 1
D/StatusBar.NetworkController( 1183): updateDataIcon, mDataDirectionIconId = com.android.systemui:drawable/stat_sys_data_connected_h_plus mDataConnected = true
D/StatusBar.NetworkController( 1183): refreshViews connected={ data } level=4 combinedSignalIconId=0x7f0204df/com.android.systemui:drawable/stat_sys_signal_4_auto_rotate mobileLabel=Irancell wifiLabel= emergencyOnly=false combinedLabel=Irancell mAirplaneMode=false mDataActivity=2 mPhoneSignalIconId=0x7f0204df/com.android.systemui:drawable/stat_sys_signal_4_auto_rotate mQSPhoneSignalIconId=0x7f020136/com.android.systemui:drawable/ic_qs_signal_4 mDataDirectionIconId=0x7f020349/com.android.systemui:drawable/stat_sys_data_connected_h_plus mDataSignalIconId=0x7f0204df/com.android.systemui:drawable/stat_sys_signal_4_auto_rotate mDataTypeIconId=0x7f020349/com.android.systemui:drawable/stat_sys_data_connected_h_plus mQSDataTypeIconId=0x0/(null) mNoSimIconId=0x0/(null) mWifiIconId=0x0/(null) mQSWifiIconId=0x0/(null) mWifiActivityIconId=0x7f02050d/com.android.systemui:drawable/stat_sys_signal_inout mBluetoothTetherIconId=0x10808f0/android:drawable/stat_sys_tether_bluetooth
D/STATUSBAR-WifiQuickSettingButton( 1183): onWifiSignalChanged enabled=false enabledDesc:null
D/StatusBar.NetworkController( 1183): refreshSignalCluster - setNWBoosterIndicators(false)
D/StatusBar.NetworkController( 1183): applyOpen
I/SNL     ( 7086): Proxy service version is 2.7.9.2
I/SNL     ( 7086): SNL :: p_nc - Call(1)
I/SNL     ( 7086): SNL :: p_nc - version 0.2.7.9.2
D/StatusBar.NetworkController( 1183): refreshSignalCluster - setNWBoosterIndicators(false)
D/StatusBar.NetworkController( 1183): applyOpen
D/StatusBar.NetworkController( 1183): refreshSignalCluster - setNWBoosterIndicators(false)
D/StatusBar.NetworkController( 1183): applyOpen
D/StatusBar.NetworkController( 1183): refreshSignalCluster - setNWBoosterIndicators(false)
D/StatusBar.NetworkController( 1183): applyOpen
D/ConnectivityService(  944): returning getActiveNetworkInfo :[type: MOBILE[HSPA+] - MOBILE, state: CONNECTED/CONNECTED, reason: connected, extra: mtnirancell, roaming: false, failover: false, isAvailable: true, isConnectedToProvisioningNetwork: false]
I/ActivityManager(  944): Process com.awesomeproject (pid 19581)(adj 15) has died(258,652)
D/Mms/DownloadManager(26067): roaming -> false (slotId = 0)
D/Mms/DownloadManager(26067): [NotificationTransaction] getAutoDownloadState simSlot : 0
D/Mms/DownloadManager(26067): auto download without roaming -> true
D/Mms/DownloadManager(26067): [NotificationTransaction] getAutoDownloadState alwaysAuto : false, roaming : false
D/Mms/DownloadManager(26067): mAutoDownload ------> true
I/SNL     ( 7086): SNL :: APM::onNotifyNetChange - Guard Locked
I/SNL     ( 7086): SNL :: APM::onNotifyNetChange - Guard Locked
I/SNL     ( 7086): SNL :: APM::onNotifyNetChange - end
I/SNL     ( 7086): SNL :: p_nc - Res()
D/StatusBar.NetworkController( 1183): onDataConnectionStateChanged: state=2 type=15
D/StatusBar.NetworkController( 1183): getUpdateDataNetType(): 15
D/StatusBar.NetworkController( 1183): updateDataNetType()
D/StatusBar.NetworkController( 1183): Nothing, mRoamingIconId = 0
D/StatusBar.NetworkController( 1183): updateDataIcon, mDataDirectionIconId = com.android.systemui:drawable/stat_sys_data_connected_h_plus mDataConnected = true
D/StatusBar.NetworkController( 1183): refreshViews connected={ data } level=4 combinedSignalIconId=0x7f0204df/com.android.systemui:drawable/stat_sys_signal_4_auto_rotate mobileLabel=Irancell wifiLabel= emergencyOnly=false combinedLabel=Irancell mAirplaneMode=false mDataActivity=2 mPhoneSignalIconId=0x7f0204df/com.android.systemui:drawable/stat_sys_signal_4_auto_rotate mQSPhoneSignalIconId=0x7f020136/com.android.systemui:drawable/ic_qs_signal_4 mDataDirectionIconId=0x7f020349/com.android.systemui:drawable/stat_sys_data_connected_h_plus mDataSignalIconId=0x7f0204df/com.android.systemui:drawable/stat_sys_signal_4_auto_rotate mDataTypeIconId=0x7f020349/com.android.systemui:drawable/stat_sys_data_connected_h_plus mQSDataTypeIconId=0x0/(null) mNoSimIconId=0x0/(null) mWifiIconId=0x0/(null) mQSWifiIconId=0x0/(null) mWifiActivityIconId=0x7f02050d/com.android.systemui:drawable/stat_sys_signal_inout mBluetoothTetherIconId=0x10808f0/android:drawable/stat_sys_tether_bluetooth
D/STATUSBAR-WifiQuickSettingButton( 1183): onWifiSignalChanged enabled=false enabledDesc:null
D/ResourcesManager(19886): creating new AssetManager and set to /system/app/QuickConnect/QuickConnect.apk
W/ResourcesManager(19886): Asset path '/system/framework/com.google.android.maps.jar' does not exist or contains no resources.
W/ResourcesManager(19886): Asset path '/system/framework/allshare.jar' does not exist or contains no resources.
W/ResourcesManager(19886): Asset path '/system/framework/com.broadcom.bt.jar' does not exist or contains no resources.
V/AudioPolicyManager(  310): stopOutput() output 2, stream 1, session 4719
V/AudioPolicyManager(  310): changeRefCount() stream 1, count 0
V/AudioPolicyManager(  310): getDeviceForInputSource()input source 7, device 80000008
V/AudioPolicyManager(  310): getNewOutputDevice() selected device 20
V/AudioPolicyManager(  310): setOutputDevice() output 2 device 0020 delayMs 160
V/AudioPolicyManager(  310): setOutputDevice() prevDevice 0020
V/AudioPolicyManager(  310): getDeviceForInputSource()input source 7, device 80000008
D/AudioPolicyManager(  310): getDeviceForStrategy STRATEGY_MEDIA force bt sco
V/AudioPolicyManager(  310): getDeviceForInputSource()input source 7, device 80000008
V/AudioPolicyManager(  310): getDeviceForInputSource()input source 7, device 80000008
V/AudioPolicyManager(  310): getDeviceForInputSource()input source 7, device 80000008
V/AudioPolicyManager(  310): getDeviceForInputSource()input source 7, device 80000008
V/AudioPolicyManager(  310): setOutputDevice() setting same device 0020 or null device for output 2
D/ActivityManager(  944): startService callerProcessName:com.samsung.android.app.galaxyfinder, calleePkgName: com.samsung.android.app.galaxyfinder
D/ActivityManager(  944): caller:android.app.ApplicationThreadProxy@fdc47fb, r.packageName :com.samsung.android.app.galaxyfinder
D/QuickConnect(19886): PeriphStartReceiver.onReceive - android.intent.action.PACKAGE_REPLACED
D/ActivityManager(  944): startProcessLocked calleePkgName: com.google.android.apps.magazines, hostingType: broadcast
E/ActivityManager(  944): checkUser: useridlist=null, currentuser=0
E/ActivityManager(  944): checkUser: useridlist=null, currentuser=0
E/ActivityManager(  944): checkUser: useridlist=null, currentuser=0
E/ActivityManager(  944): checkUser: useridlist=null, currentuser=0
E/Zygote  (19903): MountEmulatedStorage()
E/Zygote  (19903): v2
I/libpersona(19903): KNOX_SDCARD checking this for 10148
I/libpersona(19903): KNOX_SDCARD not a persona
I/SELinux (19903): Function: selinux_compare_spd_ram , priority [2] , priority version is VE=SEPF_SM-N9005_5.0-1_0046
E/SELinux (19903): [DEBUG] get_category: variable seinfo: untrusted sensitivity: NULL, cateogry: NULL
I/ActivityManager(  944): Start proc com.google.android.apps.magazines for broadcast com.google.android.apps.magazines/com.google.apps.dots.android.app.receiver.FirstInstallNotificationReceiver: pid=19903 uid=10148 gids={50148, 9997, 3003, 1028, 1015} abi=armeabi-v7a
I/SurfaceFlinger(  265): id=2137 Removed bwesomeproj (10/11)
I/SurfaceFlinger(  265): id=2137 Removed bwesomeproj (-2/11)
D/TimaKeyStoreProvider(19903): TimaSignature is unavailable
D/ActivityThread(19903): Added TimaKeyStore provider
D/ResourcesManager(19903): creating new AssetManager and set to /data/app/com.google.android.apps.magazines-2/base.apk
I/MultiDex(19903): VM with version 2.1.0 has multidex support
I/MultiDex(19903): install
I/MultiDex(19903): VM has multidex support, MultiDex support library is disabled.
W/ActivityManager(  944): getRunningAppProcesses: caller 10148 does not hold REAL_GET_TASKS; limiting output
E/SMD     (  304): DCD OFF
W/ContextImpl(19903): Failed to ensure directory: /storage/extSdCard/Android/data/com.google.android.apps.magazines/cache
E/Vold    (  264): Failed to find mounted volume for /storage/extSdCard/Android/data/com.google.android.apps.magazines/cache/
W/Vold    (  264): Returning OperationFailed - no handler for errno 0
W/ContextImpl(19903): Failed to ensure directory: /storage/extSdCard/Android/data/com.google.android.apps.magazines/files
I/GAv4    (19903): Google Analytics 8.2.98 is starting up. To enable debug logging on a device run:
I/GAv4    (19903):   adb shell setprop log.tag.GAv4 DEBUG
I/GAv4    (19903):   adb logcat -s GAv4
E/Vold    (  264): Failed to find mounted volume for /storage/extSdCard/Android/data/com.google.android.apps.magazines/files/
W/Vold    (  264): Returning OperationFailed - no handler for errno 0
W/ContextImpl(19903): Failed to ensure directory: /storage/extSdCard/Android/data/com.google.android.apps.magazines/cache
E/Vold    (  264): Failed to find mounted volume for /storage/extSdCard/Android/data/com.google.android.apps.magazines/cache/
W/Vold    (  264): Returning OperationFailed - no handler for errno 0
W/ContextImpl(19903): Failed to ensure directory: /storage/extSdCard/Android/data/com.google.android.apps.magazines/files
W/GAv4    (19903): AnalyticsReceiver is not registered or is disabled. Register the receiver for reliable dispatching on non-Google Play devices. See http://goo.gl/8Rd3yj for instructions.
E/Vold    (  264): Failed to find mounted volume for /storage/extSdCard/Android/data/com.google.android.apps.magazines/files/
W/Vold    (  264): Returning OperationFailed - no handler for errno 0
W/ActivityManager(  944): getRunningAppProcesses: caller 10148 does not hold REAL_GET_TASKS; limiting output
W/GAv4    (19903): AnalyticsService not registered in the app manifest. Hits might not be delivered reliably. See http://goo.gl/8Rd3yj for instructions.
I/Finsky  (14276): [1] com.google.android.finsky.wear.bf.onPostExecute(2579): Writing installed apps for account [PN4OmZ3aBgrJ-9vLlbJoqRPtkRw]
I/ActivityManager(  944): Killing 7759:com.sec.android.widgetapp.digitalclock/u0a168 (adj 15): emptyCount ##41
D/ConnectivityService(  944): returning getActiveNetworkInfo :[type: MOBILE[HSPA+] - MOBILE, state: CONNECTED/CONNECTED, reason: connected, extra: mtnirancell, roaming: false, failover: false, isAvailable: true, isConnectedToProvisioningNetwork: false]
D/ActivityManager(  944): getContentProviderImpl callerProcessName:com.google.android.apps.magazines, calleePkgName: com.google.android.gsf
E/ActivityManager(  944): checkUser: useridlist=null, currentuser=0
E/ActivityManager(  944): checkUser: useridlist=null, currentuser=0
E/ActivityManager(  944): checkUser: useridlist=null, currentuser=0
E/ActivityManager(  944): checkUser: useridlist=null, currentuser=0
E/Zygote  (19928): MountEmulatedStorage()
E/Zygote  (19928): v2
I/libpersona(19928): KNOX_SDCARD checking this for 10023
I/libpersona(19928): KNOX_SDCARD not a persona
I/ActivityManager(  944): Start proc com.google.process.gapps for content provider com.google.android.gsf/.gservices.GservicesProvider: pid=19928 uid=10023 gids={50023, 9997, 2001, 3003, 1007, 3006, 3007, 1028, 1015, 3002, 3001} abi=armeabi-v7a
I/SELinux (19928): Function: selinux_compare_spd_ram , priority [2] , priority version is VE=SEPF_SM-N9005_5.0-1_0046
E/SELinux (19928): [DEBUG] get_category: variable seinfo: untrusted sensitivity: NULL, cateogry: NULL
D/TimaKeyStoreProvider(19928): TimaSignature is unavailable
D/ActivityThread(19928): Added TimaKeyStore provider
D/ResourcesManager(19928): creating new AssetManager and set to /system/priv-app/GoogleServicesFramework/GoogleServicesFramework.apk
I/GservicesProvider(19928): Gservices pushing to system: true; secure/global: true
I/Icing   ( 1542): Indexing 2009580B4023AC918D0D150276F5649274AA24CB from com.google.android.gms
I/GoogleHttpClient(19928): GMS http client unavailable, use old client
D/ResourcesManager( 1542): creating new AssetManager and set to /data/app/com.awesomeproject-1/base.apk
D/ResourcesManager(19928): creating new AssetManager and set to /system/app/GoogleContactsSyncAdapter/GoogleContactsSyncAdapter.apk
I/Icing   ( 1542): Indexing done 2009580B4023AC918D0D150276F5649274AA24CB
I/Icing   ( 1542): Indexing 76D128D45507CC8A5C2F03CA887F20BC9A1CA4FA from com.google.android.googlequicksearchbox
D/TaskPersister(  944): removeObsoleteFile: deleting file=8300_task.xml
D/TaskPersister(  944): removeObsoleteFile: deleting file=8304_task.xml
D/TaskPersister(  944): removeObsoleteFile: deleting file=8300_task_thumbnail.png
D/TaskPersister(  944): removeObsoleteFile: deleting file=8199_task_thumbnail.png
I/GoogleHttpClient(19928): GMS http client unavailable, use old client
I/Icing   ( 1542): Indexing done 76D128D45507CC8A5C2F03CA887F20BC9A1CA4FA
D/StatusBar.NetworkController( 1183): onDataActivity: direction=3
D/StatusBar.NetworkController( 1183): updateDataIcon, mDataDirectionIconId = com.android.systemui:drawable/stat_sys_data_connected_h_plus mDataConnected = true
D/StatusBar.NetworkController( 1183): refreshViews connected={ data } level=4 combinedSignalIconId=0x7f0204df/com.android.systemui:drawable/stat_sys_signal_4_auto_rotate mobileLabel=Irancell wifiLabel= emergencyOnly=false combinedLabel=Irancell mAirplaneMode=false mDataActivity=3 mPhoneSignalIconId=0x7f0204df/com.android.systemui:drawable/stat_sys_signal_4_auto_rotate mQSPhoneSignalIconId=0x7f020136/com.android.systemui:drawable/ic_qs_signal_4 mDataDirectionIconId=0x7f020349/com.android.systemui:drawable/stat_sys_data_connected_h_plus mDataSignalIconId=0x7f0204df/com.android.systemui:drawable/stat_sys_signal_4_auto_rotate mDataTypeIconId=0x7f020349/com.android.systemui:drawable/stat_sys_data_connected_h_plus mQSDataTypeIconId=0x0/(null) mNoSimIconId=0x0/(null) mWifiIconId=0x0/(null) mQSWifiIconId=0x0/(null) mWifiActivityIconId=0x7f02050d/com.android.systemui:drawable/stat_sys_signal_inout mBluetoothTetherIconId=0x10808f0/android:drawable/stat_sys_tether_bluetooth
D/STATUSBAR-WifiQuickSettingButton( 1183): onWifiSignalChanged enabled=false enabledDesc:null
D/StatusBar.NetworkController( 1183): refreshSignalCluster - setNWBoosterIndicators(false)
D/StatusBar.NetworkController( 1183): applyOpen
D/StatusBar.NetworkController( 1183): refreshSignalCluster - setNWBoosterIndicators(false)
D/StatusBar.NetworkController( 1183): applyOpen
D/StatusBar.NetworkController( 1183): refreshSignalCluster - setNWBoosterIndicators(false)
D/StatusBar.NetworkController( 1183): applyOpen
D/StatusBar.NetworkController( 1183): refreshSignalCluster - setNWBoosterIndicators(false)
D/StatusBar.NetworkController( 1183): applyOpen
I/NSApplication(19903): Starting up...
W/ActivityManager(  944): getRunningAppProcesses: caller 10148 does not hold REAL_GET_TASKS; limiting output
W/ActivityManager(  944): getRunningAppProcesses: caller 10148 does not hold REAL_GET_TASKS; limiting output
D/ConnectivityService(  944): returning getActiveNetworkInfo :[type: MOBILE[HSPA+] - MOBILE, state: CONNECTED/CONNECTED, reason: connected, extra: mtnirancell, roaming: false, failover: false, isAvailable: true, isConnectedToProvisioningNetwork: false]
I/ActivityManager(  944): Killing 7734:com.sec.android.widgetapp.activeapplicationwidget/u0a96 (adj 15): emptyCount ##41
I/ActivityManager(  944): Killing 4349:co.patient.superdoc/u0a309 (adj 15): emptyCount ##42
D/ConnectivityService(  944): returning getActiveNetworkInfo :[type: MOBILE[HSPA+] - MOBILE, state: CONNECTED/CONNECTED, reason: connected, extra: mtnirancell, roaming: false, failover: false, isAvailable: true, isConnectedToProvisioningNetwork: false]
D/ActivityManager(  944): startService callerProcessName:com.google.android.gms, calleePkgName: com.google.android.gms
D/ActivityManager(  944): caller:android.app.ApplicationThreadProxy@33fe118c, r.packageName :com.google.android.gms
W/MagazinesUserContentService(19903): Magazines are not enabled for this country, so no offers or magazines
D/ActivityManager(  944): startService callerProcessName:com.google.android.gms, calleePkgName: com.google.android.gms
D/ActivityManager(  944): caller:android.app.ApplicationThreadProxy@2484c1b6, r.packageName :com.google.android.gms
D/ActivityManager(  944): startService callerProcessName:com.google.android.gms, calleePkgName: com.google.android.gms
D/ActivityManager(  944): caller:android.app.ApplicationThreadProxy@2c030624, r.packageName :com.google.android.gms
D/SecContentProvider2(  944): uri = 14 selection = getSealedState
D/SecContentProvider2(  944): mCursor = null
D/ActivityManager(  944): startService callerProcessName:com.google.android.gms, calleePkgName: com.google.android.gms
D/ActivityManager(  944): caller:android.app.ApplicationThreadProxy@3d3def53, r.packageName :com.google.android.gms
D/ActivityManager(  944): startService callerProcessName:com.google.android.gms, calleePkgName: com.google.android.gms
D/ActivityManager(  944): caller:android.app.ApplicationThreadProxy@cc12d89, r.packageName :com.google.android.gms
D/ActivityManager(  944): startService callerProcessName:com.google.android.gms, calleePkgName: com.google.android.gms
D/ActivityManager(  944): caller:android.app.ApplicationThreadProxy@b16518e, r.packageName :com.google.android.gms
D/ActivityManager(  944): caller:android.app.ApplicationThreadProxy@272e2daf, r.packageName :com.google.android.gms
D/SecContentProvider(  944): uri = 15 selection = isClipboardAllowedAsUser
D/SecContentProvider(  944): uri = 15 selection = isClipboardShareAllowedAsUser
W/GCoreFlp( 1995): No location to return for getLastLocation()
D/ApplicationPolicy(  944): isStatusBarNotificationAllowedAsUser: packageName = com.dv.adm,userId = 0
V/ApplicationPolicy(  944): isApplicationStateBlocked userId 0 pkgname com.dv.adm
W/MagazinesUserContentService(19903): Magazines are not enabled for this country, so no offers or magazines
W/ActivityManager(  944): getTasks: caller 10230 does not hold REAL_GET_TASKS; limiting output
W/ActivityManager(  944): getTasks: caller 10230 does not hold REAL_GET_TASKS; limiting output
D/ActivityManager(  944): startService callerProcessName:com.google.android.gms, calleePkgName: com.google.android.gms
D/ActivityManager(  944): caller:android.app.ApplicationThreadProxy@34061945, r.packageName :com.google.android.gms
E/NetworkScheduler.SR( 1995): Invalid parameter app
E/NetworkScheduler.SR( 1995): Invalid package name : Perhaps you didn't include a PendingIntent in the extras?
D/StatusBar( 1183): ----- contentsUnchanged : true, bigContentsUnchanged - true, headsUpContentsUnchanged - true , publicUnchanged true
D/ZenLog  (  944): disable_effects: 0|com.dv.adm|1|null|10230,booleanState
D/ActivityManager(  944): caller:android.app.ApplicationThreadProxy@12a9f89a, r.packageName :com.google.android.gms
D/ConnectivityService(  944): returning getActiveNetworkInfo :[type: MOBILE[HSPA+] - MOBILE, state: CONNECTED/CONNECTED, reason: connected, extra: mtnirancell, roaming: false, failover: false, isAvailable: true, isConnectedToProvisioningNetwork: false]
D/PersonaManager( 1183): isKioskContainerExistOnDevice
D/PersonaManager( 1183): isKioskContainerExistOnDevice
D/ActivityManager(  944): startProcessLocked calleePkgName: com.instagram.android, hostingType: broadcast
E/ActivityManager(  944): checkUser: useridlist=null, currentuser=0
E/ActivityManager(  944): checkUser: useridlist=null, currentuser=0
