--------- beginning of main
V/MediaPlayerService(  310): [286] setVolume(1.000000, 1.000000)
V/AudioSink(  310): setVolume(1.000000, 1.000000)
V/MediaPlayerService(  310): [286] setAuxEffectSendLevel(0.000000)
V/AudioSink(  310): setAuxEffectSendLevel(0.000000)
V/MediaPlayerService(  310): [286] start
V/StagefrightPlayer(  310): setLooping
V/AwesomePlayer(  310): setLooping (0)
E/MediaPlayerService(  310): WFD client is not created 
V/StagefrightPlayer(  310): start
V/AwesomePlayer(  310): play
V/AwesomePlayer(  310): AwesomePlayer::play_l():: This is not a DRM content
V/AwesomePlayer(  310): startAudioPlayer_l, sendErrorNotification (0)
D/AudioPlayer(  310): start of Playback, useOffload 0
I/OMXCodec(  310): [OMX.google.vorbis.decoder] 0onCmdComplete  mState =  7
I/OMXCodec(  310): [OMX.google.vorbis.decoder] PORT_DISABLED(1)
I/OMXCodec(  310): >>>UHQA initOutputFormat 16
I/OMXCodec(  310): [OMX.google.vorbis.decoder] allocating 4 buffers of size 32768 on output port
I/AudioPlayer(  310): Audio channels(1)
I/AudioPlayer(  310): Audioplayer kKeyAudioPCMFormat:0, 1, 0
I/AudioPlayer(  310): Audioplayer kKeyAudioPCMFormat read fail(1, 1)
V/AudioSink(  310): open(44100, 1, 0x0, 0x1, 0, 4 0x126d)
V/AudioPolicyManager(  310): getDeviceForInputSource()input source 7, device 80000008
V/AudioPolicyManager(  310): getOutput() device 32, stream 0, samplingRate 0, format 0, channelMask 0, flags 3
V/AudioPolicyManager(  310): getOutputsForDevice device 0020 -> 0020
V/AudioPolicyManager(  310): getOutput() returns output 2
V/AudioPolicyManager(  310): getDeviceForInputSource()input source 7, device 80000008
V/AudioPolicyManager(  310): getOutput() device 32, stream 0, samplingRate 0, format 0, channelMask 0, flags 3
V/AudioPolicyManager(  310): getOutputsForDevice device 0020 -> 0020
V/AudioPolicyManager(  310): getOutput() returns output 2
V/AudioSink(  310): no track available to recycle
V/AudioSink(  310): creating new AudioTrack
V/AudioPolicyManager(  310): getOutputForAttr() usage=2, content=1, tag= flags=00000000
V/AudioPolicyManager(  310): getDeviceForInputSource()input source 7, device 80000008
V/AudioPolicyManager(  310): getOutputForAttr() device 32, samplingRate 44100, format 1, channelMask 1, flags 40000
V/AudioPolicyManager(  310): getOutputsForDevice device 0020 -> 0020
V/AudioPolicyManager(  310): getOutput() returns output 2
V/AudioSink(  310): deleteRecycledTrack
V/AudioSink(  310): setVolume
V/AudioPolicyManager(  310): getOutputForAttr() usage=2, content=1, tag= flags=00000000
V/AudioPolicyManager(  310): getDeviceForInputSource()input source 7, device 80000008
V/AudioPolicyManager(  310): getOutputForAttr() device 32, samplingRate 0, format 0, channelMask 3, flags 0
V/AudioPolicyManager(  310): getOutputsForDevice device 0020 -> 0020
V/AudioPolicyManager(  310): getOutput() returns output 2
V/AudioSink(  310): open() DONE status 0
V/AudioSink(  310): start
V/AudioPolicyManager(  310): startOutput() output 2, stream 0, session 4717
V/AudioPolicyManager(  310): changeRefCount() stream 0, count 1
V/AudioPolicyManager(  310): getDeviceForInputSource()input source 7, device 80000008
V/AudioPolicyManager(  310): getNewOutputDevice() selected device 20
V/AudioPolicyManager(  310): startOutput() VOIP CALL ON
D/audio_hw_primary(  310): adev_set_parameters: enter: voip=on
V/voice   (  310): voice_set_parameters: enter: voip=on
V/voice   (  310): voice_set_parameters: exit with code(-2)
V/msm8974_platform(  310): platform_set_parameters: enter: voip=on
V/msm8974_platform(  310): platform_set_parameters: exit with code(-2)
D/audio_hw_hfp(  310): audio_extn_hfp_set_parameters: enter
V/audio_hw_primary(  310): adev_set_parameters: exit
I/audio_a2dp_hw(  310): adev_set_parameters: state 5
I/audio_a2dp_hw(  310): out_set_parameters: state 5
I/str_params(  310): key: 'voip' value: 'on'
I/audio_a2dp_hw(  310): out_set_parameters: ignore invalid parameter
V/AudioPolicyManager(  310): setOutputDevice() output 2 device 0020 delayMs 0
V/AudioPolicyManager(  310): setOutputDevice() prevDevice 0020
V/AudioPolicyManager(  310): getDeviceForInputSource()input source 7, device 80000008
D/AudioPolicyManager(  310): getDeviceForStrategy STRATEGY_MEDIA force bt sco
V/AudioPolicyManager(  310): getDeviceForInputSource()input source 7, device 80000008
V/AudioPolicyManager(  310): getDeviceForInputSource()input source 7, device 80000008
V/AudioPolicyManager(  310): getDeviceForInputSource()input source 7, device 80000008
V/AudioPolicyManager(  310): getDeviceForInputSource()input source 7, device 80000008
V/AudioPolicyManager(  310): setOutputDevice() changing device
V/AudioPolicyManager(  310): DeviceVector::refreshTypes() mDeviceTypes 00000020
V/AudioPolicyManager(  310): DeviceVector::getDevicesFromType() for type 20 found 0x9d21c0c0
D/audio_hw_primary(  310): out_set_parameters: enter: usecase(0: deep-buffer-playback) kvpairs: 00:02:37:00:B9:0A=;routing=32
V/audio_hw_primary(  310): get_voice_usecase_id_from_list: usecase id 12
V/audio_hw_primary(  310): select_devices: ENTER
V/audio_hw_primary(  310): select_devices: usecase(VOICE_CALL)
D/audio_hw_primary(  310): set_wb_network: isWBNetwork = 0
V/msm8974_platform(  310): platform_get_output_snd_device: enter: output devices(0x20)
V/msm8974_platform(  310): get_OUTPUT_snd_device: AUDIO_MODE_IN_CALL
V/msm8974_platform(  310): platform_get_output_snd_device_for_voicecall: enter: output devices(0x20)
V/msm8974_platform(  310): platform_get_output_snd_device: exit: snd_device(dummy)
V/msm8974_platform(  310): platform_get_input_snd_device: enter: out_device(0x20) in_device(0)
V/msm8974_platform(  310): get_INPUT_snd_device: AUDIO_MODE_IN_CALL
V/msm8974_platform(  310): platform_get_input_snd_device_for_voicecall: enter: out_device(0x20) in_device(0)
V/msm8974_platform(  310): platform_get_input_snd_device: exit: in_snd_device(dummy)
D/audio_hw_hfp(  310): audio_extn_hfp_set_parameters: enter
V/audio_hw_primary(  310): out_set_parameters: exit: code(0)
V/AudioPolicyManager(  310): setOutputDevice() createAudioPatch returned 0 patchHandle 4718num_sources 1 num_sinks 1
V/AudioPolicyManager(  310): checkAndSetVolume() cannot set stream 0 volume with force use = 3 for comm
V/AudioPolicyManager(  310): Voice/Video Call start. set force VoiceVolume
V/AudioPolicyManager(  310): checkAndSetVolume() cannot set stream 0 volume with force use = 3 for comm
V/AwesomePlayer(  310): notifyListner_l() msg (6-MEDIA_STARTED), ext1 (0), ext2 (0)
V/MediaPlayerService(  310): [286] notify (0xaf6ec940, 6, 0, 0)
V/AwesomePlayer(  310): addBatteryData
I/AudioPlayer(  310): First fillBuffer call!!
V/MediaPlayer( 1444): message received msg=6, ext1=0, ext2=0
V/Telephony( 1444): GsmConnection: MSG_PRECISE_CALL_STATE_CHANGED
V/Telephony( 1444): GsmConnection: Update state from DIALING to ALERTING for com.android.services.telephony.GsmConnection@f198199
V/Telephony( 1444): GsmConnection: isVideoCall: false - Ringbacktone Played: false
V/Telephony( 1444): GsmConnection: getCallId : ConnectionService@126
V/MediaPlayer( 1444): Received MEDIA_STARTED
V/MediaPlayer( 1444): callback application
V/MediaPlayer( 1444): back from callback
D/Telephony( 1444): TelephonyConnectionUtils: checkAndUpdate isUpdated : false
D/SecPhoneCapabilities( 1444): getGsmPhoneCapabilities:
D/SecPhoneCapabilities( 1444): PhoneCapabilities{MERGE_CONFERENCE=false, SWAP_CONFERENCE=false, CALL_TRANSFER=false, HOLD=true, CONTROL_WAITINGCALL=true, MANAGE_CONFERENCE=false}
D/Telephony( 1444): TelephonyConnectionUtils: isAvailableAddUser - false
D/SecPhoneCapabilities( 1444): getGsmPhoneCapabilities:
D/SoundAliveResampler(  310): [SoundAliveResampler] Init+++
V/audio_hw_primary(  310): start_output_stream: enter: usecase(0: deep-buffer-playback) devices(0x20)
V/audio_hw_primary(  310): select_devices: ENTER
V/audio_hw_primary(  310): select_devices: usecase(normal)
V/audio_hw_primary(  310): get_voice_usecase_id_from_list: usecase id 12
V/audio_hw_primary(  310): select_devices: usecase(PCM_PLAYBACK)
D/audio_hw_primary(  310): select_devices: out_snd_device(21: dummy)
D/audio_hw_primary(  310): select_devices: in_snd_device(0: dummy)
V/audio_hw_primary(  310): enable_snd_device: snd_device(21: dummy) is already active
D/audio_route(  310): ++++ audio_route_update_mixer ==============
D/audio_route(  310): ------ audio_route_update_mixer ==============
V/audio_hw_primary(  310): enable_audio_route: enter: usecase(0)
V/audio_hw_primary(  310): enable_audio_route: apply mixer path: deep-buffer-playback bt-sco
D/audio_route(  310): ++++ audio_route_update_mixer ==============
D/audio_route(  310): Setting mixer control: AUX_PCM_RX Audio Mixer MultiMedia1
D/audio_route(  310): Setting mixer control: value: 1
D/audio_route(  310): ------ audio_route_update_mixer ==============
V/audio_hw_primary(  310): enable_audio_route: exit
V/audio_hw_primary(  310): start_output_stream: Opening PCM device card_id(0) device_id(0)
V/audio_hw_primary(  310): start_output_stream: exit
D/SecPhoneCapabilities( 1444): PhoneCapabilities{MERGE_CONFERENCE=false, SWAP_CONFERENCE=false, CALL_TRANSFER=false, HOLD=true, CONTROL_WAITINGCALL=true, MANAGE_CONFERENCE=false}
D/Telephony( 1444): TelephonyConnectionUtils: isAvailableAddUser - false
I/MediaPlayer( 1444): Don't send intent. msg.arg1 = 0, msg.arg2 = 0
E/MediaPlayer( 1444): Should have subtitle controller already set
V/MediaPlayer-JNI( 1444): getCurrentPosition: 83 (msec)
V/MediaPlayer-JNI( 1444): isPlaying: 1
I/art     (  944): DexFile_isDexOptNeeded failed to open oat file '/data/dalvik-cache/arm/data@app@com.awesomeproject-1@base.apk@classes.dex' for file location '/data/app/com.awesomeproject-1/base.apk': Failed to open oat filename for reading: No such file or directory
I/art     (  944): DexFile_isDexOptNeeded failed to open oat file '/data/app/com.awesomeproject-1/arm/base.odex' for file location '/data/app/com.awesomeproject-1/base.apk': Failed to open oat filename for reading: No such file or directory
E/AudioSink(  310): received unknown event type: 1 inside CallbackWrapper !
E/AudioSink(  310): received unknown event type: 1 inside CallbackWrapper !
I/dex2oat (19340): ----------------------------------------------------
I/dex2oat (19340): <SS>: S T A R T I N G . . .
I/dex2oat (19340): <SS>: going to process manifest...
I/        (19340): SS_ART_lib [I]: Parsing Manifest for SS stuff
I/dex2oat (19340): /system/bin/dex2oat --zip-fd=11 --zip-location=/data/app/com.awesomeproject-1/base.apk --oat-fd=12 --oat-location=/data/dalvik-cache/arm/data@app@com.awesomeproject-1@base.apk@classes.dex --instruction-set=arm --instruction-set-features=div --runtime-arg -Xms64m --runtime-arg -Xmx512m
I/OMXCodec(  310): [OMX.google.vorbis.decoder] End Of Stream
D/StatusBar.NetworkController( 1183): onDataActivity: direction=0
D/StatusBar.NetworkController( 1183): updateDataIcon, mDataDirectionIconId = com.android.systemui:drawable/stat_sys_data_connected_h_plus mDataConnected = true
D/StatusBar.NetworkController( 1183): refreshViews connected={ data } level=4 combinedSignalIconId=0x7f0204df/com.android.systemui:drawable/stat_sys_signal_4_auto_rotate mobileLabel=Irancell wifiLabel= emergencyOnly=false combinedLabel=Irancell mAirplaneMode=false mDataActivity=0 mPhoneSignalIconId=0x7f0204df/com.android.systemui:drawable/stat_sys_signal_4_auto_rotate mQSPhoneSignalIconId=0x7f020136/com.android.systemui:drawable/ic_qs_signal_4 mDataDirectionIconId=0x7f020349/com.android.systemui:drawable/stat_sys_data_connected_h_plus mDataSignalIconId=0x7f0204df/com.android.systemui:drawable/stat_sys_signal_4_auto_rotate mDataTypeIconId=0x7f020349/com.android.systemui:drawable/stat_sys_data_connected_h_plus mQSDataTypeIconId=0x0/(null) mNoSimIconId=0x0/(null) mWifiIconId=0x0/(null) mQSWifiIconId=0x0/(null) mWifiActivityIconId=0x7f02050d/com.android.systemui:drawable/stat_sys_signal_inout mBluetoothTetherIconId=0x10808f0/android:drawable/stat_sys_tether_bluetooth
D/STATUSBAR-WifiQuickSettingButton( 1183): onWifiSignalChanged enabled=false enabledDesc:null
D/StatusBar.NetworkController( 1183): refreshSignalCluster - setNWBoosterIndicators(false)
D/StatusBar.NetworkController( 1183): applyOpen
D/StatusBar.NetworkController( 1183): refreshSignalCluster - setNWBoosterIndicators(false)
D/StatusBar.NetworkController( 1183): applyOpen
D/StatusBar.NetworkController( 1183): refreshSignalCluster - setNWBoosterIndicators(false)
D/StatusBar.NetworkController( 1183): applyOpen
D/StatusBar.NetworkController( 1183): refreshSignalCluster - setNWBoosterIndicators(false)
D/StatusBar.NetworkController( 1183): applyOpen
D/SecContentProvider(  944): uri = 15 selection = isClipboardAllowedAsUser
D/SecContentProvider(  944): uri = 15 selection = isClipboardShareAllowedAsUser
D/SecContentProvider2(  944): uri = 14 selection = getSealedState
D/SecContentProvider2(  944): mCursor = null
D/ApplicationPolicy(  944): isStatusBarNotificationAllowedAsUser: packageName = com.dv.adm,userId = 0
V/ApplicationPolicy(  944): isApplicationStateBlocked userId 0 pkgname com.dv.adm
D/StatusBar( 1183): ----- contentsUnchanged : true, bigContentsUnchanged - true, headsUpContentsUnchanged - true , publicUnchanged true
D/PersonaManager( 1183): isKioskContainerExistOnDevice
D/PersonaManager( 1183): isKioskContainerExistOnDevice
D/PanelView( 1183): There is/are notification(s) 
D/PanelView( 1183): There is/are notification(s) 
I/AudioPlayer(  310): getNumFramesPendingPlayout() mNumFramesPlayed (21168), numFramesPlayedOut (18148)
V/AwesomePlayer(  310): postAudioEOS delayUs (233605)
V/AwesomePlayer(  310): onCheckAudioStatus
V/AwesomePlayer(  310): onCheckAudioStatus() set AUDIO_AT_EOS flag
V/AwesomePlayer(  310): onStreamDone
V/AwesomePlayer(  310): MEDIA_PLAYBACK_COMPLETE
V/AwesomePlayer(  310): notifyListner_l() msg (2-MEDIA_PLAYBACK_COMPLETE), ext1 (0), ext2 (0)
V/MediaPlayerService(  310): [286] notify (0xaf6ec940, 2, 0, 0)
V/AwesomePlayer(  310): notifyListner_l() msg (7-MEDIA_PAUSED), ext1 (0), ext2 (0)
V/MediaPlayerService(  310): [286] notify (0xaf6ec940, 7, 0, 0)
V/AwesomePlayer(  310): cancelPlayerEvents (keepNotifications=1)
V/AudioSink(  310): stop
V/AwesomePlayer(  310): addBatteryData
V/MediaPlayer( 1444): message received msg=2, ext1=0, ext2=0
V/MediaPlayer( 1444): playback complete
V/MediaPlayer( 1444): callback application
V/MediaPlayer( 1444): back from callback
V/MediaPlayer( 1444): message received msg=7, ext1=0, ext2=0
V/MediaPlayer-JNI( 1444): isPlaying: 0
V/MediaPlayer-JNI( 1444): release
V/MediaPlayer( 1444): setListener
V/MediaPlayer( 1444): disconnect
V/MediaPlayerService(  310): disconnect(286) from pid 1444
V/StagefrightPlayer(  310): reset
V/AwesomePlayer(  310): reset_l()
V/AwesomePlayer(  310): notifyListner_l() msg (8-MEDIA_STOPPED), ext1 (0), ext2 (0)
V/AwesomePlayer(  310): cancelPlayerEvents (keepNotifications=0)
V/AwesomePlayer(  310): mAudioTrackVector clear
D/AudioPlayer(  310): reset: mPlaying=0 mReachedEOS=1 useOffload=0
V/AudioSink(  310): stop
V/AudioSink(  310): flush
V/AudioSink(  310): +++ close
V/AudioSink(  310): --- close
I/OMXCodec(  310): [OMX.google.vorbis.decoder] stop mState=4
I/OMXCodec(  310): [OMX.google.vorbis.decoder] stop() sendCommand(0x517, OMX_CommandStateSet, OMX_StateIdle)
I/OMXCodec(  310): [OMX.google.vorbis.decoder] Now Idle. Component sends idle done Event 
V/MediaPlayer( 1444): notify(7, 0, 0) callback on disconnected mediaplayer
I/OMXCodec(  310): [OMX.google.vorbis.decoder] stopOmxComponent_l() mstate = 1
I/OggExtractor(  310): OggSource::stop() mExtractor ref count = 1
I/OggExtractor(  310): OggSource::~OggSource() mExtractor !mStarted ref count = 1
I/OggExtractor(  310): ~OggSource --
I/OggExtractor(  310): ~OggExtractor ++
I/OggExtractor(  310): ~MyVorbisExtractor ++ 
I/OggExtractor(  310): ~MyVorbisExtractor --
I/OggExtractor(  310): ~OggExtractor --
I/AudioPlayer(  310): reset out
V/AwesomePlayer(  310): reset_l() mAudioPlayer successfully deleted
I/SecVideoCapture(  310): SecVideoCapture destructor
I/SecVideoCapture(  310): reset
V/AwesomePlayer(  310): mSecCapture clear
I/SecMediaClock(  310): SecMediaClock destructor
V/AwesomePlayer(  310): mSecMediaClock clear
V/StagefrightPlayer(  310): ~StagefrightPlayer
V/StagefrightPlayer(  310): reset
V/AwesomePlayer(  310): reset_l()
V/AwesomePlayer(  310): notifyListner_l() msg (8-MEDIA_STOPPED), ext1 (0), ext2 (0)
V/AwesomePlayer(  310): cancelPlayerEvents (keepNotifications=0)
V/AwesomePlayer(  310): mAudioTrackVector clear
V/AwesomePlayer(  310): reset_l() mAudioPlayer successfully deleted
V/AwesomePlayer(  310): mSecCapture clear
V/AwesomePlayer(  310): mSecMediaClock clear
V/AwesomePlayer(  310): destructor
V/AwesomePlayer(  310): reset_l()
V/AwesomePlayer(  310): notifyListner_l() msg (8-MEDIA_STOPPED), ext1 (0), ext2 (0)
V/AwesomePlayer(  310): cancelPlayerEvents (keepNotifications=0)
V/AwesomePlayer(  310): mAudioTrackVector clear
V/AwesomePlayer(  310): reset_l() mAudioPlayer successfully deleted
V/AwesomePlayer(  310): mSecCapture clear
V/AwesomePlayer(  310): mSecMediaClock clear
V/MediaPlayer( 1444): destructor
V/MediaPlayer( 1444): disconnect
V/MediaPlayerService(  310): Client(286) destructor pid = 1444
V/AudioSink(  310): +++ close
V/AudioSink(  310): --- close
V/MediaPlayerService(  310): disconnect(286) from pid 1444
V/AudioPolicyManager(  310): stopOutput() output 2, stream 0, session 4717
V/AudioPolicyManager(  310): changeRefCount() stream 0, count 0
V/AudioPolicyManager(  310): stopOutput() VOIP CALL OFF
D/audio_hw_primary(  310): adev_set_parameters: enter: voip=off
V/voice   (  310): voice_set_parameters: enter: voip=off
V/voice   (  310): voice_set_parameters: exit with code(-2)
V/msm8974_platform(  310): platform_set_parameters: enter: voip=off
V/msm8974_platform(  310): platform_set_parameters: exit with code(-2)
D/audio_hw_hfp(  310): audio_extn_hfp_set_parameters: enter
V/audio_hw_primary(  310): adev_set_parameters: exit
I/audio_a2dp_hw(  310): adev_set_parameters: state 5
I/audio_a2dp_hw(  310): out_set_parameters: state 5
I/str_params(  310): key: 'voip' value: 'off'
I/audio_a2dp_hw(  310): out_set_parameters: ignore invalid parameter
V/AudioPolicyManager(  310): getDeviceForInputSource()input source 7, device 80000008
V/AudioPolicyManager(  310): getNewOutputDevice() selected device 20
V/AudioPolicyManager(  310): setOutputDevice() output 2 device 0020 delayMs 160
V/AudioPolicyManager(  310): setOutputDevice() prevDevice 0020
V/AudioPolicyManager(  310): getDeviceForInputSource()input source 7, device 80000008
D/AudioPolicyManager(  310): getDeviceForStrategy STRATEGY_MEDIA force bt sco
V/AudioPolicyManager(  310): getDeviceForInputSource()input source 7, device 80000008
V/AudioPolicyManager(  310): getDeviceForInputSource()input source 7, device 80000008
V/AudioPolicyManager(  310): getDeviceForInputSource()input source 7, device 80000008
V/AudioPolicyManager(  310): getDeviceForInputSource()input source 7, device 80000008
V/AudioPolicyManager(  310): setOutputDevice() setting same device 0020 or null device for output 2
V/AudioPolicyManager(  310): releaseOutput() 2
W/dex2oat (19340): Before Android 4.1, method int android.support.v7.internal.widget.ListViewCompat.lookForSelectablePosition(int, boolean) would have incorrectly overridden the package-private method in android.widget.ListView
E/SMD     (  304): DCD OFF
D/SecContentProvider2(  944): uri = 14 selection = getSealedState
D/SecContentProvider2(  944): mCursor = null
D/SecContentProvider(  944): uri = 15 selection = isClipboardAllowedAsUser
D/SecContentProvider(  944): uri = 15 selection = isClipboardShareAllowedAsUser
D/ApplicationPolicy(  944): isStatusBarNotificationAllowedAsUser: packageName = com.dv.adm,userId = 0
V/ApplicationPolicy(  944): isApplicationStateBlocked userId 0 pkgname com.dv.adm
D/StatusBar( 1183): ----- contentsUnchanged : true, bigContentsUnchanged - true, headsUpContentsUnchanged - true , publicUnchanged true
D/PersonaManager( 1183): isKioskContainerExistOnDevice
D/PersonaManager( 1183): isKioskContainerExistOnDevice
D/PanelView( 1183): There is/are notification(s) 
D/PanelView( 1183): There is/are notification(s) 
D/bt_vendor( 4037): op for 7
D/bt_upio ( 4037): ..proc_btwrite_timeout..
D/InputReader(  944): Input event: value=1
I/InputReader(  944): Touch event's action is 0x0 (deviceType=0) [pCnt=1, s=0.5450 ] when=60404027447000
I/InputDispatcher(  944): Delivering touch to (1183): action: 0x4, toolType: 1
I/InputDispatcher(  944): Delivering touch to (1334): action: 0x4, toolType: 1
I/InputDispatcher(  944): Delivering touch to (2006): action: 0x0, toolType: 1
D/ViewRootImpl( 2006): ViewPostImeInputStage ACTION_DOWN
D/lights  (  944): lcd : 48 +
D/lights  (  944): lcd : 48 -
D/lights  (  944): lcd : 81 +
D/lights  (  944): lcd : 81 -
D/lights  (  944): lcd : 115 +
D/lights  (  944): lcd : 115 -
D/lights  (  944): lcd : 148 +
D/InputReader(  944): Input event: value=0
I/InputReader(  944): Touch event's action is 0x1 (deviceType=0) [pCnt=1, s=] when=60404097465000
I/InputDispatcher(  944): Delivering touch to (2006): action: 0x1, toolType: 1
D/lights  (  944): lcd : 148 -
D/lights  (  944): lcd : 181 +
D/lights  (  944): lcd : 181 -
D/lights  (  944): lcd : 214 +
D/lights  (  944): lcd : 214 -
D/lights  (  944): lcd : 220 +
D/lights  (  944): lcd : 220 -
D/SecContentProvider2(  944): uri = 14 selection = getSealedState
D/SecContentProvider2(  944): mCursor = null
D/ApplicationPolicy(  944): isStatusBarNotificationAllowedAsUser: packageName = com.dv.adm,userId = 0
V/ApplicationPolicy(  944): isApplicationStateBlocked userId 0 pkgname com.dv.adm
D/SecContentProvider(  944): uri = 15 selection = isClipboardAllowedAsUser
D/SecContentProvider(  944): uri = 15 selection = isClipboardShareAllowedAsUser
D/StatusBar( 1183): ----- contentsUnchanged : true, bigContentsUnchanged - true, headsUpContentsUnchanged - true , publicUnchanged true
D/PersonaManager( 1183): isKioskContainerExistOnDevice
D/PersonaManager( 1183): isKioskContainerExistOnDevice
D/PanelView( 1183): There is/are notification(s) 
D/PanelView( 1183): There is/are notification(s) 
D/HeadsetPhoneState( 4037): Signal level : previous=4 curr=4
D/StatusBar.NetworkController( 1183): onSignalStrengthsChanged signalStrength=SignalStrength: 20 99 -120 -160 -120 -1 -1 99 2147483647 2147483647 2147483647 -1 2147483647 0x4 gsm|lte level=4
D/StatusBar.NetworkController( 1183): updateTelephonySignalStrength: hasService=true ss=SignalStrength: 20 99 -120 -160 -120 -1 -1 99 2147483647 2147483647 2147483647 -1 2147483647 0x4 gsm|lte
D/StatusBar.NetworkController( 1183): updateTelephonySignalStrength: iconLevel=4
D/StatusBar.NetworkController( 1183): updateTelephonySignalStrength, No signal level. mPhoneSignalIconId = com.android.systemui:drawable/stat_sys_signal_4_auto_rotate mDataSignalIconId = com.android.systemui:drawable/stat_sys_signal_4_auto_rotate mQSPhoneSignalIconId = com.android.systemui:drawable/ic_qs_signal_4 mContentDescriptionPhoneSignal = Full phone signal
D/StatusBar.NetworkController( 1183): refreshViews connected={ data } level=4 combinedSignalIconId=0x7f0204df/com.android.systemui:drawable/stat_sys_signal_4_auto_rotate mobileLabel=Irancell wifiLabel= emergencyOnly=false combinedLabel=Irancell mAirplaneMode=false mDataActivity=0 mPhoneSignalIconId=0x7f0204df/com.android.systemui:drawable/stat_sys_signal_4_auto_rotate mQSPhoneSignalIconId=0x7f020136/com.android.systemui:drawable/ic_qs_signal_4 mDataDirectionIconId=0x7f020349/com.android.systemui:drawable/stat_sys_data_connected_h_plus mDataSignalIconId=0x7f0204df/com.android.systemui:drawable/stat_sys_signal_4_auto_rotate mDataTypeIconId=0x7f020349/com.android.systemui:drawable/stat_sys_data_connected_h_plus mQSDataTypeIconId=0x0/(null) mNoSimIconId=0x0/(null) mWifiIconId=0x0/(null) mQSWifiIconId=0x0/(null) mWifiActivityIconId=0x7f02050d/com.android.systemui:drawable/stat_sys_signal_inout mBluetoothTetherIconId=0x10808f0/android:drawable/stat_sys_tether_bluetooth
D/STATUSBAR-WifiQuickSettingButton( 1183): onWifiSignalChanged enabled=false enabledDesc:null
D/StatusBar.NetworkController( 1183): onSignalStrengthsChanged signalStrength=SignalStrength: 20 99 -120 -160 -120 -1 -1 99 2147483647 2147483647 2147483647 -1 2147483647 0x4 gsm|lte level=4
D/StatusBar.NetworkController( 1183): updateTelephonySignalStrength: hasService=true ss=SignalStrength: 20 99 -120 -160 -120 -1 -1 99 2147483647 2147483647 2147483647 -1 2147483647 0x4 gsm|lte
D/HeadsetPhoneState( 4037): Signal level : previous=4 curr=4
D/StatusBar.NetworkController( 1183): updateTelephonySignalStrength: iconLevel=4
D/StatusBar.NetworkController( 1183): updateTelephonySignalStrength, No signal level. mPhoneSignalIconId = com.android.systemui:drawable/stat_sys_signal_4_auto_rotate mDataSignalIconId = com.android.systemui:drawable/stat_sys_signal_4_auto_rotate mQSPhoneSignalIconId = com.android.systemui:drawable/ic_qs_signal_4 mContentDescriptionPhoneSignal = Full phone signal
D/StatusBar.NetworkController( 1183): refreshViews connected={ data } level=4 combinedSignalIconId=0x7f0204df/com.android.systemui:drawable/stat_sys_signal_4_auto_rotate mobileLabel=Irancell wifiLabel= emergencyOnly=false combinedLabel=Irancell mAirplaneMode=false mDataActivity=0 mPhoneSignalIconId=0x7f0204df/com.android.systemui:drawable/stat_sys_signal_4_auto_rotate mQSPhoneSignalIconId=0x7f020136/com.android.systemui:drawable/ic_qs_signal_4 mDataDirectionIconId=0x7f020349/com.android.systemui:drawable/stat_sys_data_connected_h_plus mDataSignalIconId=0x7f0204df/com.android.systemui:drawable/stat_sys_signal_4_auto_rotate mDataTypeIconId=0x7f020349/com.android.systemui:drawable/stat_sys_data_connected_h_plus mQSDataTypeIconId=0x0/(null) mNoSimIconId=0x0/(null) mWifiIconId=0x0/(null) mQSWifiIconId=0x0/(null) mWifiActivityIconId=0x7f02050d/com.android.systemui:drawable/stat_sys_signal_inout mBluetoothTetherIconId=0x10808f0/android:drawable/stat_sys_tether_bluetooth
D/STATUSBAR-WifiQuickSettingButton( 1183): onWifiSignalChanged enabled=false enabledDesc:null
D/AlarmManagerService(  944): Kernel timezone updated to -210 minutes west of GMT
D/StatusBar.NetworkController( 1183): onServiceStateChanged voiceState=0 dataState=0
D/StatusBar.NetworkController( 1183): onServiceStateChanged mDataNetType=10
D/StatusBar.NetworkController( 1183): updateTelephonySignalStrength: hasService=true ss=SignalStrength: 20 99 -120 -160 -120 -1 -1 99 2147483647 2147483647 2147483647 -1 2147483647 0x4 gsm|lte
D/StatusBar.NetworkController( 1183): updateTelephonySignalStrength: iconLevel=4
D/StatusBar.NetworkController( 1183): updateTelephonySignalStrength, No signal level. mPhoneSignalIconId = com.android.systemui:drawable/stat_sys_signal_4_auto_rotate mDataSignalIconId = com.android.systemui:drawable/stat_sys_signal_4_auto_rotate mQSPhoneSignalIconId = com.android.systemui:drawable/ic_qs_signal_4 mContentDescriptionPhoneSignal = Full phone signal
D/HeadsetPhoneState( 4037): sendDeviceStateChanged. mService=1 mSignal=4 mRoam=0 mBatteryCharge=4
D/StatusBar.NetworkController( 1183): getUpdateDataNetType(): 10
D/HeadsetStateMachine( 4037): AudioOn process message: 11
D/StatusBar.NetworkController( 1183): updateDataNetType()
V/ControlFragment(30403): [PhoneStateListener] STATE_IN_SERVICE, unlock mode
V/ResultListFragment(30403): [PhoneStateListener] STATE_IN_SERVICE, unlock mode
D/StatusBar.NetworkController( 1183): Nothing, mRoamingIconId = 0
D/StatusBar.NetworkController( 1183): updateDataIcon, mDataDirectionIconId = com.android.systemui:drawable/stat_sys_data_fully_connected_h mDataConnected = true
D/StatusBar.NetworkController( 1183): refreshViews connected={ data } level=4 combinedSignalIconId=0x7f0204df/com.android.systemui:drawable/stat_sys_signal_4_auto_rotate mobileLabel=Irancell wifiLabel= emergencyOnly=false combinedLabel=Irancell mAirplaneMode=false mDataActivity=0 mPhoneSignalIconId=0x7f0204df/com.android.systemui:drawable/stat_sys_signal_4_auto_rotate mQSPhoneSignalIconId=0x7f020136/com.android.systemui:drawable/ic_qs_signal_4 mDataDirectionIconId=0x7f020363/com.android.systemui:drawable/stat_sys_data_fully_connected_h mDataSignalIconId=0x7f0204df/com.android.systemui:drawable/stat_sys_signal_4_auto_rotate mDataTypeIconId=0x7f020348/com.android.systemui:drawable/stat_sys_data_connected_h mQSDataTypeIconId=0x7f020140/com.android.systemui:drawable/ic_qs_signal_h mNoSimIconId=0x0/(null) mWifiIconId=0x0/(null) mQSWifiIconId=0x0/(null) mWifiActivityIconId=0x7f02050d/com.android.systemui:drawable/stat_sys_signal_inout mBluetoothTetherIconId=0x10808f0/android:drawable/stat_sys_tether_bluetooth
D/STATUSBAR-WifiQuickSettingButton( 1183): onWifiSignalChanged enabled=false enabledDesc:null
D/StatusBar.NetworkController( 1183): refreshSignalCluster - setNWBoosterIndicators(false)
D/StatusBar.NetworkController( 1183): applyOpen
D/StatusBar.NetworkController( 1183): refreshSignalCluster - setNWBoosterIndicators(false)
D/StatusBar.NetworkController( 1183): applyOpen
D/StatusBar.NetworkController( 1183): refreshSignalCluster - setNWBoosterIndicators(false)
D/StatusBar.NetworkController( 1183): applyOpen
D/StatusBar.NetworkController( 1183): refreshSignalCluster - setNWBoosterIndicators(false)
D/StatusBar.NetworkController( 1183): applyOpen
D/PopupuiReceiver( 8182): onReceive() getAction : android.intent.action.NETWORK_SET_TIMEZONE
D/SecContentProvider2(  944): uri = -1 selection = getSealedState
D/SecContentProvider2(  944): mCursor = null
I/PopupuiReceiver_KNOX( 8182): getSealedState : true
D/Mms/DownloadManager(26067): Service state changed: Bundle[mParcelledData.dataSize=756]
D/Mms/DownloadManager(26067): roaming ------> false, mSimSlot = 0
D/SecContentProvider2(  944): uri = 15 selection = getSealedHideNotificationMessages
D/SecContentProvider2(  944): mCursor = null
D/ConnectivityManager.CallbackHandler( 1183): CM callback handler got msg 524294
D/ConnectivityManager.CallbackHandler( 6618): CM callback handler got msg 524294
D/ConnectivityManager.CallbackHandler( 1542): CM callback handler got msg 524294
D/ConnectivityManager.CallbackHandler( 6618): CM callback handler got msg 524294
D/ConnectivityManager.CallbackHandler( 1542): CM callback handler got msg 524294
E/ConnectivityService(  944): updateNetworkInfo()
D/ConnectivityManager.CallbackHandler( 1542): CM callback handler got msg 524294
D/ConnectivityManager.CallbackHandler(26954): CM callback handler got msg 524294
D/ConnectivityService(  944): updateLinkProperties: newLp = {InterfaceName: rmnet0 LinkAddresses: [100.69.175.39/32,]  Routes: [0.0.0.0/0 -> 100.69.175.40 rmnet0,] DnsAddresses: [92.42.51.31,8.8.8.8,] Domains: null MTU: 0 TcpBufferSizes: 4094,87380,1220608,4096,16384,1220608}
I/PopupuiReceiver_KNOX( 8182): getSealedHideNotificationMessages : 1
D/SecContentProvider2(  944): uri = 15 selection = getCheckCoverPopupState
D/SecContentProvider2(  944): mCursor = null
D/ConnectivityManager.CallbackHandler(15188): CM callback handler got msg 524294
I/PopupuiReceiver_KNOX( 8182): getCheckCoverPopupState : true
D/PopupuiReceiver( 8182): NETWORK_SET_TIME prevMCCvalue : -111
D/PopupuiReceiver( 8182): gsm.operator.numeric : 432
D/ConnectivityManager.CallbackHandler( 1183): CM callback handler got msg 524295
D/WifiController(  944): SET_AP_BOOSTER_FLAG ignored due to state change
D/HeadsetPhoneState( 4037): sendDeviceDataStateChanged
D/HeadsetStateMachine( 4037): AudioOn process message: 18
D/StatusBar.NetworkController( 1183): onDataConnectionStateChanged: state=2 type=10
D/StatusBar.NetworkController( 1183): getUpdateDataNetType(): 10
D/StatusBar.NetworkController( 1183): updateDataNetType()
D/Mms/TelephonyUtils(26067): getSubId from simSlot 0, return Value = 1
D/PopupuiReceiver( 8182): MCC init : mccstrcmp
D/ConnectivityManager.CallbackHandler( 6618): CM callback handler got msg 524295
D/ConnectivityManager.CallbackHandler( 1542): CM callback handler got msg 524295
D/ConnectivityManager.CallbackHandler( 1542): CM callback handler got msg 524295
I/SNL     ( 7086): Proxy service version is 2.7.9.2
I/SNL     ( 7086): SNL :: p_nc - Call(1)
I/SNL     ( 7086): SNL :: p_nc - version 0.2.7.9.2
I/SNL     ( 7086): SNL :: APM::onNotifyNetChange - Guard Locked
D/DctController( 1444): [DctController] DataStateReceiver: phoneId= 0
I/SNL     ( 7086): SNL :: APM::onNotifyNetChange - Guard Locked
I/SNL     ( 7086): SNL :: APM::onNotifyNetChange - end
D/DctController( 1444): [DctController] DataStateReceiver: STATE_IN_SERVICE Intent from phoneId=0
I/SNL     ( 7086): SNL :: p_nc - Res()
D/FileWriteThread_Telephony( 1444): FileWriteThread : threadType = 2
D/ConnectivityManager.CallbackHandler( 6618): CM callback handler got msg 524295
D/ConnectivityManager.CallbackHandler(26954): CM callback handler got msg 524295
D/ConnectivityManager.CallbackHandler( 1542): CM callback handler got msg 524295
D/ConnectivityManager.CallbackHandler(15188): CM callback handler got msg 524295
D/Mms/DownloadManager(26067): roaming -> false (slotId = 0)
D/Mms/DownloadManager(26067): [NotificationTransaction] getAutoDownloadState simSlot : 0
D/Mms/DownloadManager(26067): auto download without roaming -> true
D/Mms/DownloadManager(26067): [NotificationTransaction] getAutoDownloadState alwaysAuto : false, roaming : false
D/Mms/DownloadManager(26067): mAutoDownload ------> true
D/Mms/SmsReceiver(26067): filterMsgServiceIntent : intent.getAction() : android.intent.action.SERVICE_STATE
D/StatusBar.NetworkController( 1183): Nothing, mRoamingIconId = 0
D/StatusBar.NetworkController( 1183): updateDataIcon, mDataDirectionIconId = com.android.systemui:drawable/stat_sys_data_fully_connected_h mDataConnected = true
D/StatusBar.NetworkController( 1183): refreshViews connected={ data } level=4 combinedSignalIconId=0x7f0204df/com.android.systemui:drawable/stat_sys_signal_4_auto_rotate mobileLabel=Irancell wifiLabel= emergencyOnly=false combinedLabel=Irancell mAirplaneMode=false mDataActivity=0 mPhoneSignalIconId=0x7f0204df/com.android.systemui:drawable/stat_sys_signal_4_auto_rotate mQSPhoneSignalIconId=0x7f020136/com.android.systemui:drawable/ic_qs_signal_4 mDataDirectionIconId=0x7f020363/com.android.systemui:drawable/stat_sys_data_fully_connected_h mDataSignalIconId=0x7f0204df/com.android.systemui:drawable/stat_sys_signal_4_auto_rotate mDataTypeIconId=0x7f020348/com.android.systemui:drawable/stat_sys_data_connected_h mQSDataTypeIconId=0x7f020140/com.android.systemui:drawable/ic_qs_signal_h mNoSimIconId=0x0/(null) mWifiIconId=0x0/(null) mQSWifiIconId=0x0/(null) mWifiActivityIconId=0x7f02050d/com.android.systemui:drawable/stat_sys_signal_inout mBluetoothTetherIconId=0x10808f0/android:drawable/stat_sys_tether_bluetooth
D/STATUSBAR-WifiQuickSettingButton( 1183): onWifiSignalChanged enabled=false enabledDesc:null
D/SettingsProvider(  944): name = internet_call_settings_visibility
D/SettingsProvider(  944): edmUri: content://com.sec.knox.provider/RestrictionPolicy3
D/SettingsProvider(  944): projectionArgs: isSettingsChangesAllowed
D/SettingsProvider(  944): selectionArgs: false
D/SettingsProvider(  944): selectionArgs: 1001
D/SecContentProvider(  944): uri = 17 selection = isSettingsChangesAllowed
D/SettingsProvider(  944): ret = -1
D/BootupListener( 1444): intent.getAction() = android.intent.action.SERVICE_STATE
D/Mms/SmsReceiverService(26067): onStart: #1, mResultCode: 0 = Unknown error code, action = android.intent.action.SERVICE_STATE
D/Mms/TelephonyPermission(26067): mUserId = 0
D/Mms/TelephonyPermission(26067): isDefault false
D/Mms/SmsReceiverService(26067): [SMS]Receiver handleMessage : Action =android.intent.action.SERVICE_STATE
D/StatusChecker( 8200): onReceive : android.intent.action.SERVICE_STATE
D/StatusChecker( 8200): Service state changed : 0 mSub1
D/SecContentProvider2(  944): uri = 14 selection = getSealedState
D/SecContentProvider2(  944): mCursor = null
D/SecContentProvider(  944): uri = 15 selection = isClipboardAllowedAsUser
D/SecContentProvider(  944): uri = 15 selection = isClipboardShareAllowedAsUser
D/ApplicationPolicy(  944): isStatusBarNotificationAllowedAsUser: packageName = com.dv.adm,userId = 0
V/ApplicationPolicy(  944): isApplicationStateBlocked userId 0 pkgname com.dv.adm
D/StatusBar( 1183): ----- contentsUnchanged : true, bigContentsUnchanged - true, headsUpContentsUnchanged - true , publicUnchanged true
D/PersonaManager( 1183): isKioskContainerExistOnDevice
D/PersonaManager( 1183): isKioskContainerExistOnDevice
D/PanelView( 1183): There is/are notification(s) 
D/PanelView( 1183): There is/are notification(s) 
V/audio_hw_primary(  310): out_standby: enter: usecase(0: deep-buffer-playback)
V/audio_hw_primary(  310): stop_output_stream: enter: usecase(0: deep-buffer-playback)
V/audio_hw_primary(  310): disable_audio_route: enter: usecase(0)
V/audio_hw_primary(  310): disable_audio_route: reset mixer path: deep-buffer-playback bt-sco
D/audio_route(  310): ++++ audio_route_update_mixer ==============
D/audio_route(  310): Setting mixer control: AUX_PCM_RX Audio Mixer MultiMedia1
D/audio_route(  310): Setting mixer control: value: 0
D/audio_route(  310): ------ audio_route_update_mixer ==============
V/audio_hw_primary(  310): disable_audio_route: exit
V/audio_hw_primary(  310): disable_snd_device: dummy ref cnt 1
V/audio_hw_primary(  310): stop_output_stream: exit: status(0)
V/audio_hw_primary(  310): out_standby: exit
E/SMD     (  304): DCD OFF
D/SecContentProvider(  944): uri = 15 selection = isClipboardAllowedAsUser
D/SecContentProvider(  944): uri = 15 selection = isClipboardShareAllowedAsUser
D/SecContentProvider2(  944): uri = 14 selection = getSealedState
D/SecContentProvider2(  944): mCursor = null
D/ApplicationPolicy(  944): isStatusBarNotificationAllowedAsUser: packageName = com.dv.adm,userId = 0
V/ApplicationPolicy(  944): isApplicationStateBlocked userId 0 pkgname com.dv.adm
D/StatusBar( 1183): ----- contentsUnchanged : true, bigContentsUnchanged - true, headsUpContentsUnchanged - true , publicUnchanged true
D/PersonaManager( 1183): isKioskContainerExistOnDevice
D/PersonaManager( 1183): isKioskContainerExistOnDevice
D/PanelView( 1183): There is/are notification(s) 
D/PanelView( 1183): There is/are notification(s) 
D/StatusBar.NetworkController( 1183): onDataActivity: direction=2
D/StatusBar.NetworkController( 1183): updateDataIcon, mDataDirectionIconId = com.android.systemui:drawable/stat_sys_data_fully_connected_h mDataConnected = true
D/StatusBar.NetworkController( 1183): refreshViews connected={ data } level=4 combinedSignalIconId=0x7f0204df/com.android.systemui:drawable/stat_sys_signal_4_auto_rotate mobileLabel=Irancell wifiLabel= emergencyOnly=false combinedLabel=Irancell mAirplaneMode=false mDataActivity=2 mPhoneSignalIconId=0x7f0204df/com.android.systemui:drawable/stat_sys_signal_4_auto_rotate mQSPhoneSignalIconId=0x7f020136/com.android.systemui:drawable/ic_qs_signal_4 mDataDirectionIconId=0x7f020363/com.android.systemui:drawable/stat_sys_data_fully_connected_h mDataSignalIconId=0x7f0204df/com.android.systemui:drawable/stat_sys_signal_4_auto_rotate mDataTypeIconId=0x7f020348/com.android.systemui:drawable/stat_sys_data_connected_h mQSDataTypeIconId=0x7f020140/com.android.systemui:drawable/ic_qs_signal_h mNoSimIconId=0x0/(null) mWifiIconId=0x0/(null) mQSWifiIconId=0x0/(null) mWifiActivityIconId=0x7f02050d/com.android.systemui:drawable/stat_sys_signal_inout mBluetoothTetherIconId=0x10808f0/android:drawable/stat_sys_tether_bluetooth
D/STATUSBAR-WifiQuickSettingButton( 1183): onWifiSignalChanged enabled=false enabledDesc:null
D/StatusBar.NetworkController( 1183): refreshSignalCluster - setNWBoosterIndicators(false)
D/StatusBar.NetworkController( 1183): applyOpen
D/StatusBar.NetworkController( 1183): refreshSignalCluster - setNWBoosterIndicators(false)
D/StatusBar.NetworkController( 1183): applyOpen
D/StatusBar.NetworkController( 1183): refreshSignalCluster - setNWBoosterIndicators(false)
D/StatusBar.NetworkController( 1183): applyOpen
D/StatusBar.NetworkController( 1183): refreshSignalCluster - setNWBoosterIndicators(false)
D/StatusBar.NetworkController( 1183): applyOpen
D/SecContentProvider(  944): uri = 15 selection = isClipboardAllowedAsUser
D/SecContentProvider2(  944): uri = 14 selection = getSealedState
D/SecContentProvider2(  944): mCursor = null
D/SecContentProvider(  944): uri = 15 selection = isClipboardShareAllowedAsUser
I/dex2oat (19340): dex2oat took 5.152s (threads: 4)
D/ApplicationPolicy(  944): isStatusBarNotificationAllowedAsUser: packageName = com.dv.adm,userId = 0
V/ApplicationPolicy(  944): isApplicationStateBlocked userId 0 pkgname com.dv.adm
D/StatusBar( 1183): ----- contentsUnchanged : true, bigContentsUnchanged - true, headsUpContentsUnchanged - true , publicUnchanged true
D/PersonaManager( 1183): isKioskContainerExistOnDevice
D/PersonaManager( 1183): isKioskContainerExistOnDevice
D/PanelView( 1183): There is/are notification(s) 
D/PanelView( 1183): There is/are notification(s) 
W/System.err(  944): java.io.FileNotFoundException: /data/app/com.awesomeproject-1: open failed: EISDIR (Is a directory)
W/System.err(  944): 	at libcore.io.IoBridge.open(IoBridge.java:456)
W/System.err(  944): 	at java.io.FileInputStream.<init>(FileInputStream.java:76)
W/System.err(  944): 	at android.content.pm.PackageParser.getHashValueOfPackage(PackageParser.java:5109)
W/System.err(  944): 	at com.android.server.pm.PackageManagerService.saveHash(PackageManagerService.java:18518)
W/System.err(  944): 	at com.android.server.pm.PackageManagerService.access$5200(PackageManagerService.java:331)
W/System.err(  944): 	at com.android.server.pm.PackageManagerService$19.run(PackageManagerService.java:18503)
W/System.err(  944): Caused by: android.system.ErrnoException: open failed: EISDIR (Is a directory)
W/System.err(  944): 	at libcore.io.IoBridge.open(IoBridge.java:446)
W/System.err(  944): 	... 5 more
I/HarmonyEASService(  944): Updating for all 1
D/ResourcesManager(  944): creating new AssetManager and set to /system/priv-app/SecMms_Candy/SecMms_Candy.apk
D/ResourcesManager(  944): creating new AssetManager and set to /data/app/com.google.android.talk-1/base.apk
D/ResourcesManager(  944): creating new AssetManager and set to /data/app/com.google.android.apps.messaging-2/base.apk
I/art     ( 1465): Explicit concurrent mark sweep GC freed 2741(137KB) AllocSpace objects, 0(0B) LOS objects, 13% free, 49MB/57MB, paused 360us total 39.116ms
I/art     (15188): Explicit concurrent mark sweep GC freed 501(19KB) AllocSpace objects, 0(0B) LOS objects, 25% free, 23MB/30MB, paused 443us total 64.160ms
I/art     ( 1542): Explicit concurrent mark sweep GC freed 10000(465KB) AllocSpace objects, 0(0B) LOS objects, 34% free, 30MB/46MB, paused 1.186ms total 67.570ms
I/art     ( 1341): Explicit concurrent mark sweep GC freed 59043(3MB) AllocSpace objects, 69(8MB) LOS objects, 39% free, 24MB/40MB, paused 655us total 57.475ms
I/art     ( 8663): Explicit concurrent mark sweep GC freed 2831(149KB) AllocSpace objects, 0(0B) LOS objects, 39% free, 15MB/26MB, paused 392us total 19.101ms
D/RCPManagerService(  944): PackageReceiver onReceive()
I/HarmonyEASService(  944): onReceive : android.intent.action.PACKAGE_REMOVED for 0
D/ResourcesManager(  944): creating new AssetManager and set to /system/priv-app/InputDevices/InputDevices.apk
D/DynamicService( 1431): Ignoring package intent due to package being replaced.
D/drupe.sd( 1334): [1334: main] android.intent.action.PACKAGE_REMOVED: package:com.awesomeproject
I/MultiWindowTrayService(10933): mPkgManagerReceiver : onReceive
D/KnoxMUMContainerPolicy(  944): mPackageReceiver : action - android.intent.action.PACKAGE_REMOVED
V/EnterpriseBillingPolicy(  944): packageModificationReceiver - onreceive - start - android.intent.action.PACKAGE_REMOVED
V/EnterpriseBillingPolicy(  944): uID is 10290
V/EnterpriseBillingPolicy(  944): Removed Packageuid is0
V/EnterpriseBillingPolicyStorage(  944): getProfileForApplication - enter
D/AccountTypeManager(30403): Registering external account type=org.telegram.messenger, packageName=org.telegram.messenger
V/EnterpriseBillingPolicyStorage(  944): getProfileForApplication - exit null
V/EnterpriseBillingPolicy(  944): packageModificationReceiver - onreceive - personal application - profile null
V/EnterpriseBillingPolicy(  944): packageModificationReceiver - onreceive - might be a vpn vendor package 
V/EnterpriseBillingPolicyStorage(  944): getBillingProfileForVpnEngine - start - com.awesomeproject
V/EnterpriseBillingPolicyStorage(  944): getBillingProfileForVpnEngine - end - null
I/InputReader(  944): Reconfiguring input devices.  changes=0x00000010
D/drupe.sd( 1334): [1334: main] android.intent.action.PACKAGE_ADDED: package:com.awesomeproject
D/ResourcesManager(  944): creating new AssetManager and set to /data/app/com.ocloud24.android-1/base.apk
D/AccountTypeManager(30403): Registering ExchangeAccountType account type=com.android.exchange, packageName=com.android.email
D/AccountTypeManager(30403): Registering external account type=com.linkedin.android, packageName=com.linkedin.android
D/ResourcesManager(  944): creating new AssetManager and set to /system/app/SamsungIME/SamsungIME.apk
I/InputReader(  944): Reconfiguring input devices.  changes=0x00000010
I/MultiWindowTrayInfo(10933): android.intent.action.PACKAGE_REMOVE
I/MultiWindowTrayInfo(10933): android.intent.action.PACKAGE_REMOVE
I/MultiWindowTrayInfo(10933): android.intent.action.PACKAGE_REMOVE
I/MultiWindowTrayService(10933): mPkgManagerReceiver : onReceive
I/MultiWindowTrayInfo(10933): android.intent.action.PACKAGE_ADDED
I/MultiWindowTrayInfo(10933): android.intent.action.PACKAGE_ADDED
I/MultiWindowTrayInfo(10933): android.intent.action.PACKAGE_ADDED
I/MultiWindowTrayService(10933): mPkgManagerReceiver : onReceive
D/ResourcesManager( 1341): creating new AssetManager and set to /data/app/com.awesomeproject-1/base.apk
D/AccountTypeManager( 8057): Registering external account type=org.telegram.messenger, packageName=org.telegram.messenger
W/Settings(  944): Setting install_non_market_apps has moved from android.provider.Settings.Global to android.provider.Settings.Secure, returning read-only value.
I/KLMS-2.4.511: (14393): KLMSSystemProperties(): getBoolean(): ro.product_ship = true
W/ResourceType(14759): Failure getting entry for 0x7f020198 (t=1 e=408) (error -75)
I/MultiWindowTrayInfo(10933): android.intent.action.PACKAGE_REPLACED packageName=com.awesomeproject
D/AccountTypeManager( 8057): Registering ExchangeAccountType account type=com.android.exchange, packageName=com.android.email
D/AccountTypeManager( 8057): Registering external account type=com.linkedin.android, packageName=com.linkedin.android
I/InputReader(  944): Reconfiguring input devices.  changes=0x00000010
I/art     (  944): Background partial concurrent mark sweep GC freed 27043(1918KB) AllocSpace objects, 5(271KB) LOS objects, 17% free, 75MB/91MB, paused 8.245ms total 187.554ms
I/art     (  944): WaitForGcToComplete blocked for 8.643ms for cause Explicit
D/AccountTypeManager(30403): Registering external account type=com.skype.contacts.sync, packageName=com.skype.raider
D/MultiWindowTrayInfo(10933): updateInstalledPackage() : mFlashBarDelList item title=ADM
D/MultiWindowTrayInfo(10933): updateInstalledPackage() : mFlashBarDelList item title=BubbleUPnP
D/MultiWindowTrayInfo(10933): updateInstalledPackage() : mFlashBarDelList item title=Facebook
D/MultiWindowTrayInfo(10933): updateInstalledPackage() : mFlashBarDelList item title=Instagram
D/MultiWindowTrayInfo(10933): updateInstalledPackage() : mFlashBarDelList item title=LinkedIn
D/MultiWindowTrayInfo(10933): updateInstalledPackage() : mFlashBarDelList item title=Music
D/MultiWindowTrayInfo(10933): updateInstalledPackage() : mFlashBarDelList item title=MX Player
D/MultiWindowTrayInfo(10933): updateInstalledPackage() : mFlashBarDelList item title=Netflix
D/MultiWindowTrayInfo(10933): updateInstalledPackage() : mFlashBarDelList item title=Skype
D/MultiWindowTrayInfo(10933): updateInstalledPackage() : mFlashBarDelList item title=SoundCloud
D/MultiWindowTrayInfo(10933): updateInstalledPackage() : mFlashBarDelList item title=Spotify
D/MultiWindowTrayInfo(10933): updateInstalledPackage() : mFlashBarDelList item title=TripAdvisor
D/MultiWindowTrayInfo(10933): updateInstalledPackage() : mFlashBarDelList item title=Twitter
D/MultiWindowTrayInfo(10933): updateInstalledPackage() : mFlashBarDelList item title=Yatse
I/MultiWindowTrayInfo(10933): android.intent.action.PACKAGE_REPLACED packageName=com.awesomeproject
D/AccountTypeManager( 8057): Registering external account type=com.skype.contacts.sync, packageName=com.skype.raider
D/ResourcesManager(  944): creating new AssetManager and set to /data/app/com.google.android.gms-1/base.apk
D/ResourcesManager(  944): creating new AssetManager and set to /system/priv-app/Samsungservice2_xxhdpi/Samsungservice2_xxhdpi.apk
D/ResourcesManager(  944): creating new AssetManager and set to /system/priv-app/SNS/SNS.apk
D/AccountTypeManager(30403): Registering external account type=com.sec.chaton, packageName=com.sec.chaton
D/ResourcesManager(  944): creating new AssetManager and set to /system/app/SecEmail_K/SecEmail_K.apk
D/ResourcesManager(  944): creating new AssetManager and set to /data/app/com.sec.chaton-1/base.apk
W/ResourceType(  944): ResTable_typeSpec entry count inconsistent: given 2, previously 1632
D/ResourcesManager(  944): creating new AssetManager and set to /data/app/com.tripadvisor.tripadvisor-1/base.apk
I/KLMS-2.4.511: (14393): MainReciver(): EventNotificationReciver- method called: AppActivityListner onReceive for Intent Action : android.intent.action.PACKAGE_REMOVED , timestamp: 1477909049235
I/KLMS-2.4.511: (14393): MainReciver(): PACKAGE_REMOVED
I/KLMS-2.4.511: (14393): MainReciver(): REPLACING: true | pkgName: com.awesomeproject
D/AccountTypeManager( 8057): Registering external account type=com.sec.chaton, packageName=com.sec.chaton
D/MultiWindowTrayInfo(10933): updateInstalledPackage() : mFlashBarDelList item title=ADM
