D/StatusBar.NetworkController( 1183): refreshViews connected={ data } level=4 combinedSignalIconId=0x7f0204df/com.android.systemui:drawable/stat_sys_signal_4_auto_rotate mobileLabel=Irancell wifiLabel= emergencyOnly=false combinedLabel=Irancell mAirplaneMode=false mDataActivity=0 mPhoneSignalIconId=0x7f0204df/com.android.systemui:drawable/stat_sys_signal_4_auto_rotate mQSPhoneSignalIconId=0x7f020136/com.android.systemui:drawable/ic_qs_signal_4 mDataDirectionIconId=0x7f020363/com.android.systemui:drawable/stat_sys_data_fully_connected_h mDataSignalIconId=0x7f0204df/com.android.systemui:drawable/stat_sys_signal_4_auto_rotate mDataTypeIconId=0x7f020348/com.android.systemui:drawable/stat_sys_data_connected_h mQSDataTypeIconId=0x7f020140/com.android.systemui:drawable/ic_qs_signal_h mNoSimIconId=0x0/(null) mWifiIconId=0x0/(null) mQSWifiIconId=0x0/(null) mWifiActivityIconId=0x7f02050d/com.android.systemui:drawable/stat_sys_signal_inout mBluetoothTetherIconId=0x10808f0/android:drawable/stat_sys_tether_bluetooth
D/STATUSBAR-WifiQuickSettingButton( 1183): onWifiSignalChanged enabled=false enabledDesc:null
D/StatusBar.NetworkController( 1183): refreshSignalCluster - setNWBoosterIndicators(false)
D/StatusBar.NetworkController( 1183): applyOpen
V/ResultListFragment(30403): [PhoneStateListener] STATE_IN_SERVICE, unlock mode
V/ControlFragment(30403): [PhoneStateListener] STATE_IN_SERVICE, unlock mode
D/StatusBar.NetworkController( 1183): refreshSignalCluster - setNWBoosterIndicators(false)
D/StatusBar.NetworkController( 1183): applyOpen
D/StatusBar.NetworkController( 1183): refreshSignalCluster - setNWBoosterIndicators(false)
D/ConnectivityManager.CallbackHandler( 1183): CM callback handler got msg 524294
D/ConnectivityManager.CallbackHandler( 1542): CM callback handler got msg 524294
D/ConnectivityManager.CallbackHandler( 6618): CM callback handler got msg 524294
D/ConnectivityService(  944): notifyType CAP_CHANGED for NetworkAgentInfo [MOBILE (HSPA+) - 522]
D/ConnectivityService(  944): calling update connectivity
D/ConnectivityService(  944):  sending notification for NetworkRequest [ id=1, legacyType=-1, [ Capabilities: INTERNET&NOT_RESTRICTED&TRUSTED&NOT_VPN] ]
D/ConnectivityService(  944):  sending notification for NetworkRequest [ id=2, legacyType=-1, [] ]
D/ConnectivityService(  944): sending notification CAP_CHANGED for NetworkRequest [ id=2, legacyType=-1, [] ]
D/ConnectivityService(  944):  sending notification for NetworkRequest [ id=10, legacyType=-1, [ Capabilities: INTERNET&NOT_RESTRICTED&TRUSTED] ]
D/ConnectivityService(  944): sending notification CAP_CHANGED for NetworkRequest [ id=10, legacyType=-1, [ Capabilities: INTERNET&NOT_RESTRICTED&TRUSTED] ]
D/ConnectivityService(  944):  sending notification for NetworkRequest [ id=11, legacyType=-1, [ Capabilities: INTERNET&NOT_RESTRICTED&TRUSTED] ]
D/ConnectivityService(  944): sending notification CAP_CHANGED for NetworkRequest [ id=11, legacyType=-1, [ Capabilities: INTERNET&NOT_RESTRICTED&TRUSTED] ]
D/ConnectivityManager.CallbackHandler( 1542): CM callback handler got msg 524294
D/ConnectivityManager.CallbackHandler( 6618): CM callback handler got msg 524294
D/ConnectivityManager.CallbackHandler( 1542): CM callback handler got msg 524294
D/ConnectivityManager.CallbackHandler(15188): CM callback handler got msg 524294
E/ConnectivityService(  944): updateNetworkInfo()
D/ConnectivityService(  944): updateLinkProperties: newLp = {InterfaceName: rmnet0 LinkAddresses: [100.69.175.39/32,]  Routes: [0.0.0.0/0 -> 100.69.175.40 rmnet0,] DnsAddresses: [92.42.51.31,8.8.8.8,] Domains: null MTU: 0 TcpBufferSizes: 4094,87380,1220608,4096,16384,1220608}
D/ConnectivityService(  944):  sending notification for NetworkRequest [ id=14, legacyType=-1, [ Capabilities: INTERNET&NOT_RESTRICTED&TRUSTED] ]
D/ConnectivityService(  944): sending notification CAP_CHANGED for NetworkRequest [ id=14, legacyType=-1, [ Capabilities: INTERNET&NOT_RESTRICTED&TRUSTED] ]
D/ConnectivityService(  944):  sending notification for NetworkRequest [ id=15, legacyType=-1, [ Capabilities: INTERNET&NOT_RESTRICTED&TRUSTED] ]
D/ConnectivityService(  944): sending notification CAP_CHANGED for NetworkRequest [ id=15, legacyType=-1, [ Capabilities: INTERNET&NOT_RESTRICTED&TRUSTED] ]
D/ConnectivityService(  944):  sending notification for NetworkRequest [ id=18, legacyType=-1, [ Capabilities: INTERNET&NOT_RESTRICTED&TRUSTED&NOT_VPN] ]
D/ConnectivityService(  944): sending notification CAP_CHANGED for NetworkRequest [ id=18, legacyType=-1, [ Capabilities: INTERNET&NOT_RESTRICTED&TRUSTED&NOT_VPN] ]
D/ConnectivityService(  944):  sending notification for NetworkRequest [ id=184, legacyType=-1, [ Capabilities: INTERNET&NOT_RESTRICTED&TRUSTED] ]
D/ConnectivityService(  944): sending notification CAP_CHANGED for NetworkRequest [ id=184, legacyType=-1, [ Capabilities: INTERNET&NOT_RESTRICTED&TRUSTED] ]
D/ConnectivityService(  944):  sending notification for NetworkRequest [ id=188, legacyType=-1, [ Capabilities: INTERNET&NOT_RESTRICTED&TRUSTED&NOT_VPN] ]
D/ConnectivityService(  944): sending notification CAP_CHANGED for NetworkRequest [ id=188, legacyType=-1, [ Capabilities: INTERNET&NOT_RESTRICTED&TRUSTED&NOT_VPN] ]
D/ConnectivityService(  944): ignoring duplicate network state non-change. MOBILE, state = CONNECTED
D/ConnectivityService(  944): Update of LinkProperties for NetworkAgentInfo [MOBILE (HSPA) - 522]; created=true
D/ConnectivityService(  944): identical MTU - not setting
D/ConnectivityService(  944): updateSourceRoutes : add source routing for type : 0
D/ConnectivityManager.CallbackHandler(19976): CM callback handler got msg 524294
D/StatusBar.NetworkController( 1183): applyOpen
D/StatusBar.NetworkController( 1183): refreshSignalCluster - setNWBoosterIndicators(false)
D/StatusBar.NetworkController( 1183): applyOpen
V/Nat464Xlat(  944): requiresClat: netType=0, connected=true, hasIPv4Address=true
D/ConnectivityService(  944): notifyType IP_CHANGED for NetworkAgentInfo [MOBILE (HSPA) - 522]
D/ConnectivityService(  944): calling update connectivity
D/ConnectivityService(  944):  sending notification for NetworkRequest [ id=1, legacyType=-1, [ Capabilities: INTERNET&NOT_RESTRICTED&TRUSTED&NOT_VPN] ]
D/ConnectivityService(  944):  sending notification for NetworkRequest [ id=2, legacyType=-1, [] ]
D/ConnectivityService(  944): sending notification IP_CHANGED for NetworkRequest [ id=2, legacyType=-1, [] ]
D/ConnectivityService(  944):  sending notification for NetworkRequest [ id=10, legacyType=-1, [ Capabilities: INTERNET&NOT_RESTRICTED&TRUSTED] ]
D/ConnectivityService(  944): sending notification IP_CHANGED for NetworkRequest [ id=10, legacyType=-1, [ Capabilities: INTERNET&NOT_RESTRICTED&TRUSTED] ]
D/AirplaneModeTile( 1183): mPhoneStateListener - inAirplaneMode: false
D/AirplaneModeTile( 1183): Alert Dialog is not showing
D/ConnectivityService(  944):  sending notification for NetworkRequest [ id=11, legacyType=-1, [ Capabilities: INTERNET&NOT_RESTRICTED&TRUSTED] ]
D/ConnectivityService(  944): sending notification IP_CHANGED for NetworkRequest [ id=11, legacyType=-1, [ Capabilities: INTERNET&NOT_RESTRICTED&TRUSTED] ]
D/ConnectivityService(  944):  sending notification for NetworkRequest [ id=14, legacyType=-1, [ Capabilities: INTERNET&NOT_RESTRICTED&TRUSTED] ]
D/ConnectivityService(  944): sending notification IP_CHANGED for NetworkRequest [ id=14, legacyType=-1, [ Capabilities: INTERNET&NOT_RESTRICTED&TRUSTED] ]
D/ConnectivityService(  944):  sending notification for NetworkRequest [ id=15, legacyType=-1, [ Capabilities: INTERNET&NOT_RESTRICTED&TRUSTED] ]
D/ConnectivityManager.CallbackHandler( 1183): CM callback handler got msg 524295
D/HeadsetPhoneState( 4037): sendDeviceDataStateChanged
D/WifiController(  944): SET_AP_BOOSTER_FLAG ignored due to state change
D/HeadsetStateMachine( 4037): AudioOn process message: 18
D/ConnectivityManager.CallbackHandler( 1542): CM callback handler got msg 524295
D/ConnectivityManager.CallbackHandler( 1542): CM callback handler got msg 524295
D/ConnectivityManager.CallbackHandler(15188): CM callback handler got msg 524295
D/ConnectivityManager.CallbackHandler( 6618): CM callback handler got msg 524295
D/ConnectivityManager.CallbackHandler( 6618): CM callback handler got msg 524295
D/ConnectivityManager.CallbackHandler( 1542): CM callback handler got msg 524295
D/Mms/DownloadManager(26067): Service state changed: Bundle[mParcelledData.dataSize=756]
D/Mms/DownloadManager(26067): roaming ------> false, mSimSlot = 0
D/ConnectivityManager.CallbackHandler(19976): CM callback handler got msg 524295
D/ConnectivityService(  944): sending notification IP_CHANGED for NetworkRequest [ id=15, legacyType=-1, [ Capabilities: INTERNET&NOT_RESTRICTED&TRUSTED] ]
D/WifiService(  944): onDataConnectionStateChanged: state -2, networkType - HSPA
D/ConnectivityService(  944):  sending notification for NetworkRequest [ id=18, legacyType=-1, [ Capabilities: INTERNET&NOT_RESTRICTED&TRUSTED&NOT_VPN] ]
D/ConnectivityService(  944): sending notification IP_CHANGED for NetworkRequest [ id=18, legacyType=-1, [ Capabilities: INTERNET&NOT_RESTRICTED&TRUSTED&NOT_VPN] ]
D/ConnectivityService(  944):  sending notification for NetworkRequest [ id=184, legacyType=-1, [ Capabilities: INTERNET&NOT_RESTRICTED&TRUSTED] ]
D/ConnectivityService(  944): sending notification IP_CHANGED for NetworkRequest [ id=184, legacyType=-1, [ Capabilities: INTERNET&NOT_RESTRICTED&TRUSTED] ]
D/ConnectivityService(  944):  sending notification for NetworkRequest [ id=188, legacyType=-1, [ Capabilities: INTERNET&NOT_RESTRICTED&TRUSTED&NOT_VPN] ]
D/ConnectivityService(  944): sending notification IP_CHANGED for NetworkRequest [ id=188, legacyType=-1, [ Capabilities: INTERNET&NOT_RESTRICTED&TRUSTED&NOT_VPN] ]
D/ConnectivityService(  944): returning getActiveNetworkInfo :[type: MOBILE[HSPA] - MOBILE, state: CONNECTED/CONNECTED, reason: connected, extra: mtnirancell, roaming: false, failover: false, isAvailable: true, isConnectedToProvisioningNetwork: false]
D/Mms/TelephonyUtils(26067): getSubId from simSlot 0, return Value = 1
D/DctController( 1444): [DctController] DataStateReceiver: phoneId= 0
D/DctController( 1444): [DctController] DataStateReceiver: STATE_IN_SERVICE Intent from phoneId=0
D/FileWriteThread_Telephony( 1444): FileWriteThread : threadType = 2
I/SNL     ( 7086): Proxy service version is 2.7.9.2
I/SNL     ( 7086): SNL :: p_nc - Call(1)
I/SNL     ( 7086): SNL :: p_nc - version 0.2.7.9.2
I/SNL     ( 7086): SNL :: APM::onNotifyNetChange - Guard Locked
I/SNL     ( 7086): SNL :: APM::onNotifyNetChange - Guard Locked
I/SNL     ( 7086): SNL :: APM::onNotifyNetChange - end
I/SNL     ( 7086): SNL :: p_nc - Res()
D/Mms/DownloadManager(26067): roaming -> false (slotId = 0)
D/ConnectivityService(  944): returning getActiveNetworkInfo :[type: MOBILE[HSPA] - MOBILE, state: CONNECTED/CONNECTED, reason: connected, extra: mtnirancell, roaming: false, failover: false, isAvailable: true, isConnectedToProvisioningNetwork: false]
D/ConnectivityService(  944): returning getActiveNetworkInfo :[type: MOBILE[HSPA] - MOBILE, state: CONNECTED/CONNECTED, reason: connected, extra: mtnirancell, roaming: false, failover: false, isAvailable: true, isConnectedToProvisioningNetwork: false]
D/Mms/DownloadManager(26067): [NotificationTransaction] getAutoDownloadState simSlot : 0
D/Mms/DownloadManager(26067): auto download without roaming -> true
D/Mms/DownloadManager(26067): [NotificationTransaction] getAutoDownloadState alwaysAuto : false, roaming : false
D/Mms/DownloadManager(26067): mAutoDownload ------> true
D/StatusBar.NetworkController( 1183): onDataConnectionStateChanged: state=2 type=10
D/StatusBar.NetworkController( 1183): getUpdateDataNetType(): 10
D/StatusBar.NetworkController( 1183): updateDataNetType()
D/PopupuiReceiver( 8182): onReceive() getAction : android.intent.action.NETWORK_SET_TIMEZONE
D/SecContentProvider2(  944): uri = -1 selection = getSealedState
D/SecContentProvider2(  944): mCursor = null
I/PopupuiReceiver_KNOX( 8182): getSealedState : true
D/SecContentProvider2(  944): uri = 15 selection = getSealedHideNotificationMessages
D/SecContentProvider2(  944): mCursor = null
I/PopupuiReceiver_KNOX( 8182): getSealedHideNotificationMessages : 1
D/SecContentProvider2(  944): uri = 15 selection = getCheckCoverPopupState
D/SecContentProvider2(  944): mCursor = null
I/PopupuiReceiver_KNOX( 8182): getCheckCoverPopupState : true
D/PopupuiReceiver( 8182): NETWORK_SET_TIME prevMCCvalue : -111
D/PopupuiReceiver( 8182): gsm.operator.numeric : 432
D/StatusBar.NetworkController( 1183): Nothing, mRoamingIconId = 0
D/PopupuiReceiver( 8182): MCC init : mccstrcmp
D/StatusBar.NetworkController( 1183): updateDataIcon, mDataDirectionIconId = com.android.systemui:drawable/stat_sys_data_fully_connected_h mDataConnected = true
D/StatusBar.NetworkController( 1183): refreshViews connected={ data } level=4 combinedSignalIconId=0x7f0204df/com.android.systemui:drawable/stat_sys_signal_4_auto_rotate mobileLabel=Irancell wifiLabel= emergencyOnly=false combinedLabel=Irancell mAirplaneMode=false mDataActivity=0 mPhoneSignalIconId=0x7f0204df/com.android.systemui:drawable/stat_sys_signal_4_auto_rotate mQSPhoneSignalIconId=0x7f020136/com.android.systemui:drawable/ic_qs_signal_4 mDataDirectionIconId=0x7f020363/com.android.systemui:drawable/stat_sys_data_fully_connected_h mDataSignalIconId=0x7f0204df/com.android.systemui:drawable/stat_sys_signal_4_auto_rotate mDataTypeIconId=0x7f020348/com.android.systemui:drawable/stat_sys_data_connected_h mQSDataTypeIconId=0x7f020140/com.android.systemui:drawable/ic_qs_signal_h mNoSimIconId=0x0/(null) mWifiIconId=0x0/(null) mQSWifiIconId=0x0/(null) mWifiActivityIconId=0x7f02050d/com.android.systemui:drawable/stat_sys_signal_inout mBluetoothTetherIconId=0x10808f0/android:drawable/stat_sys_tether_bluetooth
D/STATUSBAR-WifiQuickSettingButton( 1183): onWifiSignalChanged enabled=false enabledDesc:null
D/Mms/SmsReceiver(26067): filterMsgServiceIntent : intent.getAction() : android.intent.action.SERVICE_STATE
D/ActivityManager(  944): startService callerProcessName:com.android.mms, calleePkgName: com.android.mms
D/ActivityManager(  944): caller:android.app.ApplicationThreadProxy@5ed7708, r.packageName :com.android.mms
E/SMD     (  304): DCD OFF
D/SettingsProvider(  944): name = internet_call_settings_visibility
D/SettingsProvider(  944): edmUri: content://com.sec.knox.provider/RestrictionPolicy3
D/SettingsProvider(  944): projectionArgs: isSettingsChangesAllowed
D/SettingsProvider(  944): selectionArgs: false
D/SettingsProvider(  944): selectionArgs: 1001
D/SecContentProvider(  944): uri = 17 selection = isSettingsChangesAllowed
D/SettingsProvider(  944): ret = -1
D/BootupListener( 1444): intent.getAction() = android.intent.action.SERVICE_STATE
D/StatusChecker( 8200): onReceive : android.intent.action.SERVICE_STATE
D/Mms/SmsReceiverService(26067): onStart: #1, mResultCode: 0 = Unknown error code, action = android.intent.action.SERVICE_STATE
D/Mms/TelephonyPermission(26067): mUserId = 0
D/Mms/TelephonyPermission(26067): isDefault false
D/Mms/SmsReceiverService(26067): [SMS]Receiver handleMessage : Action =android.intent.action.SERVICE_STATE
D/StatusChecker( 8200): Service state changed : 0 mSub1
D/SecContentProvider2(  944): uri = 14 selection = getSealedState
D/SecContentProvider2(  944): mCursor = null
D/ApplicationPolicy(  944): isStatusBarNotificationAllowedAsUser: packageName = com.dv.adm,userId = 0
V/ApplicationPolicy(  944): isApplicationStateBlocked userId 0 pkgname com.dv.adm
D/ZenLog  (  944): disable_effects: 0|com.dv.adm|1|null|10230,booleanState
D/StatusBar( 1183): ----- contentsUnchanged : true, bigContentsUnchanged - true, headsUpContentsUnchanged - true , publicUnchanged true
D/PersonaManager( 1183): isKioskContainerExistOnDevice
D/PersonaManager( 1183): isKioskContainerExistOnDevice
D/PanelView( 1183): There is/are notification(s) 
D/PanelView( 1183): There is/are notification(s) 
D/SecContentProvider(  944): uri = 15 selection = isClipboardAllowedAsUser
D/SecContentProvider(  944): uri = 15 selection = isClipboardShareAllowedAsUser
W/ActivityManager(  944): getTasks: caller 10230 does not hold REAL_GET_TASKS; limiting output
W/ActivityManager(  944): getTasks: caller 10230 does not hold REAL_GET_TASKS; limiting output
D/InputReader(  944): Input event: value=1
I/InputReader(  944): Touch event's action is 0x0 (deviceType=0) [pCnt=1, s=0.5458 ] when=60433724528000
I/InputDispatcher(  944): Delivering touch to (1183): action: 0x4, toolType: 1
I/InputDispatcher(  944): Delivering touch to (10933): action: 0x4, toolType: 1
I/InputDispatcher(  944): Delivering touch to (1334): action: 0x4, toolType: 1
D/ViewRootImpl( 1465): ViewPostImeInputStage ACTION_DOWN
I/InputDispatcher(  944): Delivering touch to (1465): action: 0x0, toolType: 1
I/InputDispatcher(  944): Delivering touch to (1381): action: 0x0, toolType: 1
D/FocusedStackFrame(  944): Set to : 0
D/InputReader(  944): Input event: value=0
I/InputReader(  944): Touch event's action is 0x1 (deviceType=0) [pCnt=1, s=] when=60433794635000
I/InputDispatcher(  944): Delivering touch to (1465): action: 0x1, toolType: 1
I/InputDispatcher(  944): Delivering touch to (1381): action: 0x1, toolType: 1
E/NetlinkEvent(  299): NetlinkEvent::FindParam(): Parameter 'TIME_NS' not found
D/SecContentProvider2(  944): uri = 14 selection = getSealedState
D/SecContentProvider2(  944): mCursor = null
D/ApplicationPolicy(  944): isStatusBarNotificationAllowedAsUser: packageName = com.dv.adm,userId = 0
D/SecContentProvider(  944): uri = 15 selection = isClipboardAllowedAsUser
V/ApplicationPolicy(  944): isApplicationStateBlocked userId 0 pkgname com.dv.adm
W/ActivityManager(  944): getTasks: caller 10230 does not hold REAL_GET_TASKS; limiting output
D/SecContentProvider(  944): uri = 15 selection = isClipboardShareAllowedAsUser
W/ActivityManager(  944): getTasks: caller 10230 does not hold REAL_GET_TASKS; limiting output
D/ZenLog  (  944): disable_effects: 0|com.dv.adm|1|null|10230,booleanState
D/StatusBar( 1183): ----- contentsUnchanged : true, bigContentsUnchanged - true, headsUpContentsUnchanged - true , publicUnchanged true
D/PersonaManager( 1183): isKioskContainerExistOnDevice
D/PersonaManager( 1183): isKioskContainerExistOnDevice
D/PanelView( 1183): There is/are notification(s) 
D/PanelView( 1183): There is/are notification(s) 
D/SecContentProvider2(  944): uri = 14 selection = getSealedState
D/SecContentProvider2(  944): mCursor = null
D/ApplicationPolicy(  944): isStatusBarNotificationAllowedAsUser: packageName = com.dv.adm,userId = 0
V/ApplicationPolicy(  944): isApplicationStateBlocked userId 0 pkgname com.dv.adm
D/ZenLog  (  944): disable_effects: 0|com.dv.adm|1|null|10230,booleanState
D/StatusBar( 1183): ----- contentsUnchanged : true, bigContentsUnchanged - true, headsUpContentsUnchanged - true , publicUnchanged true
D/SecContentProvider(  944): uri = 15 selection = isClipboardAllowedAsUser
D/SecContentProvider(  944): uri = 15 selection = isClipboardShareAllowedAsUser
W/ActivityManager(  944): getTasks: caller 10230 does not hold REAL_GET_TASKS; limiting output
W/ActivityManager(  944): getTasks: caller 10230 does not hold REAL_GET_TASKS; limiting output
D/PersonaManager( 1183): isKioskContainerExistOnDevice
D/PersonaManager( 1183): isKioskContainerExistOnDevice
D/PanelView( 1183): There is/are notification(s) 
D/PanelView( 1183): There is/are notification(s) 
D/InputReader(  944): Input event: value=1
V/Vibrator(  944): Called vibrateImmVibe(int, MagnitudeType) API - PUID: 1000, PackageName: android
V/Vibrator(  944): vibrateImmVibe - PUID: 1000, PackageName: android, type: 14, mag: 8000
D/lights  (  944): button : 1 +
I/AudioPolicyManager(  310): getAudioPolicyConfig: situation=1;device=0
I/AudioPolicyManager(  310): getSituationVolume: isBTConnected:1 isHeadConnected:0
V/AudioPolicyManager(  310): deviceInt = 0, situationInt = 1, situationVolume = 0.500000
I/InputDispatcher(  944): Delivering key to (1465): action: 0x0 (0)
V/VibratorService(  944): hasVibrator - useVibetonz: true
D/VibratorService(  944): Turning vibrator off - ImmVibe.
V/VibratorService(  944): vibrateImmVibe - package: android, type: 14, magnitude: 8000
D/PowerManagerService(  944): [input device light] setInputDeviceLightOn is called : 1
D/PowerManagerService(  944): [input device light] handleInputDeviceLightOn
V/AudioPolicyManager(  310): getDeviceForInputSource()input source 7, device 80000008
D/AudioPolicyManager(  310): getDeviceForStrategy STRATEGY_MEDIA force bt sco
V/AudioPolicyManager(  310): getOutput() device 32, stream 1, samplingRate 0, format 0, channelMask 0, flags 3
V/AudioPolicyManager(  310): getOutputsForDevice device 0020 -> 0020
V/AudioPolicyManager(  310): getOutput() returns output 2
V/AudioPolicyManager(  310): getDeviceForInputSource()input source 7, device 80000008
D/AudioPolicyManager(  310): getDeviceForStrategy STRATEGY_MEDIA force bt sco
V/AudioPolicyManager(  310): getOutput() device 32, stream 1, samplingRate 0, format 0, channelMask 0, flags 3
V/AudioPolicyManager(  310): getOutputsForDevice device 0020 -> 0020
V/AudioPolicyManager(  310): getOutput() returns output 2
V/AudioPolicyManager(  310): getOutputForAttr() usage=13, content=4, tag= flags=00000000
V/AudioPolicyManager(  310): getDeviceForInputSource()input source 7, device 80000008
D/AudioPolicyManager(  310): getDeviceForStrategy STRATEGY_MEDIA force bt sco
V/AudioPolicyManager(  310): getOutputForAttr() device 32, samplingRate 48000, format 1, channelMask 1, flags 4
V/AudioPolicyManager(  310): getOutputsForDevice device 0020 -> 0020
V/AudioPolicyManager(  310): getOutput() returns output 2
V/AudioPolicyManager(  310): startOutput() output 2, stream 1, session 4729
V/AudioPolicyManager(  310): changeRefCount() stream 1, count 1
V/AudioPolicyManager(  310): getDeviceForInputSource()input source 7, device 80000008
V/AudioPolicyManager(  310): getNewOutputDevice() selected device 20
V/AudioPolicyManager(  310): setOutputDevice() output 2 device 0020 delayMs 0
V/AudioPolicyManager(  310): setOutputDevice() prevDevice 0020
V/AudioPolicyManager(  310): getDeviceForInputSource()input source 7, device 80000008
D/AudioPolicyManager(  310): getDeviceForStrategy STRATEGY_MEDIA force bt sco
V/AudioPolicyManager(  310): getDeviceForInputSource()input source 7, device 80000008
V/AudioPolicyManager(  310): getDeviceForInputSource()input source 7, device 80000008
V/AudioPolicyManager(  310): getDeviceForInputSource()input source 7, device 80000008
V/AudioPolicyManager(  310): getDeviceForInputSource()input source 7, device 80000008
V/AudioPolicyManager(  310): setOutputDevice() changing device
V/AudioPolicyManager(  310): DeviceVector::refreshTypes() mDeviceTypes 00000020
V/AudioPolicyManager(  310): DeviceVector::getDevicesFromType() for type 20 found 0x9d21c0c0
D/audio_hw_primary(  310): out_set_parameters: enter: usecase(0: deep-buffer-playback) kvpairs: 00:02:37:00:B9:0A=;routing=32
V/audio_hw_primary(  310): get_voice_usecase_id_from_list: usecase id 12
V/audio_hw_primary(  310): select_devices: ENTER
V/audio_hw_primary(  310): select_devices: usecase(VOICE_CALL)
D/audio_hw_primary(  310): set_wb_network: isWBNetwork = 0
V/msm8974_platform(  310): platform_get_output_snd_device: enter: output devices(0x20)
V/msm8974_platform(  310): get_OUTPUT_snd_device: AUDIO_MODE_IN_CALL
V/msm8974_platform(  310): platform_get_output_snd_device_for_voicecall: enter: output devices(0x20)
V/msm8974_platform(  310): platform_get_output_snd_device: exit: snd_device(dummy)
V/msm8974_platform(  310): platform_get_input_snd_device: enter: out_device(0x20) in_device(0)
V/msm8974_platform(  310): get_INPUT_snd_device: AUDIO_MODE_IN_CALL
V/msm8974_platform(  310): platform_get_input_snd_device_for_voicecall: enter: out_device(0x20) in_device(0)
V/msm8974_platform(  310): platform_get_input_snd_device: exit: in_snd_device(dummy)
D/audio_hw_hfp(  310): audio_extn_hfp_set_parameters: enter
V/audio_hw_primary(  310): out_set_parameters: exit: code(0)
V/AudioPolicyManager(  310): setOutputDevice() createAudioPatch returned 0 patchHandle 4730num_sources 1 num_sinks 1
V/AudioPolicyManager(  310): checkAndSetVolume() cannot set stream 0 volume with force use = 3 for comm
V/AudioPolicyManager(  310): releaseOutput() 2
D/lights  (  944): button : 1 -
V/audio_hw_primary(  310): start_output_stream: enter: usecase(0: deep-buffer-playback) devices(0x20)
V/audio_hw_primary(  310): select_devices: ENTER
V/audio_hw_primary(  310): select_devices: usecase(normal)
V/audio_hw_primary(  310): get_voice_usecase_id_from_list: usecase id 12
V/audio_hw_primary(  310): select_devices: usecase(PCM_PLAYBACK)
D/audio_hw_primary(  310): select_devices: out_snd_device(21: dummy)
D/audio_hw_primary(  310): select_devices: in_snd_device(0: dummy)
V/audio_hw_primary(  310): enable_snd_device: snd_device(21: dummy) is already active
D/audio_route(  310): ++++ audio_route_update_mixer ==============
D/audio_route(  310): ------ audio_route_update_mixer ==============
V/audio_hw_primary(  310): enable_audio_route: enter: usecase(0)
V/audio_hw_primary(  310): enable_audio_route: apply mixer path: deep-buffer-playback bt-sco
D/audio_route(  310): ++++ audio_route_update_mixer ==============
D/audio_route(  310): Setting mixer control: AUX_PCM_RX Audio Mixer MultiMedia1
D/audio_route(  310): Setting mixer control: value: 1
D/audio_route(  310): ------ audio_route_update_mixer ==============
V/audio_hw_primary(  310): enable_audio_route: exit
V/audio_hw_primary(  310): start_output_stream: Opening PCM device card_id(0) device_id(0)
V/audio_hw_primary(  310): start_output_stream: exit
D/InputReader(  944): Input event: value=0
I/InputDispatcher(  944): Delivering key to (1465): action: 0x1 (0)
V/AudioPolicyManager(  310): stopOutput() output 2, stream 1, session 4729
V/AudioPolicyManager(  310): changeRefCount() stream 1, count 0
V/AudioPolicyManager(  310): getDeviceForInputSource()input source 7, device 80000008
V/AudioPolicyManager(  310): getNewOutputDevice() selected device 20
V/AudioPolicyManager(  310): setOutputDevice() output 2 device 0020 delayMs 160
V/AudioPolicyManager(  310): setOutputDevice() prevDevice 0020
V/AudioPolicyManager(  310): getDeviceForInputSource()input source 7, device 80000008
D/AudioPolicyManager(  310): getDeviceForStrategy STRATEGY_MEDIA force bt sco
V/AudioPolicyManager(  310): getDeviceForInputSource()input source 7, device 80000008
V/AudioPolicyManager(  310): getDeviceForInputSource()input source 7, device 80000008
V/AudioPolicyManager(  310): getDeviceForInputSource()input source 7, device 80000008
V/AudioPolicyManager(  310): getDeviceForInputSource()input source 7, device 80000008
V/AudioPolicyManager(  310): setOutputDevice() setting same device 0020 or null device for output 2
E/SMD     (  304): DCD OFF
D/SecContentProvider2(  944): uri = 14 selection = getSealedState
D/SecContentProvider2(  944): mCursor = null
D/ApplicationPolicy(  944): isStatusBarNotificationAllowedAsUser: packageName = com.dv.adm,userId = 0
V/ApplicationPolicy(  944): isApplicationStateBlocked userId 0 pkgname com.dv.adm
D/ZenLog  (  944): disable_effects: 0|com.dv.adm|1|null|10230,booleanState
D/StatusBar( 1183): ----- contentsUnchanged : true, bigContentsUnchanged - true, headsUpContentsUnchanged - true , publicUnchanged true
D/PersonaManager( 1183): isKioskContainerExistOnDevice
D/PersonaManager( 1183): isKioskContainerExistOnDevice
D/SecContentProvider(  944): uri = 15 selection = isClipboardAllowedAsUser
D/SecContentProvider(  944): uri = 15 selection = isClipboardShareAllowedAsUser
D/PanelView( 1183): There is/are notification(s) 
D/PanelView( 1183): There is/are notification(s) 
W/ActivityManager(  944): getTasks: caller 10230 does not hold REAL_GET_TASKS; limiting output
W/ActivityManager(  944): getTasks: caller 10230 does not hold REAL_GET_TASKS; limiting output
D/lights  (  944): button : 0 +
D/PowerManagerService(  944): [input device light] handleInputDeviceLightOff
D/lights  (  944): button : 0 -
D/SecContentProvider2(  944): uri = 14 selection = getSealedState
D/SecContentProvider2(  944): mCursor = null
D/SecContentProvider(  944): uri = 15 selection = isClipboardAllowedAsUser
D/SecContentProvider(  944): uri = 15 selection = isClipboardShareAllowedAsUser
D/ApplicationPolicy(  944): isStatusBarNotificationAllowedAsUser: packageName = com.dv.adm,userId = 0
V/ApplicationPolicy(  944): isApplicationStateBlocked userId 0 pkgname com.dv.adm
W/ActivityManager(  944): getTasks: caller 10230 does not hold REAL_GET_TASKS; limiting output
W/ActivityManager(  944): getTasks: caller 10230 does not hold REAL_GET_TASKS; limiting output
D/ZenLog  (  944): disable_effects: 0|com.dv.adm|1|null|10230,booleanState
D/StatusBar( 1183): ----- contentsUnchanged : true, bigContentsUnchanged - true, headsUpContentsUnchanged - true , publicUnchanged true
D/PersonaManager( 1183): isKioskContainerExistOnDevice
D/PersonaManager( 1183): isKioskContainerExistOnDevice
D/PanelView( 1183): There is/are notification(s) 
D/PanelView( 1183): There is/are notification(s) 
E/NetlinkEvent(  299): NetlinkEvent::FindParam(): Parameter 'TIME_NS' not found
D/InputReader(  944): Input event: value=1
D/InputReader(  944): !@notifyKey(172), action=0
D/InputManager-JNI(  944): !@interceptKeyBeforeQueueing(172), action=0
D/InputManager-JNI(  944): !@handleInterceptActions(172), action=0, wmActions=1
D/PersonaManager(  944): isKioskContainerExistOnDevice
D/VoIPInterfaceManager(  944): isVoIPRinging()...
D/VoIPInterfaceManager(  944): isVoIPRunningAndDeregi()...
D/VoIPInterfaceManager(  944): Not exist call session
D/StatusBar.NetworkController( 1183): onDataActivity: direction=2
D/StatusBar.NetworkController( 1183): updateDataIcon, mDataDirectionIconId = com.android.systemui:drawable/stat_sys_data_fully_connected_h mDataConnected = true
D/StatusBar.NetworkController( 1183): refreshViews connected={ data } level=4 combinedSignalIconId=0x7f0204df/com.android.systemui:drawable/stat_sys_signal_4_auto_rotate mobileLabel=Irancell wifiLabel= emergencyOnly=false combinedLabel=Irancell mAirplaneMode=false mDataActivity=2 mPhoneSignalIconId=0x7f0204df/com.android.systemui:drawable/stat_sys_signal_4_auto_rotate mQSPhoneSignalIconId=0x7f020136/com.android.systemui:drawable/ic_qs_signal_4 mDataDirectionIconId=0x7f020363/com.android.systemui:drawable/stat_sys_data_fully_connected_h mDataSignalIconId=0x7f0204df/com.android.systemui:drawable/stat_sys_signal_4_auto_rotate mDataTypeIconId=0x7f020348/com.android.systemui:drawable/stat_sys_data_connected_h mQSDataTypeIconId=0x7f020140/com.android.systemui:drawable/ic_qs_signal_h mNoSimIconId=0x0/(null) mWifiIconId=0x0/(null) mQSWifiIconId=0x0/(null) mWifiActivityIconId=0x7f02050d/com.android.systemui:drawable/stat_sys_signal_inout mBluetoothTetherIconId=0x10808f0/android:drawable/stat_sys_tether_bluetooth
D/STATUSBAR-WifiQuickSettingButton( 1183): onWifiSignalChanged enabled=false enabledDesc:null
D/StatusBar.NetworkController( 1183): refreshSignalCluster - setNWBoosterIndicators(false)
D/StatusBar.NetworkController( 1183): applyOpen
D/StatusBar.NetworkController( 1183): refreshSignalCluster - setNWBoosterIndicators(false)
D/StatusBar.NetworkController( 1183): applyOpen
D/StatusBar.NetworkController( 1183): refreshSignalCluster - setNWBoosterIndicators(false)
D/StatusBar.NetworkController( 1183): applyOpen
D/StatusBar.NetworkController( 1183): refreshSignalCluster - setNWBoosterIndicators(false)
D/StatusBar.NetworkController( 1183): applyOpen
V/audio_hw_primary(  310): out_standby: enter: usecase(0: deep-buffer-playback)
D/SecContentProvider2(  944): uri = 14 selection = getSealedState
D/SecContentProvider2(  944): mCursor = null
D/ApplicationPolicy(  944): isStatusBarNotificationAllowedAsUser: packageName = com.dv.adm,userId = 0
V/ApplicationPolicy(  944): isApplicationStateBlocked userId 0 pkgname com.dv.adm
D/ZenLog  (  944): disable_effects: 0|com.dv.adm|1|null|10230,booleanState
D/StatusBar( 1183): ----- contentsUnchanged : true, bigContentsUnchanged - true, headsUpContentsUnchanged - true , publicUnchanged true
D/PersonaManager( 1183): isKioskContainerExistOnDevice
D/PersonaManager( 1183): isKioskContainerExistOnDevice
D/SecContentProvider(  944): uri = 15 selection = isClipboardAllowedAsUser
D/SecContentProvider(  944): uri = 15 selection = isClipboardShareAllowedAsUser
D/PanelView( 1183): There is/are notification(s) 
W/ActivityManager(  944): getTasks: caller 10230 does not hold REAL_GET_TASKS; limiting output
W/ActivityManager(  944): getTasks: caller 10230 does not hold REAL_GET_TASKS; limiting output
D/PanelView( 1183): There is/are notification(s) 
V/AlarmManager(  944): waitForAlarm result :8
D/KeyguardUpdateMonitor( 1183): received broadcast android.intent.action.TIME_TICK
D/KeyguardUpdateMonitor( 1183): handleTimeUpdate
D/KeyguardEffectViewController( 1183): onReceive action : android.intent.action.TIME_TICK
I/KeyguardEffectViewController( 1183): *** don't update sliding image ***
D/DateView( 1183): regionalDateFormat = 11/22/3333 isRTLlanguage = false returnDateFormat = E, MMMM d
D/DateView( 1183): regionalDateFormat = 11/22/3333 isRTLlanguage = false returnDateFormat = E, MMMM d
D/UpdateUtils( 6658): update
D/ZenLog  (  944): disable_effects: 0|com.byagowi.persiancalendar|1001|null|10272,booleanState
D/StatusBar( 1183): ----- contentsUnchanged : true, bigContentsUnchanged - true, headsUpContentsUnchanged - true , publicUnchanged true
D/PersonaManager( 1183): isKioskContainerExistOnDevice
D/PersonaManager( 1183): isKioskContainerExistOnDevice
V/audio_hw_primary(  310): stop_output_stream: enter: usecase(0: deep-buffer-playback)
V/audio_hw_primary(  310): disable_audio_route: enter: usecase(0)
V/audio_hw_primary(  310): disable_audio_route: reset mixer path: deep-buffer-playback bt-sco
D/audio_route(  310): ++++ audio_route_update_mixer ==============
D/audio_route(  310): Setting mixer control: AUX_PCM_RX Audio Mixer MultiMedia1
D/audio_route(  310): Setting mixer control: value: 0
D/audio_route(  310): ------ audio_route_update_mixer ==============
V/audio_hw_primary(  310): disable_audio_route: exit
V/audio_hw_primary(  310): disable_snd_device: dummy ref cnt 1
V/audio_hw_primary(  310): stop_output_stream: exit: status(0)
V/audio_hw_primary(  310): out_standby: exit
D/ResourcesManager( 1341): creating new AssetManager and set to /data/app/com.byagowi.persiancalendar-1/base.apk
D/PanelView( 1183): There is/are notification(s) 
D/PanelView( 1183): There is/are notification(s) 
E/SMD     (  304): DCD OFF
D/InputDispatcher(  944): set entryflags to AKEY_EVENT_FLAG_LONG_PRESS
D/PersonaManager(  944): isKioskContainerExistOnDevice
D/VoIPInterfaceManager(  944): isVoIPRinging()...
D/VoIPInterfaceManager(  944): isVoIPRunningAndDeregi()...
D/VoIPInterfaceManager(  944): Not exist call session
V/Vibrator(  944): Called vibrateImmVibe(int, MagnitudeType) API - PUID: 1000, PackageName: android
V/Vibrator(  944): vibrateImmVibe - PUID: 1000, PackageName: android, type: 9, mag: 8000
D/VoIPInterfaceManager(  944): isVoIPRinging()...
D/VoIPInterfaceManager(  944): isVoIPRunningAndDeregi()...
D/VoIPInterfaceManager(  944): Not exist call session
V/VibratorService(  944): hasVibrator - useVibetonz: true
D/VibratorService(  944): Turning vibrator off - ImmVibe.
V/VibratorService(  944): vibrateImmVibe - package: android, type: 9, magnitude: 8000
I/Sally Service(10933): removeWindow window
D/Recents_AlternateRecentsComponent( 1183): onToggleRecents is getting called
D/Recents_AlternateRecentsComponent( 1183): toggleRecentsActivity is getting called
V/Scroll/Pause Worker(  944): onReceive: android.intent.action.CLOSE_SYSTEM_DIALOGS
W/ContextImpl(  944): Calling a method in the system process without a qualified user: android.app.ContextImpl.sendBroadcast:1686 com.android.server.accessibility.AccessibilityManagerService$DirectAccessBrocastReceiver.onReceive:382 android.app.LoadedApk$ReceiverDispatcher$Args.run:923 android.os.Handler.handleCallback:739 android.os.Handler.dispatchMessage:95 
D/Recents_AlternateRecentsComponent( 1183): isRecentsTopMost is getting called
D/Recents_AlternateRecentsComponent( 1183): startRecentsActivity with arg is getting called
D/Recents_AlternateRecentsComponent( 1183): getHomeTransitionActivityOptions is getting called
D/Recents_AlternateRecentsComponent( 1183): startAlternateRecentsActivity with arg is getting called
E/PersonaManagerService(  944): inState():  stateMachine is null !!
I/PersonaManagerService(  944): PersonaId don't exist
I/ActivityManager(  944): do not start freezing screen for locked container getKeyguardshowstate = false
I/ActivityManager(  944): START u0 {act=com.android.systemui.recents.SHOW_RECENTS flg=0x10800000 cmp=com.android.systemui/.recents.RecentsActivity (has extras)} from uid 10076 on display 0
D/CustomFrequencyManagerService(  944): acquireDVFSLockLocked : type : DVFS_MIN_LIMIT  frequency : 1958400  uid : 1000  pid : 944  pkgName : ACTIVITY_RESUME_BOOSTER@7
W/ActivityManager(  944): mDVFSHelper.acquire()
D/Launcher.HomeView( 1465): onPause
D/Launcher( 1465): Launcher::setSystemUiTransparency(): getSystemUiVisibility() after setting  = 40000000
D/PersonaManager(  944): isKioskContainerExistOnDevice
V/WindowOrientationListener(  944): mSContextAutoRotationListener.getProposedRotation, mbResultFaceDectection: false
V/WindowOrientationListener(  944): mSContextAutoRotationListener.getProposedRotation, Rotation: -1
V/WindowOrientationListener(  944): mSContextAutoRotationListener.getProposedRotation, mbResultFaceDectection: false
V/WindowOrientationListener(  944): mSContextAutoRotationListener.getProposedRotation, Rotation: -1
D/VoIPInterfaceManager(  944): isVoIPRinging()...
D/VoIPInterfaceManager(  944): isVoIPRunningAndDeregi()...
D/VoIPInterfaceManager(  944): Not exist call session
V/WindowManager(  944): rotationForOrientationLw(orient=-1, last=0); user=0  sensorRotation=-1 mLidState=-1 mDockMode=0 mHdmiPlugged=false
D/PointerIcon(  944): setMouseIconStyle1 pointerType: 1001iconType:101 flag:0
D/PointerIcon(  944): setMouseCustomIcon IconType is same.101
D/PointerIcon(  944): setHoveringSpenIconStyle1 pointerType: 10001iconType:1 flag:0
D/PointerIcon(  944): setHoveringSpenCustomIcon IconType is same.1
D/PhoneStatusBar( 1183): animateCollapse(): mExpandedVisible=false flags=2
D/StatusBar-Window( 1183): fnf=true sanc=false, kni=false, sbf=false
D/CoverUI ( 1183): applyFocusableFlag() : Remove SAMSUNG_FLAG_SVIEW_COVER
D/HotspotTile( 1183): onReceive : android.intent.action.CLOSE_SYSTEM_DIALOGS
D/AirplaneModeTile( 1183): onReceive : android.intent.action.CLOSE_SYSTEM_DIALOGS
D/STATUSBAR-LocationQuickSettingButton( 1183): onReceive : android.intent.action.CLOSE_SYSTEM_DIALOGS
D/ConnectivityService(  944): returning getNetworkInfo(networkType - 1) :[type: WIFI[] - WIFI, state: DISCONNECTED/DISCONNECTED, reason: (unspecified), extra: (none), roaming: false, failover: false, isAvailable: true, isConnectedToProvisioningNetwork: false]
D/Recents_RecentsActivity(15214): onStart is getting called 
V/TaskCloserActivity(20051): TaskCloserActivity onReceive() - com.sec.android.intent.action.HOME_PAUSE
D/Launcher.HomeView( 1465): onStop
V/ActivityThread( 1465): updateVisibility : ActivityRecord{35ac4ce6 token=android.os.BinderProxy@2ad6be24 {com.sec.android.app.launcher/com.android.launcher2.Launcher}} show : false
D/PersonaManager(  944): isKioskContainerExistOnDevice
D/ActivityManager(  944): post active user change for 0
D/KnoxTimeoutHandler(  944): postActiveUserChange for user 0
D/KnoxTimeoutHandler(  944): handleActiveUserChange for user 0
D/PackageManager(  944): findPreferredActivity: No PreferredActivities set
D/VoIPInterfaceManager(  944): isVoIPRinging()...
D/VoIPInterfaceManager(  944): isVoIPRunningAndDeregi()...
D/VoIPInterfaceManager(  944): Not exist call session
D/Recents_RecentsActivity(15214): onResume is getting called 
D/Recents_RecentsActivity(15214): onNewIntent is getting called 
D/Recents_RecentsActivity(15214): updateRecentsTasks is getting called
D/Recents_RecentsTaskLoader(15214): getTaskStack is getting called
D/Launcher( 1465): onTrimMemory. Level: 20
D/StautsBar-RecentsTaskLoader(15214): getTaskStack id: 8261 label:Persian Calendar
D/StautsBar-RecentsTaskLoader(15214): getTaskStack id: 8265 label:Tehran Metro
D/StautsBar-RecentsTaskLoader(15214): getTaskStack id: 8266 label:Telegram
D/StautsBar-RecentsTaskLoader(15214): getTaskStack id: 8268 label:YouTube
D/StautsBar-RecentsTaskLoader(15214): getTaskStack id: 8269 label:
D/StautsBar-RecentsTaskLoader(15214): getTaskStack id: 8253 label:Pocket
D/StautsBar-RecentsTaskLoader(15214): getTaskStack id: 8270 label:Netbarg
D/StautsBar-RecentsTaskLoader(15214): getTaskStack id: 8271 label:Jaaar
D/StautsBar-RecentsTaskLoader(15214): getTaskStack id: 8272 label:Quizlet
D/StautsBar-RecentsTaskLoader(15214): getTaskStack id: 8273 label:
D/ResourcesManager(15214): creating new AssetManager and set to /data/app/ir.ontract.app-2/base.apk
W/ResourceType(15214): No package identifier when getting value for resource number 0x00000000
W/PackageManager(15214): Failure retrieving resources for ir.ontract.app: Resource ID #0x0
D/StautsBar-RecentsTaskLoader(15214): getTaskStack id: 8274 label:Ontract
D/ResourcesManager(15214): creating new AssetManager and set to /system/priv-app/SecMyFiles2/SecMyFiles2.apk
W/ResourceType(15214): No package identifier when getting value for resource number 0x00000000
W/PackageManager(15214): Failure retrieving resources for com.sec.android.app.myfiles: Resource ID #0x0
D/PersonaManager(  944): isKioskContainerExistOnDevice
D/VoIPInterfaceManager(  944): isVoIPRinging()...
D/VoIPInterfaceManager(  944): isVoIPRunningAndDeregi()...
D/VoIPInterfaceManager(  944): Not exist call session
D/StautsBar-RecentsTaskLoader(15214): getTaskStack id: 8277 label:My Files
D/ResourcesManager(15214): creating new AssetManager and set to /system/priv-app/SecSettings/SecSettings.apk
W/ResourceType(15214): No package identifier when getting value for resource number 0x00000000
W/PackageManager(15214): Failure retrieving resources for com.android.settings: Resource ID #0x0
D/StautsBar-RecentsTaskLoader(15214): getTaskStack id: 8287 label:Security
D/PersonaManager(  944): isKioskContainerExistOnDevice
W/ResourceType(15214): No package identifier when getting value for resource number 0x00000000
W/PackageManager(15214): Failure retrieving resources for com.android.settings: Resource ID #0x0
D/VoIPInterfaceManager(  944): isVoIPRinging()...
D/VoIPInterfaceManager(  944): isVoIPRunningAndDeregi()...
D/VoIPInterfaceManager(  944): Not exist call session
D/StautsBar-RecentsTaskLoader(15214): getTaskStack id: 8292 label:Search
W/ResourceType(15214): No package identifier when getting value for resource number 0x00000000
W/PackageManager(15214): Failure retrieving resources for com.android.settings: Resource ID #0x0
D/StautsBar-RecentsTaskLoader(15214): getTaskStack id: 8291 label:Settings
D/StautsBar-RecentsTaskLoader(15214): getTaskStack id: 8281 label:Contacts
D/SecContentProvider2(  944): uri = 13 selection = isTaskManagerAllowed
D/SecContentProvider2(  944): mCursor = null
D/PersonaManager(  944): isKioskContainerExistOnDevice
D/PackageManager(  944): findPreferredActivity: No PreferredActivities set
D/VoIPInterfaceManager(  944): isVoIPRinging()...
D/VoIPInterfaceManager(  944): isVoIPRunningAndDeregi()...
D/VoIPInterfaceManager(  944): Not exist call session
D/Recents_RecentsActivity(15214): onResume is getting called 
D/Recents_TaskStackView(15214): onMeasure is getting called
D/Recents_TaskStackView(15214): computeRects is called 1080windowWidth1920taskStackBoundsRect(0, 0 - 1080, 1920)
D/Recents_TaskStackView(15214): updateMinMaxScroll is getting called
D/Recents_TaskStackView(15214): requestSynchronizeStackViewsWithModel duration=0
D/Recents_TaskStackView(15214): requestSynchronizeStackViewsWithModel duration=0
D/Recents_TaskStackView(15214): synchronizeStackViewsWithModel is called mStackViewsDirtytrue
D/Recents_TaskStackView(15214): updateStackTransforms is getting called
D/Recents_TaskView(15214): setDim is called dim=96
D/Recents_TaskView(15214): setTaskProgress is called mTaskProgress=0.0
D/Recents_TaskView(15214): getDim is called mDim=96
D/Recents_TaskView(15214): setDim is called dim=96
D/Recents_TaskViewHeader(15214): onFinishInflate
D/Recents_TaskView(15214): onFinishInflate
D/Recents_TaskView(15214): onTaskBound is getting called
D/Recents_TaskView(15214): animateFooterVisibility is called
D/Recents_TaskStackView(15214): prepareViewToLeavePool TaskView=com.android.systemui.recents.views.TaskView{10139a6 VFE..... ......I. 0,0-0,0}isNewViewtrue
D/Recents_RecentsTaskLoader(15214): loadTaskData is getting called
D/Recents_TaskView(15214): onTaskDataLoaded is getting called
D/Recents_TaskViewHeader(15214): rebindToTask task=Task (8281): com.asus.contacts [com.android.systemui.recents.model.Task@2b6811ef]
D/Recents_TaskView(15214): updateViewPropertiesToTaskTransform is called
D/Recents_TaskView(15214): setDim is called dim=8
D/Recents_TaskView(15214): setTaskProgress is called mTaskProgress=0.71000004
D/Recents_TaskView(15214): setDim is called dim=96
D/Recents_TaskView(15214): setTaskProgress is called mTaskProgress=0.0
D/Recents_TaskView(15214): getDim is called mDim=96
D/Recents_TaskView(15214): setDim is called dim=96
D/Recents_TaskViewHeader(15214): onFinishInflate
D/Recents_TaskView(15214): onFinishInflate
D/Recents_TaskView(15214): onTaskBound is getting called
D/Recents_TaskView(15214): animateFooterVisibility is called
D/Recents_TaskStackView(15214): prepareViewToLeavePool TaskView=com.android.systemui.recents.views.TaskView{30f74a32 VFE..... ......I. 0,0-0,0}isNewViewtrue
D/Recents_RecentsTaskLoader(15214): loadTaskData is getting called
D/Recents_TaskView(15214): onTaskDataLoaded is getting called
D/Recents_TaskViewHeader(15214): rebindToTask task=Task (8291): com.android.settings [com.android.systemui.recents.model.Task@97a4fe7]
D/Recents_TaskView(15214): updateViewPropertiesToTaskTransform is called
D/Recents_TaskView(15214): setDim is called dim=17
D/Recents_TaskView(15214): setTaskProgress is called mTaskProgress=0.56970525
D/Recents_TaskView(15214): setDim is called dim=96
D/Recents_TaskView(15214): setTaskProgress is called mTaskProgress=0.0
D/Recents_TaskView(15214): getDim is called mDim=96
D/Recents_TaskView(15214): setDim is called dim=96
D/Recents_TaskViewHeader(15214): onFinishInflate
D/Recents_TaskView(15214): onFinishInflate
D/Recents_TaskView(15214): onTaskBound is getting called
D/Recents_TaskView(15214): animateFooterVisibility is called
D/Recents_TaskStackView(15214): prepareViewToLeavePool TaskView=com.android.systemui.recents.views.TaskView{38f9900 VFE..... ......I. 0,0-0,0}isNewViewtrue
D/Recents_RecentsTaskLoader(15214): loadTaskData is getting called
D/Recents_TaskView(15214): onTaskDataLoaded is getting called
D/Recents_TaskViewHeader(15214): rebindToTask task=Task (8292): com.android.settings [com.android.systemui.recents.model.Task@6920383]
D/Recents_TaskView(15214): updateViewPropertiesToTaskTransform is called
D/Recents_TaskView(15214): setDim is called dim=31
D/Recents_TaskView(15214): setTaskProgress is called mTaskProgress=0.42941046
D/Recents_TaskView(15214): setDim is called dim=96
D/Recents_TaskView(15214): setTaskProgress is called mTaskProgress=0.0
D/Recents_TaskView(15214): getDim is called mDim=96
D/Recents_TaskView(15214): setDim is called dim=96
D/PersonaManager(  944): isKioskContainerExistOnDevice
D/Recents_TaskViewHeader(15214): onFinishInflate
D/Recents_TaskView(15214): onFinishInflate
D/Recents_TaskView(15214): onTaskBound is getting called
D/Recents_TaskView(15214): animateFooterVisibility is called
D/Recents_TaskStackView(15214): prepareViewToLeavePool TaskView=com.android.systemui.recents.views.TaskView{3dcbd77e VFE..... ......I. 0,0-0,0}isNewViewtrue
D/Recents_RecentsTaskLoader(15214): loadTaskData is getting called
D/Recents_TaskView(15214): onTaskDataLoaded is getting called
D/Recents_TaskViewHeader(15214): rebindToTask task=Task (8287): com.android.settings [com.android.systemui.recents.model.Task@1ac25539]
D/Recents_TaskView(15214): updateViewPropertiesToTaskTransform is called
D/Recents_TaskView(15214): setDim is called dim=48
D/Recents_TaskView(15214): setTaskProgress is called mTaskProgress=0.28911567
D/Recents_TaskView(15214): setDim is called dim=96
D/Recents_TaskView(15214): setTaskProgress is called mTaskProgress=0.0
D/Recents_TaskView(15214): getDim is called mDim=96
D/Recents_TaskView(15214): setDim is called dim=96
D/VoIPInterfaceManager(  944): isVoIPRinging()...
D/VoIPInterfaceManager(  944): isVoIPRunningAndDeregi()...
D/VoIPInterfaceManager(  944): Not exist call session
D/Recents_TaskViewHeader(15214): onFinishInflate
D/Recents_TaskView(15214): onFinishInflate
D/Recents_TaskView(15214): onTaskBound is getting called
D/Recents_TaskView(15214): animateFooterVisibility is called
D/Recents_TaskStackView(15214): prepareViewToLeavePool TaskView=com.android.systemui.recents.views.TaskView{25d5452c VFE..... ......I. 0,0-0,0}isNewViewtrue
D/Recents_RecentsTaskLoader(15214): loadTaskData is getting called
D/Recents_TaskView(15214): onTaskDataLoaded is getting called
D/Recents_TaskViewHeader(15214): rebindToTask task=Task (8277): com.sec.android.app.myfiles [com.android.systemui.recents.model.Task@14e754df]
D/Recents_TaskView(15214): updateViewPropertiesToTaskTransform is called
D/Recents_TaskView(15214): setDim is called dim=69
D/Recents_TaskView(15214): setTaskProgress is called mTaskProgress=0.14882088
D/Recents_TaskView(15214): setDim is called dim=96
D/Recents_TaskView(15214): setTaskProgress is called mTaskProgress=0.0
D/Recents_TaskView(15214): getDim is called mDim=96
D/Recents_TaskView(15214): setDim is called dim=96
D/Recents_TaskViewHeader(15214): onFinishInflate
