I/TZ_CCM_SERVER( 1094): BnCCM::onTransact(2) 16
I/TZ_CCM_SERVER( 1094): COMM
I/TZ: client_server_communication(  944): Client_Server_Close was called
I/TZ_CCM_SERVER( 1094): BnCCM::onTransact(1) 16
I/TZ_CCM_SERVER( 1094): CLOSESWCONN
D/QSEECOMAPI: ( 1094): QSEECom_dealloc_memory 
D/QSEECOMAPI: ( 1094): QSEECom_shutdown_app, app_id = 5
I/TZ: client_server_communication(  944): Client_Server_Close succeeded
D/PersonaManager( 1183): isKioskContainerExistOnDevice
D/UMC:CloudMDMSecurity(19467): ccmRegisterForDefaultCertificate: 0
D/PersonaManager( 1183): isKioskContainerExistOnDevice
D/UMC:CloudMDMSecurity(19467): TIMA service call for password change success!!
D/PanelView( 1183): There is/are notification(s) 
D/PanelView( 1183): There is/are notification(s) 
D/UMC:AdminManager(19467): init - start
D/UMC:AdminManager(19467): loadAdmins
D/UMC:AdminManager(19467): startPolicyHandlers
I/UMC:TestPolicyHandler(19467): Setup is called in testpolicyhandler
D/UMC:AdminManager(19467): init - end
V/UMC:AlarmHandler(19467): Enter loadList
D/GSLBManager(19467): migrateStoredUrlFromOldPref
D/GSLBManager(19467): migrateStoredUrlFromOldPref : Migration Not Needed
D/UMC:UMCAdmin(19467): deactivateUMCAdminIfNotRequired : -1
E/UMC:Utils(19467): Admin not found in package com.samsung.knoxpb.mdm
D/UMC:UMCAdmin(19467): deactivateUMCAdmin : -1
D/UMC:UMCAdmin(19467): isContainer : 0
W/LicenseLogService(  944): log() failed
D/EnterpriseDeviceManagerService(  944): isManagedProfileUser(): userId = 0
E/UMC:UMCAdmin(19467): No active admin owned by uid 10103
D/UMC:UMCAdmin(19467): isContainer : 0
D/UMC:UMCAdmin(19467): deactivateUMCAdmin - UMC App Admin deactivated
D/QuickStartReceiver(19467): Intent Action : android.intent.action.PACKAGE_REMOVED
D/QuickStartReceiver(19467): Intent Replacing : true
E/Zygote  (19485): MountEmulatedStorage()
E/Zygote  (19485): v2
I/SELinux (19485): Function: selinux_compare_spd_ram , priority [2] , priority version is VE=SEPF_SM-N9005_5.0-1_0046
E/SELinux (19485): [DEBUG] get_category: variable seinfo: platform sensitivity: NULL, cateogry: NULL
D/TimaKeyStoreProvider(19485): TimaSignature is unavailable
D/ActivityThread(19485): Added TimaKeyStore provider
D/ResourcesManager(19485): creating new AssetManager and set to /system/app/InteractiveTutorial/InteractiveTutorial.apk
E/Zygote  (19506): MountEmulatedStorage()
E/Zygote  (19506): v2
I/SELinux (19506): Function: selinux_compare_spd_ram , priority [2] , priority version is VE=SEPF_SM-N9005_5.0-1_0046
E/SELinux (19506): [DEBUG] get_category: variable seinfo: platform sensitivity: NULL, cateogry: NULL
D/TimaKeyStoreProvider(19506): TimaSignature is unavailable
D/ActivityThread(19506): Added TimaKeyStore provider
D/ResourcesManager(19506): creating new AssetManager and set to /system/app/AssistantMenu2/AssistantMenu2.apk
E/Zygote  (19525): MountEmulatedStorage()
E/Zygote  (19525): v2
I/SELinux (19525): Function: selinux_compare_spd_ram , priority [2] , priority version is VE=SEPF_SM-N9005_5.0-1_0046
E/SELinux (19525): [DEBUG] get_category: variable seinfo: platform sensitivity: NULL, cateogry: NULL
D/TimaKeyStoreProvider(19525): TimaSignature is unavailable
D/ActivityThread(19525): Added TimaKeyStore provider
D/AndroidRuntime(19515): 
D/AndroidRuntime(19515): >>>>>> AndroidRuntime START com.android.internal.os.RuntimeInit <<<<<<
D/AndroidRuntime(19515): CheckJNI is OFF
D/AndroidRuntime(19515): readGMSProperty: start
D/AndroidRuntime(19515): readGMSProperty: already setted!!
D/AndroidRuntime(19515): readGMSProperty: end
D/AndroidRuntime(19515): addProductProperty: start
D/ResourcesManager(19525): creating new AssetManager and set to /system/app/FilterInstaller/FilterInstaller.apk
E/Zygote  (19542): MountEmulatedStorage()
E/Zygote  (19542): v2
I/SELinux (19542): Function: selinux_compare_spd_ram , priority [2] , priority version is VE=SEPF_SM-N9005_5.0-1_0046
E/SELinux (19542): [DEBUG] get_category: variable seinfo: platform sensitivity: NULL, cateogry: NULL
D/TimaKeyStoreProvider(19542): TimaSignature is unavailable
E/Zygote  (19558): MountEmulatedStorage()
E/Zygote  (19558): v2
D/ActivityThread(19542): Added TimaKeyStore provider
I/SELinux (19558): Function: selinux_compare_spd_ram , priority [2] , priority version is VE=SEPF_SM-N9005_5.0-1_0046
E/SELinux (19558): [DEBUG] get_category: variable seinfo: platform sensitivity: NULL, cateogry: NULL
D/ResourcesManager(19542): creating new AssetManager and set to /system/app/SecKidsModeInstaller/SecKidsModeInstaller.apk
E/AffinityControl(19515): AffinityControl: registerfunction enter
D/TimaKeyStoreProvider(19558): TimaSignature is unavailable
D/ActivityThread(19558): Added TimaKeyStore provider
D/AndroidRuntime(19515): Calling main entry com.android.commands.am.Am
E/PersonaManagerService(  944): inState():  stateMachine is null !!
I/PersonaManagerService(  944): PersonaId don't exist
I/ActivityManager(  944): do not start freezing screen for locked container getKeyguardshowstate = false
D/ResourcesManager(19558): creating new AssetManager and set to /system/app/FilterProvider/FilterProvider.apk
V/ApplicationPolicy(  944): isApplicationStateBlocked userId 0 pkgname com.awesomeproject
D/ResourcesManager(  944): creating new AssetManager and set to /data/app/com.awesomeproject-1/base.apk
D/KidsModeInstallReceiver(19542): onReceive intent data =  package:com.awesomeproject
D/KidsModeInstallReceiver(19542): Package not found : com.sec.android.app.kidshome
D/KidsModeInstallReceiver(19542): checkPackage() : kidsHomeVersion :  -1
I/SurfaceFlinger(  265): id=2136 createSurf (1x1),1 flag=404, bwesomeproj
D/InCall  ( 2006): StatusBarNotifier - updateInCallNotification(allowFullScreenIntent = false)...
D/InCall  ( 2006): ContactInfoCache - Contact lookup. In memory cache hit; lookup complete
D/InCall  ( 2006): ContactInfoCache - If no other callbacks are in flight, we're done.
V/InCall  ( 2006): ProximitySensor -  - screenonImmediately: true
V/InCall  ( 2006): ProximitySensor -  - mFromRcsShare: false
I/InCall  ( 2006): ProximitySensor -  - ProximitySensor{keybrd=0, dpad=0, offhook=1, hor=1, ui=0, aud=BLUETOOTH}
D/InCall  ( 2006): InCallUtils - isCoverClosed false
D/AndroidRuntime(19515): Shutting down VM
E/Zygote  (19581): MountEmulatedStorage()
E/Zygote  (19581): v2
I/SELinux (19581): Function: selinux_compare_spd_ram , priority [2] , priority version is VE=SEPF_SM-N9005_5.0-1_0046
E/SELinux (19581): [DEBUG] get_category: variable seinfo: default sensitivity: NULL, cateogry: NULL
D/PointerIcon(  944): setMouseIconStyle1 pointerType: 1001iconType:101 flag:0
D/PointerIcon(  944): setMouseCustomIcon IconType is same.101
D/PointerIcon(  944): setHoveringSpenIconStyle1 pointerType: 10001iconType:1 flag:0
D/PointerIcon(  944): setHoveringSpenCustomIcon IconType is same.1
I/art     (19581): Late-enabling -Xcheck:jni
D/InCall  ( 2006): InCallActivity -  - onWindowFocusChanged(false)...
E/Zygote  (19595): MountEmulatedStorage()
E/Zygote  (19595): v2
E/SQLiteLog(19558): (284) automatic index on titles(filter_id)
I/SELinux (19595): Function: selinux_compare_spd_ram , priority [2] , priority version is VE=SEPF_SM-N9005_5.0-1_0046
E/SELinux (19595): [DEBUG] get_category: variable seinfo: platform sensitivity: NULL, cateogry: NULL
D/TimaKeyStoreProvider(19581): TimaSignature is unavailable
D/InCall  ( 2006): StatusBarNotifier - Data changed.  Showing notification
I/SystemDBInterface( 2006): [DRIVELINK]check CarModeONNavi flagDriveLink : 0
D/ActivityThread(19581): Added TimaKeyStore provider
I/SystemDBInterface( 2006): [DRIVELINK]check CarModeONNavi isRunningProcess : false
V/WindowOrientationListener(  944): mSContextAutoRotationListener.getProposedRotation, mbResultFaceDectection: false
V/WindowOrientationListener(  944): mSContextAutoRotationListener.getProposedRotation, Rotation: -1
V/WindowOrientationListener(  944): mSContextAutoRotationListener.getProposedRotation, mbResultFaceDectection: false
V/WindowOrientationListener(  944): mSContextAutoRotationListener.getProposedRotation, Rotation: -1
D/KeyguardViewMediator( 1183): setOccluded false
D/StatusBar-Window( 1183): fnf=true sanc=false, kni=false, sbf=false
D/CoverUI ( 1183): applyFocusableFlag() : Remove SAMSUNG_FLAG_SVIEW_COVER
D/TimaKeyStoreProvider(19595): TimaSignature is unavailable
D/ActivityThread(19595): Added TimaKeyStore provider
D/KeyguardViewMediator( 1183): adjustStatusBarLocked: mShowing=false mOccluded=false isSecure=false --> flags=0x0
D/ResourcesManager(19581): creating new AssetManager and set to /data/app/com.awesomeproject-1/base.apk
I/SurfaceFlinger(  265): id=2135 Removed JnCallActiv (3/11)
I/SurfaceFlinger(  265): id=2135 Removed JnCallActiv (-2/11)
D/ResourcesManager(19595): creating new AssetManager and set to /data/app/com.sec.android.app.sbrowser-1/base.apk
D/InCall  ( 2006): StatusBarNotifier - Notifying IN_CALL_NOTIFICATION: Notification(pri=2 contentView=com.android.incallui/0x7f04007c vibrate=null sound=null defaults=0x0 flags=0x2 color=0x00000000 originalPackageName=N originalUserId=0 vis=PRIVATE)
D/InCall  ( 2006): StatusBarNotifier - check fullScreenIntent: null
D/SecContentProvider2(  944): uri = 14 selection = getSealedState
D/SecContentProvider2(  944): mCursor = null
D/ApplicationPolicy(  944): isStatusBarNotificationAllowedAsUser: packageName = com.android.incallui,userId = 0
V/ApplicationPolicy(  944): isApplicationStateBlocked userId 0 pkgname com.android.incallui
D/StatusBar( 1183): ----- contentsUnchanged : true, bigContentsUnchanged - true, headsUpContentsUnchanged - true , publicUnchanged true
D/PersonaManager( 1183): isKioskContainerExistOnDevice
D/PersonaManager( 1183): isKioskContainerExistOnDevice
D/ResourcesManager( 1341): creating new AssetManager and set to /system/app/LegacyInCallUI/LegacyInCallUI.apk
D/PanelView( 1183): There is/are notification(s) 
D/PanelView( 1183): There is/are notification(s) 
D/ManifestProvider(19595): onCreate()
D/[MM]MHDataBaseProvider(19595): onCreate()
D/ReflectField(19595): Cannot load field: MULTIWINDOW_FLAG_DISABLE_FLOATING_WINDOW
D/SensorManager(19581): registerListener :: 0, MPU6500 Acceleration Sensor, 66667, 0,  
I/SBrowserUtils(19595): getSystemProperty of sales_code : XSI
I/SBrowserUtils(19595): getSystemProperty of country_code : UAE
I/SBrowserUtils(19595): getSystemProperty of country_code : UAE
W/unknown:React(19581): You seem to be running on device. Run 'adb reverse tcp:8081 tcp:8081' to forward the debug server's port to the device.
I/SBrowserUtils(19595): getSystemProperty of countryiso_code : AE
W/unknown:React(19581): You seem to be running on device. Run 'adb reverse tcp:8081 tcp:8081' to forward the debug server's port to the device.
V/SBrowserContentProviderUtility(19595): enableSyncClientProivder is called!
D/SecContentProvider(  944): uri = 15 selection = isClipboardAllowedAsUser
D/SecContentProvider(  944): uri = 15 selection = isClipboardShareAllowedAsUser
D/SecContentProvider2(  944): uri = 14 selection = getSealedState
D/SecContentProvider2(  944): mCursor = null
I/stetho  (19581): Listening on @stetho_com.awesomeproject_devtools_remote
D/ApplicationPolicy(  944): isStatusBarNotificationAllowedAsUser: packageName = com.dv.adm,userId = 0
V/ApplicationPolicy(  944): isApplicationStateBlocked userId 0 pkgname com.dv.adm
D/StatusBar( 1183): ----- contentsUnchanged : true, bigContentsUnchanged - true, headsUpContentsUnchanged - true , publicUnchanged true
D/AndroidRuntime(19581): Shutting down VM
E/AndroidRuntime(19581): FATAL EXCEPTION: main
E/AndroidRuntime(19581): Process: com.awesomeproject, PID: 19581
E/AndroidRuntime(19581): java.lang.RuntimeException: Unable to start activity ComponentInfo{com.awesomeproject/com.awesomeproject.MainActivity}: android.os.NetworkOnMainThreadException
E/AndroidRuntime(19581): 	at android.app.ActivityThread.performLaunchActivity(ActivityThread.java:2689)
E/AndroidRuntime(19581): 	at android.app.ActivityThread.handleLaunchActivity(ActivityThread.java:2754)
E/AndroidRuntime(19581): 	at android.app.ActivityThread.access$900(ActivityThread.java:177)
E/AndroidRuntime(19581): 	at android.app.ActivityThread$H.handleMessage(ActivityThread.java:1448)
E/AndroidRuntime(19581): 	at android.os.Handler.dispatchMessage(Handler.java:102)
E/AndroidRuntime(19581): 	at android.os.Looper.loop(Looper.java:145)
E/AndroidRuntime(19581): 	at android.app.ActivityThread.main(ActivityThread.java:5938)
E/AndroidRuntime(19581): 	at java.lang.reflect.Method.invoke(Native Method)
E/AndroidRuntime(19581): 	at java.lang.reflect.Method.invoke(Method.java:372)
E/AndroidRuntime(19581): 	at com.android.internal.os.ZygoteInit$MethodAndArgsCaller.run(ZygoteInit.java:1400)
E/AndroidRuntime(19581): 	at com.android.internal.os.ZygoteInit.main(ZygoteInit.java:1195)
E/AndroidRuntime(19581): Caused by: android.os.NetworkOnMainThreadException
E/AndroidRuntime(19581): 	at android.os.StrictMode$AndroidBlockGuardPolicy.onNetwork(StrictMode.java:1147)
E/AndroidRuntime(19581): 	at java.net.InetAddress.lookupHostByName(InetAddress.java:418)
E/AndroidRuntime(19581): 	at java.net.InetAddress.getAllByNameImpl(InetAddress.java:252)
E/AndroidRuntime(19581): 	at java.net.InetAddress.getAllByName(InetAddress.java:215)
E/AndroidRuntime(19581): 	at com.squareup.okhttp.Dns$1.lookup(Dns.java:39)
E/AndroidRuntime(19581): 	at com.squareup.okhttp.internal.http.RouteSelector.resetNextInetSocketAddress(RouteSelector.java:175)
E/AndroidRuntime(19581): 	at com.squareup.okhttp.internal.http.RouteSelector.nextProxy(RouteSelector.java:141)
E/AndroidRuntime(19581): 	at com.squareup.okhttp.internal.http.RouteSelector.next(RouteSelector.java:83)
E/AndroidRuntime(19581): 	at com.squareup.okhttp.internal.http.StreamAllocation.findConnection(StreamAllocation.java:174)
E/AndroidRuntime(19581): 	at com.squareup.okhttp.internal.http.StreamAllocation.findHealthyConnection(StreamAllocation.java:126)
E/AndroidRuntime(19581): 	at com.squareup.okhttp.internal.http.StreamAllocation.newStream(StreamAllocation.java:95)
E/AndroidRuntime(19581): 	at com.squareup.okhttp.internal.http.HttpEngine.connect(HttpEngine.java:281)
E/AndroidRuntime(19581): 	at com.squareup.okhttp.internal.http.HttpEngine.sendRequest(HttpEngine.java:224)
E/AndroidRuntime(19581): 	at com.squareup.okhttp.Call.getResponse(Call.java:286)
E/AndroidRuntime(19581): 	at com.squareup.okhttp.Call$ApplicationInterceptorChain.proceed(Call.java:243)
E/AndroidRuntime(19581): 	at com.squareup.okhttp.Call.getResponseWithInterceptorChain(Call.java:205)
E/AndroidRuntime(19581): 	at com.squareup.okhttp.Call.execute(Call.java:80)
E/AndroidRuntime(19581): 	at com.awesomeproject.MainActivity.onCreate(MainActivity.java:58)
E/AndroidRuntime(19581): 	at android.app.Activity.performCreate(Activity.java:6288)
E/AndroidRuntime(19581): 	at android.app.Instrumentation.callActivityOnCreate(Instrumentation.java:1119)
E/AndroidRuntime(19581): 	at android.app.ActivityThread.performLaunchActivity(ActivityThread.java:2642)
E/AndroidRuntime(19581): 	... 10 more
D/PersonaManager( 1183): isKioskContainerExistOnDevice
D/PersonaManager( 1183): isKioskContainerExistOnDevice
V/ApplicationPolicy(  944): isApplicationStateBlocked userId 0 pkgname com.awesomeproject
D/PanelView( 1183): There is/are notification(s) 
D/PanelView( 1183): There is/are notification(s) 
D/ApplicationStatus(19595): initialize application (com.sec.android.app.sbrowser.common.SBrowserMobileApplication@1d37ebe4)
D/InCall  ( 2006): InCallActivity -  - shouldShowOverlayPopup()... false
I/SystemDBInterface( 2006): [DRIVELINK]check CarModeON flagDriveLink : 0
E/android.os.Debug(  944): ro.product_ship = true
E/android.os.Debug(  944): ro.debug_level = 0x4f4c
D/PointerIcon(  944): setMouseIconStyle1 pointerType: 1001iconType:101 flag:0
D/PointerIcon(  944): setMouseCustomIcon IconType is same.101
D/PointerIcon(  944): setHoveringSpenIconStyle1 pointerType: 10001iconType:1 flag:0
D/PointerIcon(  944): setHoveringSpenCustomIcon IconType is same.1
D/KeyguardUpdateMonitor( 1183): received broadcast android.intent.action.BATTERY_CHANGED
D/CrashAnrDetector(  944): processName: com.awesomeproject
D/CrashAnrDetector(  944): broadcastEvent : com.awesomeproject data_app_crash
D/KeyguardUpdateMonitor( 1183): handleBatteryUpdate
V/HeadsetService( 4037): HeadsetService - Received Intent.ACTION_BATTERY_CHANGED
D/HeadsetStateMachine( 4037): AudioOn process message: 10
I/DownloadManagerWrapper( 1809): onReceive() : Charging = true
E/Zygote  (19630): MountEmulatedStorage()
E/Zygote  (19630): v2
I/SystemDBInterface( 2006): [DRIVELINK]check CarModeON isRunningProcess : false
I/SELinux (19630): Function: selinux_compare_spd_ram , priority [2] , priority version is VE=SEPF_SM-N9005_5.0-1_0046
E/SELinux (19630): [DEBUG] get_category: variable seinfo: untrusted sensitivity: NULL, cateogry: NULL
I/IncomingCallImageHandle( 2006): enableArrowAnimation: enable = false
I/IncomingCallImageHandle( 2006): enableArrowAnimation: enable = false
I/SurfaceFlinger(  265): id=2137 createSurf (49x49),1 flag=4, bwesomeproj
D/InCall  ( 2006): InCallActivity -  - hideMiniModeInCallUi
I/InCall  ( 2006): InCallPresenter -  - Phone switching state: OUTGOING -> OUTGOING
I/VideoCallManager( 2006): onStateChange_CS - OUTGOING
D/InCall  ( 2006): StatusBarNotifier - updateInCallNotification(allowFullScreenIntent = false)...
D/InCall  ( 2006): ContactInfoCache - Contact lookup. In memory cache hit; lookup complete
D/InCall  ( 2006): ContactInfoCache - If no other callbacks are in flight, we're done.
D/InCall  ( 2006): InCallUtils - isCoverClosed false
I/InCall  ( 2006): InCallPresenter -  - attemptCleanup? false
D/TimaKeyStoreProvider(19630): TimaSignature is unavailable
D/ActivityThread(19630): Added TimaKeyStore provider
I/OpenGLRenderer(  944): Initialized EGL, version 1.4
D/InCall  ( 2006): StatusBarNotifier - Data changed.  Showing notification
I/SystemDBInterface( 2006): [DRIVELINK]check CarModeONNavi flagDriveLink : 0
I/OpenGLRenderer(  944): HWUI protection enabled for context ,  &this =0x8f168678 ,&mEglDisplay = 1 , &mEglConfig = 8 
D/HealthConsole( 1008): Service for HealthDataStore is disconnected
I/SystemDBInterface( 2006): [DRIVELINK]check CarModeONNavi isRunningProcess : false
V/WindowOrientationListener(  944): mSContextAutoRotationListener.getProposedRotation, mbResultFaceDectection: false
V/WindowOrientationListener(  944): mSContextAutoRotationListener.getProposedRotation, Rotation: -1
V/WindowOrientationListener(  944): mSContextAutoRotationListener.getProposedRotation, mbResultFaceDectection: false
V/WindowOrientationListener(  944): mSContextAutoRotationListener.getProposedRotation, Rotation: -1
D/Launcher( 1465): onRestart, Launcher: 983260255
D/Launcher( 1465): onStart, Launcher: 983260255
D/Launcher.HomeView( 1465): onStart
I/SurfaceFlinger(  265): id=2138 createSurf (1080x1920),1 flag=4, Mauncher
D/ResourcesManager(19630): creating new AssetManager and set to /data/app/com.google.android.apps.docs-2/base.apk
E/Zygote  (19652): MountEmulatedStorage()
E/Zygote  (19652): v2
I/art     (  329): Explicit concurrent mark sweep GC freed 8781(373KB) AllocSpace objects, 0(0B) LOS objects, 39% free, 15MB/25MB, paused 2.216ms total 16.322ms
I/art     (  329): Explicit concurrent mark sweep GC freed 5(160B) AllocSpace objects, 0(0B) LOS objects, 39% free, 15MB/25MB, paused 271us total 9.661ms
I/art     (  329): Explicit concurrent mark sweep GC freed 5(160B) AllocSpace objects, 0(0B) LOS objects, 39% free, 15MB/25MB, paused 270us total 9.390ms
I/SELinux (19652): Function: selinux_compare_spd_ram , priority [2] , priority version is VE=SEPF_SM-N9005_5.0-1_0046
E/SELinux (19652): [DEBUG] get_category: variable seinfo: release sensitivity: NULL, cateogry: NULL
D/InCall  ( 2006): StatusBarNotifier - Notifying IN_CALL_NOTIFICATION: Notification(pri=2 contentView=com.android.incallui/0x7f04007c vibrate=null sound=null defaults=0x0 flags=0x2 color=0x00000000 originalPackageName=N originalUserId=0 vis=PRIVATE)
D/InCall  ( 2006): StatusBarNotifier - check fullScreenIntent: null
D/SecContentProvider2(  944): uri = 14 selection = getSealedState
D/SecContentProvider2(  944): mCursor = null
D/TimaKeyStoreProvider(19652): TimaSignature is unavailable
D/ActivityThread(19652): Added TimaKeyStore provider
D/ResourcesManager(19652): creating new AssetManager and set to /data/app/com.sec.android.app.shealth-2/base.apk
D/ApplicationPolicy(  944): isStatusBarNotificationAllowedAsUser: packageName = com.android.incallui,userId = 0
V/ApplicationPolicy(  944): isApplicationStateBlocked userId 0 pkgname com.android.incallui
D/StatusBar( 1183): ----- contentsUnchanged : true, bigContentsUnchanged - true, headsUpContentsUnchanged - true , publicUnchanged true
D/PersonaManager( 1183): isKioskContainerExistOnDevice
D/PersonaManager( 1183): isKioskContainerExistOnDevice
D/PanelView( 1183): There is/are notification(s) 
D/PanelView( 1183): There is/are notification(s) 
I/MultiDex(19652): VM with version 2.1.0 has multidex support
I/MultiDex(19652): install
I/MultiDex(19652): VM has multidex support, MultiDex support library is disabled.
I/MultiDex(19652): install
I/MultiDex(19652): VM has multidex support, MultiDex support library is disabled.
D/Launcher( 1465): onResume, Launcher: 983260255
D/SettingsProvider(  944): name = kids_home_mode
D/SettingsProvider(  944): edmUri: content://com.sec.knox.provider/RestrictionPolicy3
D/SettingsProvider(  944): projectionArgs: isSettingsChangesAllowed
D/SettingsProvider(  944): selectionArgs: false
D/SettingsProvider(  944): selectionArgs: 10056
D/SecContentProvider(  944): uri = 17 selection = isSettingsChangesAllowed
D/SettingsProvider(  944): ret = -1
D/Launcher.HomeView( 1465): onResume
D/Launcher( 1465): Launcher::setSystemUiTransparency(): getSystemUiVisibility() after setting  = 40000000
D/MenuAppsGridFragment( 1465): onResume
D/WallpaperManager( 1465): SEC_PRODUCT_FEATURE_COMMON_SUPPORT_TEXTURE_COMPRESSION is true
D/WallpaperManager( 1465): SEC_PRODUCT_FEATURE_COMMON_SUPPORT_TEXTURE_COMPRESSION is true
D/WallpaperManager( 1465): SEC_PRODUCT_FEATURE_COMMON_SUPPORT_TEXTURE_COMPRESSION is true
I/MultiWindowTrayService(10933): mHomeResumeReceiver : onReceive
I/Sally Service(10933): removeWindow window
D/WallpaperManager( 1465): SEC_PRODUCT_FEATURE_COMMON_SUPPORT_TEXTURE_COMPRESSION is true
D/WallpaperManager( 1465): SEC_PRODUCT_FEATURE_COMMON_SUPPORT_TEXTURE_COMPRESSION is true
D/WallpaperManager( 1465): SEC_PRODUCT_FEATURE_COMMON_SUPPORT_TEXTURE_COMPRESSION is true
D/WallpaperManager( 1465): SEC_PRODUCT_FEATURE_COMMON_SUPPORT_TEXTURE_COMPRESSION is true
I/Timeline(  944): Timeline: Activity_windows_visible id: ActivityRecord{20761ed2 u0 com.sec.android.app.launcher/com.android.launcher2.Launcher t8192} time:60411356
I/SurfaceFlinger(  265): id=2136 Removed bwesomeproj (7/12)
I/SurfaceFlinger(  265): id=2136 Removed bwesomeproj (-2/12)
D/ActivityManager(  944): handle home activity for 0
I/WallpaperManagerService(  944): switchPersonaWallpaper is called for personaId-0
D/KnoxTimeoutHandler(  944): post home show event for user 0
D/ActivityManager(  944): post active user change for 0
D/KnoxTimeoutHandler(  944): postActiveUserChange for user 0
D/WallpaperManagerService(  944):  force update = false; persona id = 0; current user =0; current persona = 0
D/KnoxTimeoutHandler(  944): handleHomeShow for 0 and current 0
D/KnoxTimeoutHandler(  944): handleActiveUserChange for user 0
I/Timeline( 1465): Timeline: Activity_idle id: android.os.BinderProxy@2ad6be24 time:60411412
D/SecContentProvider2(  944): uri = 14 selection = getSealedState
D/SecContentProvider2(  944): mCursor = null
D/SecContentProvider(  944): uri = 15 selection = isClipboardAllowedAsUser
D/SecContentProvider(  944): uri = 15 selection = isClipboardShareAllowedAsUser
D/ApplicationPolicy(  944): isStatusBarNotificationAllowedAsUser: packageName = com.dv.adm,userId = 0
V/ApplicationPolicy(  944): isApplicationStateBlocked userId 0 pkgname com.dv.adm
I/GAv4    (19630): Google Analytics 8.4.87 is starting up. To enable debug logging on a device run:
I/GAv4    (19630):   adb shell setprop log.tag.GAv4 DEBUG
I/GAv4    (19630):   adb logcat -s GAv4
D/StatusBar( 1183): ----- contentsUnchanged : true, bigContentsUnchanged - true, headsUpContentsUnchanged - true , publicUnchanged true
D/PersonaManager( 1183): isKioskContainerExistOnDevice
D/PersonaManager( 1183): isKioskContainerExistOnDevice
D/PanelView( 1183): There is/are notification(s) 
D/PanelView( 1183): There is/are notification(s) 
W/GAv4    (19630): AnalyticsReceiver is not registered or is disabled. Register the receiver for reliable dispatching on non-Google Play devices. See http://goo.gl/8Rd3yj for instructions.
W/GAv4    (19630): CampaignTrackingReceiver is not registered, not exported or is disabled. Installation campaign tracking is not possible. See http://goo.gl/8Rd3yj for instructions.
W/GAv4    (19630): AnalyticsService not registered in the app manifest. Hits might not be delivered reliably. See http://goo.gl/8Rd3yj for instructions.
D/AdaptiveEventManager( 1183): removeAdaptiveEvent() requestClass = com.sec.android.app.shealth.walkingmate.service.WalkingMateDayStepService
D/AdaptiveEventManager( 1183): M updateContainers()
D/AdaptiveEventContainerSmall( 1183): C updatePedoContainer()
D/AdaptiveEventContainerSmall( 1183): handlePedoUpdate()
D/AdaptiveEventContainerSmall( 1183): pedoEvent == null
I/Health.HealthService(19652): HealthService: onCreate() start (19652)
D/HealthDataStore( 1008): Service for HealthDataStore is connected
D/HealthDataStore( 1008): HealthConnectionErrorResult code : 9
D/HealthDataStore( 1008): Trying to connect with Health Service fails (error code: 9)
E/HealthDataStore( 1008): disconnectService: Context instance is invalid
D/HealthDataStore(19652): Service for HealthDataStore is connected
D/HealthDataStore(19652): HealthConnectionErrorResult code : 9
D/HealthConsole(19652): Service for HealthDataConsole is connected
D/HealthDataStore(19652): Trying to connect with Health Service fails (error code: 9)
E/HealthDataStore(19652): disconnectService: Context instance is invalid
E/Drive.UninstallOperation( 1542): Package still installed com.awesomeproject
I/art     ( 1995): Explicit concurrent mark sweep GC freed 112574(6MB) AllocSpace objects, 85(1360KB) LOS objects, 35% free, 28MB/44MB, paused 1.363ms total 135.120ms
E/SMD     (  304): DCD OFF
E/NetworkScheduler.SR( 1995): Invalid parameter app
E/NetworkScheduler.SR( 1995): Invalid package name : Perhaps you didn't include a PendingIntent in the extras?
E/Zygote  (19716): MountEmulatedStorage()
E/Zygote  (19716): v2
I/SELinux (19716): Function: selinux_compare_spd_ram , priority [2] , priority version is VE=SEPF_SM-N9005_5.0-1_0046
E/SELinux (19716): [DEBUG] get_category: variable seinfo: default sensitivity: NULL, cateogry: NULL
D/TimaKeyStoreProvider(19716): TimaSignature is unavailable
D/ActivityThread(19716): Added TimaKeyStore provider
D/ResourcesManager(19716): creating new AssetManager and set to /data/app/com.facebook.katana-2/base.apk
D/StatusBar.NetworkController( 1183): onSignalStrengthsChanged signalStrength=SignalStrength: 20 99 -120 -160 -120 -1 -1 99 2147483647 2147483647 2147483647 -1 2147483647 0x4 gsm|lte level=4
D/StatusBar.NetworkController( 1183): updateTelephonySignalStrength: hasService=true ss=SignalStrength: 20 99 -120 -160 -120 -1 -1 99 2147483647 2147483647 2147483647 -1 2147483647 0x4 gsm|lte
D/StatusBar.NetworkController( 1183): updateTelephonySignalStrength: iconLevel=4
D/StatusBar.NetworkController( 1183): updateTelephonySignalStrength, No signal level. mPhoneSignalIconId = com.android.systemui:drawable/stat_sys_signal_4_auto_rotate mDataSignalIconId = com.android.systemui:drawable/stat_sys_signal_4_auto_rotate mQSPhoneSignalIconId = com.android.systemui:drawable/ic_qs_signal_4 mContentDescriptionPhoneSignal = Full phone signal
D/StatusBar.NetworkController( 1183): refreshViews connected={ data } level=4 combinedSignalIconId=0x7f0204df/com.android.systemui:drawable/stat_sys_signal_4_auto_rotate mobileLabel=Irancell wifiLabel= emergencyOnly=false combinedLabel=Irancell mAirplaneMode=false mDataActivity=0 mPhoneSignalIconId=0x7f0204df/com.android.systemui:drawable/stat_sys_signal_4_auto_rotate mQSPhoneSignalIconId=0x7f020136/com.android.systemui:drawable/ic_qs_signal_4 mDataDirectionIconId=0x7f020349/com.android.systemui:drawable/stat_sys_data_connected_h_plus mDataSignalIconId=0x7f0204df/com.android.systemui:drawable/stat_sys_signal_4_auto_rotate mDataTypeIconId=0x7f020349/com.android.systemui:drawable/stat_sys_data_connected_h_plus mQSDataTypeIconId=0x0/(null) mNoSimIconId=0x0/(null) mWifiIconId=0x0/(null) mQSWifiIconId=0x0/(null) mWifiActivityIconId=0x7f02050d/com.android.systemui:drawable/stat_sys_signal_inout mBluetoothTetherIconId=0x10808f0/android:drawable/stat_sys_tether_bluetooth
D/HeadsetPhoneState( 4037): Signal level : previous=4 curr=4
D/STATUSBAR-WifiQuickSettingButton( 1183): onWifiSignalChanged enabled=false enabledDesc:null
D/StatusBar.NetworkController( 1183): onSignalStrengthsChanged signalStrength=SignalStrength: 20 99 -120 -160 -120 -1 -1 99 2147483647 2147483647 2147483647 -1 2147483647 0x4 gsm|lte level=4
D/HeadsetPhoneState( 4037): Signal level : previous=4 curr=4
D/StatusBar.NetworkController( 1183): updateTelephonySignalStrength: hasService=true ss=SignalStrength: 20 99 -120 -160 -120 -1 -1 99 2147483647 2147483647 2147483647 -1 2147483647 0x4 gsm|lte
D/StatusBar.NetworkController( 1183): updateTelephonySignalStrength: iconLevel=4
D/StatusBar.NetworkController( 1183): updateTelephonySignalStrength, No signal level. mPhoneSignalIconId = com.android.systemui:drawable/stat_sys_signal_4_auto_rotate mDataSignalIconId = com.android.systemui:drawable/stat_sys_signal_4_auto_rotate mQSPhoneSignalIconId = com.android.systemui:drawable/ic_qs_signal_4 mContentDescriptionPhoneSignal = Full phone signal
D/StatusBar.NetworkController( 1183): refreshViews connected={ data } level=4 combinedSignalIconId=0x7f0204df/com.android.systemui:drawable/stat_sys_signal_4_auto_rotate mobileLabel=Irancell wifiLabel= emergencyOnly=false combinedLabel=Irancell mAirplaneMode=false mDataActivity=0 mPhoneSignalIconId=0x7f0204df/com.android.systemui:drawable/stat_sys_signal_4_auto_rotate mQSPhoneSignalIconId=0x7f020136/com.android.systemui:drawable/ic_qs_signal_4 mDataDirectionIconId=0x7f020349/com.android.systemui:drawable/stat_sys_data_connected_h_plus mDataSignalIconId=0x7f0204df/com.android.systemui:drawable/stat_sys_signal_4_auto_rotate mDataTypeIconId=0x7f020349/com.android.systemui:drawable/stat_sys_data_connected_h_plus mQSDataTypeIconId=0x0/(null) mNoSimIconId=0x0/(null) mWifiIconId=0x0/(null) mQSWifiIconId=0x0/(null) mWifiActivityIconId=0x7f02050d/com.android.systemui:drawable/stat_sys_signal_inout mBluetoothTetherIconId=0x10808f0/android:drawable/stat_sys_tether_bluetooth
D/STATUSBAR-WifiQuickSettingButton( 1183): onWifiSignalChanged enabled=false enabledDesc:null
D/AlarmManagerService(  944): Kernel timezone updated to -210 minutes west of GMT
V/ResultListFragment(30403): [PhoneStateListener] STATE_IN_SERVICE, unlock mode
D/StatusBar.NetworkController( 1183): onServiceStateChanged voiceState=0 dataState=0
D/StatusBar.NetworkController( 1183): onServiceStateChanged mDataNetType=10
V/ControlFragment(30403): [PhoneStateListener] STATE_IN_SERVICE, unlock mode
D/StatusBar.NetworkController( 1183): updateTelephonySignalStrength: hasService=true ss=SignalStrength: 20 99 -120 -160 -120 -1 -1 99 2147483647 2147483647 2147483647 -1 2147483647 0x4 gsm|lte
D/StatusBar.NetworkController( 1183): updateTelephonySignalStrength: iconLevel=4
D/StatusBar.NetworkController( 1183): updateTelephonySignalStrength, No signal level. mPhoneSignalIconId = com.android.systemui:drawable/stat_sys_signal_4_auto_rotate mDataSignalIconId = com.android.systemui:drawable/stat_sys_signal_4_auto_rotate mQSPhoneSignalIconId = com.android.systemui:drawable/ic_qs_signal_4 mContentDescriptionPhoneSignal = Full phone signal
D/StatusBar.NetworkController( 1183): getUpdateDataNetType(): 10
D/StatusBar.NetworkController( 1183): updateDataNetType()
D/HeadsetPhoneState( 4037): sendDeviceStateChanged. mService=1 mSignal=4 mRoam=0 mBatteryCharge=4
D/HeadsetStateMachine( 4037): AudioOn process message: 11
D/Mms/DownloadManager(26067): Service state changed: Bundle[mParcelledData.dataSize=756]
D/StatusBar.NetworkController( 1183): Nothing, mRoamingIconId = 0
D/ConnectivityManager.CallbackHandler( 1183): CM callback handler got msg 524294
D/Mms/DownloadManager(26067): roaming ------> false, mSimSlot = 0
D/ConnectivityManager.CallbackHandler( 1542): CM callback handler got msg 524294
D/ConnectivityManager.CallbackHandler( 6618): CM callback handler got msg 524294
D/Mms/TelephonyUtils(26067): getSubId from simSlot 0, return Value = 1
D/ConnectivityManager.CallbackHandler( 1542): CM callback handler got msg 524294
D/Mms/DownloadManager(26067): roaming -> false (slotId = 0)
D/Mms/DownloadManager(26067): [NotificationTransaction] getAutoDownloadState simSlot : 0
D/StatusBar.NetworkController( 1183): updateDataIcon, mDataDirectionIconId = com.android.systemui:drawable/stat_sys_data_fully_connected_h mDataConnected = true
D/Mms/DownloadManager(26067): auto download without roaming -> true
D/StatusBar.NetworkController( 1183): refreshViews connected={ data } level=4 combinedSignalIconId=0x7f0204df/com.android.systemui:drawable/stat_sys_signal_4_auto_rotate mobileLabel=Irancell wifiLabel= emergencyOnly=false combinedLabel=Irancell mAirplaneMode=false mDataActivity=0 mPhoneSignalIconId=0x7f0204df/com.android.systemui:drawable/stat_sys_signal_4_auto_rotate mQSPhoneSignalIconId=0x7f020136/com.android.systemui:drawable/ic_qs_signal_4 mDataDirectionIconId=0x7f020363/com.android.systemui:drawable/stat_sys_data_fully_connected_h mDataSignalIconId=0x7f0204df/com.android.systemui:drawable/stat_sys_signal_4_auto_rotate mDataTypeIconId=0x7f020348/com.android.systemui:drawable/stat_sys_data_connected_h mQSDataTypeIconId=0x7f020140/com.android.systemui:drawable/ic_qs_signal_h mNoSimIconId=0x0/(null) mWifiIconId=0x0/(null) mQSWifiIconId=0x0/(null) mWifiActivityIconId=0x7f02050d/com.android.systemui:drawable/stat_sys_signal_inout mBluetoothTetherIconId=0x10808f0/android:drawable/stat_sys_tether_bluetooth
D/STATUSBAR-WifiQuickSettingButton( 1183): onWifiSignalChanged enabled=false enabledDesc:null
D/Mms/DownloadManager(26067): [NotificationTransaction] getAutoDownloadState alwaysAuto : false, roaming : false
D/WifiController(  944): SET_AP_BOOSTER_FLAG ignored due to state change
D/StatusBar.NetworkController( 1183): refreshSignalCluster - setNWBoosterIndicators(false)
D/Mms/DownloadManager(26067): mAutoDownload ------> true
D/StatusBar.NetworkController( 1183): applyOpen
D/ConnectivityManager.CallbackHandler( 1542): CM callback handler got msg 524294
D/StatusBar.NetworkController( 1183): refreshSignalCluster - setNWBoosterIndicators(false)
D/StatusBar.NetworkController( 1183): applyOpen
D/HeadsetPhoneState( 4037): sendDeviceDataStateChanged
D/HeadsetStateMachine( 4037): AudioOn process message: 18
D/StatusBar.NetworkController( 1183): refreshSignalCluster - setNWBoosterIndicators(false)
D/StatusBar.NetworkController( 1183): applyOpen
D/StatusBar.NetworkController( 1183): refreshSignalCluster - setNWBoosterIndicators(false)
D/ConnectivityManager.CallbackHandler( 6618): CM callback handler got msg 524294
D/StatusBar.NetworkController( 1183): applyOpen
D/ConnectivityManager.CallbackHandler(15188): CM callback handler got msg 524294
E/ConnectivityService(  944): updateNetworkInfo()
D/ConnectivityService(  944): updateLinkProperties: newLp = {InterfaceName: rmnet0 LinkAddresses: [100.69.175.39/32,]  Routes: [0.0.0.0/0 -> 100.69.175.40 rmnet0,] DnsAddresses: [92.42.51.31,8.8.8.8,] Domains: null MTU: 0 TcpBufferSizes: 4094,87380,1220608,4096,16384,1220608}
I/SNL     ( 7086): Proxy service version is 2.7.9.2
I/SNL     ( 7086): SNL :: p_nc - Call(1)
I/SNL     ( 7086): SNL :: p_nc - version 0.2.7.9.2
I/SNL     ( 7086): SNL :: APM::onNotifyNetChange - Guard Locked
I/SNL     ( 7086): SNL :: APM::onNotifyNetChange - Guard Locked
I/SNL     ( 7086): SNL :: APM::onNotifyNetChange - end
I/SNL     ( 7086): SNL :: p_nc - Res()
D/ConnectivityManager.CallbackHandler( 1542): CM callback handler got msg 524295
D/ConnectivityManager.CallbackHandler( 6618): CM callback handler got msg 524295
D/ConnectivityManager.CallbackHandler( 1542): CM callback handler got msg 524295
D/ConnectivityManager.CallbackHandler(26954): CM callback handler got msg 524294
D/ConnectivityManager.CallbackHandler( 1183): CM callback handler got msg 524295
D/ConnectivityManager.CallbackHandler( 1542): CM callback handler got msg 524295
D/ConnectivityManager.CallbackHandler(15188): CM callback handler got msg 524295
D/ConnectivityManager.CallbackHandler( 6618): CM callback handler got msg 524295
D/StatusBar.NetworkController( 1183): onDataConnectionStateChanged: state=2 type=10
D/StatusBar.NetworkController( 1183): getUpdateDataNetType(): 10
D/StatusBar.NetworkController( 1183): updateDataNetType()
D/ConnectivityManager.CallbackHandler(26954): CM callback handler got msg 524295
D/DctController( 1444): [DctController] DataStateReceiver: phoneId= 0
D/DctController( 1444): [DctController] DataStateReceiver: STATE_IN_SERVICE Intent from phoneId=0
D/FileWriteThread_Telephony( 1444): FileWriteThread : threadType = 2
D/StatusBar.NetworkController( 1183): Nothing, mRoamingIconId = 0
D/StatusBar.NetworkController( 1183): updateDataIcon, mDataDirectionIconId = com.android.systemui:drawable/stat_sys_data_fully_connected_h mDataConnected = true
D/StatusBar.NetworkController( 1183): refreshViews connected={ data } level=4 combinedSignalIconId=0x7f0204df/com.android.systemui:drawable/stat_sys_signal_4_auto_rotate mobileLabel=Irancell wifiLabel= emergencyOnly=false combinedLabel=Irancell mAirplaneMode=false mDataActivity=0 mPhoneSignalIconId=0x7f0204df/com.android.systemui:drawable/stat_sys_signal_4_auto_rotate mQSPhoneSignalIconId=0x7f020136/com.android.systemui:drawable/ic_qs_signal_4 mDataDirectionIconId=0x7f020363/com.android.systemui:drawable/stat_sys_data_fully_connected_h mDataSignalIconId=0x7f0204df/com.android.systemui:drawable/stat_sys_signal_4_auto_rotate mDataTypeIconId=0x7f020348/com.android.systemui:drawable/stat_sys_data_connected_h mQSDataTypeIconId=0x7f020140/com.android.systemui:drawable/ic_qs_signal_h mNoSimIconId=0x0/(null) mWifiIconId=0x0/(null) mQSWifiIconId=0x0/(null) mWifiActivityIconId=0x7f02050d/com.android.systemui:drawable/stat_sys_signal_inout mBluetoothTetherIconId=0x10808f0/android:drawable/stat_sys_tether_bluetooth
D/STATUSBAR-WifiQuickSettingButton( 1183): onWifiSignalChanged enabled=false enabledDesc:null
D/StatusBar.NetworkController( 1183): onDataActivity: direction=2
D/StatusBar.NetworkController( 1183): updateDataIcon, mDataDirectionIconId = com.android.systemui:drawable/stat_sys_data_fully_connected_h mDataConnected = true
D/StatusBar.NetworkController( 1183): refreshViews connected={ data } level=4 combinedSignalIconId=0x7f0204df/com.android.systemui:drawable/stat_sys_signal_4_auto_rotate mobileLabel=Irancell wifiLabel= emergencyOnly=false combinedLabel=Irancell mAirplaneMode=false mDataActivity=2 mPhoneSignalIconId=0x7f0204df/com.android.systemui:drawable/stat_sys_signal_4_auto_rotate mQSPhoneSignalIconId=0x7f020136/com.android.systemui:drawable/ic_qs_signal_4 mDataDirectionIconId=0x7f020363/com.android.systemui:drawable/stat_sys_data_fully_connected_h mDataSignalIconId=0x7f0204df/com.android.systemui:drawable/stat_sys_signal_4_auto_rotate mDataTypeIconId=0x7f020348/com.android.systemui:drawable/stat_sys_data_connected_h mQSDataTypeIconId=0x7f020140/com.android.systemui:drawable/ic_qs_signal_h mNoSimIconId=0x0/(null) mWifiIconId=0x0/(null) mQSWifiIconId=0x0/(null) mWifiActivityIconId=0x7f02050d/com.android.systemui:drawable/stat_sys_signal_inout mBluetoothTetherIconId=0x10808f0/android:drawable/stat_sys_tether_bluetooth
D/STATUSBAR-WifiQuickSettingButton( 1183): onWifiSignalChanged enabled=false enabledDesc:null
D/StatusBar.NetworkController( 1183): refreshSignalCluster - setNWBoosterIndicators(false)
D/StatusBar.NetworkController( 1183): applyOpen
D/StatusBar.NetworkController( 1183): refreshSignalCluster - setNWBoosterIndicators(false)
D/StatusBar.NetworkController( 1183): applyOpen
D/StatusBar.NetworkController( 1183): refreshSignalCluster - setNWBoosterIndicators(false)
D/StatusBar.NetworkController( 1183): applyOpen
D/StatusBar.NetworkController( 1183): refreshSignalCluster - setNWBoosterIndicators(false)
D/StatusBar.NetworkController( 1183): applyOpen
I/art     (19716): Thread[12,tid=19741,WaitingForJniOnLoad,Thread*=0xb4e11800,peer=0x12d522c0,"EnsureDelegate"] recursive attempt to load library "/data/data/com.facebook.katana/lib-xzs/libfb.so"
V/dalvik-internals(19716): Hooking function _ZN3art12FaultManager35EnsureArtActionInFrontOfSignalChainEv
V/dalvik-internals(19716): hooked _ZN3art12FaultManager35EnsureArtActionInFrontOfSignalChainEv using jump ()
V/dalvik-internals(19716): hooked signal using trap ()
V/dalvik-internals(19716): hooked sysv_signal using trap ()
V/dalvik-internals(19716): hooked bsd_signal using trap ()
V/dalvik-internals(19716): hooked sigaction using jump ()
V/dalvik-internals(19716): Hooking function _ZN3art6mirror5Class19FindInterfaceMethodEPKNS0_8DexCacheEj
V/dalvik-internals(19716): hooked _ZN3art6mirror5Class19FindInterfaceMethodEPKNS0_8DexCacheEj using jump ()
V/dalvik-internals(19716): Hooking function _ZN3art6mirror5Class25FindDeclaredVirtualMethodEPKNS0_8DexCacheEj
V/dalvik-internals(19716): hooked _ZN3art6mirror5Class25FindDeclaredVirtualMethodEPKNS0_8DexCacheEj using jump ()
V/dalvik-internals(19716): Hooking function _ZN3art6mirror5Class17FindVirtualMethodEPKNS0_8DexCacheEj
V/dalvik-internals(19716): hooked _ZN3art6mirror5Class17FindVirtualMethodEPKNS0_8DexCacheEj using jump ()
V/appstatelogger(19716): Registered App State Logger stream with Breakpad
I/dalvik-internals(19716): installed sigmux crash handler for crash log
D/SecContentProvider(  944): uri = 15 selection = isClipboardAllowedAsUser
D/SecContentProvider(  944): uri = 15 selection = isClipboardShareAllowedAsUser
D/SecContentProvider2(  944): uri = 14 selection = getSealedState
D/SecContentProvider2(  944): mCursor = null
D/ApplicationPolicy(  944): isStatusBarNotificationAllowedAsUser: packageName = com.dv.adm,userId = 0
V/ApplicationPolicy(  944): isApplicationStateBlocked userId 0 pkgname com.dv.adm
D/StatusBar( 1183): ----- contentsUnchanged : true, bigContentsUnchanged - true, headsUpContentsUnchanged - true , publicUnchanged true
D/PersonaManager( 1183): isKioskContainerExistOnDevice
D/PersonaManager( 1183): isKioskContainerExistOnDevice
D/PanelView( 1183): There is/are notification(s) 
D/PanelView( 1183): There is/are notification(s) 
W/StaticBindingVerifier(19716): Verify
W/fb4a(:<default>):QeInternalImpl(19716): The sessioned store is not available. Are you fetching sessioned quick experiment data while the user is logged out?
D/drupe.sd( 1334): [1334: main] message 1477909049188 ignored
D/drupe   ( 1334): [1334: main] refreshActionList canceled, app not supported by drupe
E/Zygote  (19769): MountEmulatedStorage()
E/Zygote  (19769): v2
I/SELinux (19769): Function: selinux_compare_spd_ram , priority [2] , priority version is VE=SEPF_SM-N9005_5.0-1_0046
E/SELinux (19769): [DEBUG] get_category: variable seinfo: platform sensitivity: NULL, cateogry: NULL
D/TimaKeyStoreProvider(19769): TimaSignature is unavailable
D/ActivityThread(19769): Added TimaKeyStore provider
D/ResourcesManager(19769): creating new AssetManager and set to /system/app/SamsungIME/SamsungIME.apk
E/SamsungIME(19769): InputManagerImpl.getInstance() == null
I/Suman   ( 7214): BroadcastReceived
I/HomeSyncInstallReceiver( 1431): This pkg do not need BT addr. Do nothing
D/AASAservice-UpdateReceiver(  908): AASAUpdateReceiver: android.intent.action.PACKAGE_ADDED, package = com.awesomeproject, uid = -1
I/AASAservice-TokenRule(  908): parseToken()
W/System.err(  908): java.io.FileNotFoundException: /data/system/.aasa/aasaRuleFile.xml: open failed: ENOENT (No such file or directory)
W/System.err(  908): 	at libcore.io.IoBridge.open(IoBridge.java:456)
W/System.err(  908): 	at java.io.FileInputStream.<init>(FileInputStream.java:76)
W/System.err(  908): 	at java.io.FileInputStream.<init>(FileInputStream.java:103)
W/System.err(  908): 	at com.samsung.aasaservice.AASATokenRule.parseToken(AASATokenRule.java:86)
W/System.err(  908): 	at com.samsung.aasaservice.AASAUpdateReceiver.onReceive(AASAUpdateReceiver.java:55)
W/System.err(  908): 	at android.app.ActivityThread.handleReceiver(ActivityThread.java:2989)
W/System.err(  908): 	at android.app.ActivityThread.access$1800(ActivityThread.java:177)
W/System.err(  908): 	at android.app.ActivityThread$H.handleMessage(ActivityThread.java:1525)
W/System.err(  908): 	at android.os.Handler.dispatchMessage(Handler.java:102)
W/System.err(  908): 	at android.os.Looper.loop(Looper.java:145)
W/System.err(  908): 	at android.app.ActivityThread.main(ActivityThread.java:5938)
W/System.err(  908): 	at java.lang.reflect.Method.invoke(Native Method)
W/System.err(  908): 	at java.lang.reflect.Method.invoke(Method.java:372)
W/System.err(  908): 	at com.android.internal.os.ZygoteInit$MethodAndArgsCaller.run(ZygoteInit.java:1400)
W/System.err(  908): 	at com.android.internal.os.ZygoteInit.main(ZygoteInit.java:1195)
W/System.err(  908): Caused by: android.system.ErrnoException: open failed: ENOENT (No such file or directory)
W/System.err(  908): 	at libcore.io.Posix.open(Native Method)
W/System.err(  908): 	at libcore.io.BlockGuardOs.open(BlockGuardOs.java:186)
W/System.err(  908): 	at libcore.io.IoBridge.open(IoBridge.java:442)
W/System.err(  908): 	... 14 more
E/AASAservice-TokenRule(  908): parseToken() : TokenFile is null
E/AASAservice-UpdateReceiver(  908): AASARuleUpdateResult() : Rule file is not exist.
I/art     (  908): System.exit called, status: 0
I/AndroidRuntime(  908): VM exiting with result code 0, cleanup skipped.
I/DBG_POLICYDM(15375): [com.sec.android.policydm.aasa.AASAUpdater$1(79/onServiceDisconnected)] AASA: onServiceDisconnected
I/PackagesMonitor(14449): PackagesMonitor onReceive :com.awesomeproject
E/Zygote  (19793): MountEmulatedStorage()
E/Zygote  (19793): v2
I/SELinux (19793): Function: selinux_compare_spd_ram , priority [2] , priority version is VE=SEPF_SM-N9005_5.0-1_0046
E/SELinux (19793): [DEBUG] get_category: variable seinfo: samsung sensitivity: NULL, cateogry: NULL
D/TimaKeyStoreProvider(19793): TimaSignature is unavailable
D/ActivityThread(19793): Added TimaKeyStore provider
D/ResourcesManager(19793): creating new AssetManager and set to /system/priv-app/GroupPlay_25/GroupPlay_25.apk
D/GroupCast_FileTools(19793): [getDirectoryForImageResized : 333] cleaning!!
D/Compatibility( 2880): onReceive() it will make start service
D/Compatibility( 2880): onHandleIntent()
D/Compatibility( 2880): intentservice saw: Intent { act=android.intent.action.PACKAGE_ADDED dat=package:com.awesomeproject flg=0x4000010 cmp=com.sec.android.app.soundalive/.compatibility.Compatibility$Receiver (has extras) } Bundle[{android.intent.extra.UID=10290, android.intent.extra.REPLACING=true, android.intent.extra.user_handle=0}]
D/Compatibility( 2880): found: 2
D/Compatibility( 2880): saved default: com.sec.android.app.soundalive.SAControlPanelActivity
D/Compatibility( 2880): skipping ResolveInfo{1292c358 com.sec.android.app.soundalive/.compatibility.Compatibility$Redirector p=2147483647 m=0x108000}
D/Compatibility( 2880): considering ResolveInfo{e122cb1 com.sec.android.app.soundalive/.SAControlPanelActivity m=0x108000}
D/Compatibility( 2880): default: com.sec.android.app.soundalive.SAControlPanelActivity
D/Compatibility( 2880): enabling receiver ResolveInfo{9412596 com.sec.android.app.soundalive/.SAControlPanelReceiver m=0x108000}
D/SecContentProvider(  944): uri = 15 selection = isClipboardAllowedAsUser
D/SecContentProvider(  944): uri = 15 selection = isClipboardShareAllowedAsUser
D/Compatibility( 2880): enabling receiver ResolveInfo{3234e517 com.sec.android.app.soundalive/.compatibility.HelperGooglePlayMusic m=0x108000}
D/Compatibility( 2880): enabling receiver ResolveInfo{51cbd04 com.sec.android.app.soundalive/.SAControlPanelReceiver m=0x108000}
D/Compatibility( 2880): enabling receiver ResolveInfo{23ebe2ed com.sec.android.app.soundalive/.compatibility.HelperGooglePlayMusic m=0x108000}
D/Compatibility( 2880): wrote com.sec.android.app.soundalive/com.sec.android.app.soundalive.SAControlPanelActivity as default
I/art     (  944): Explicit concurrent mark sweep GC freed 77728(4MB) AllocSpace objects, 24(22MB) LOS objects, 21% free, 58MB/74MB, paused 1.603ms total 189.541ms
D/SecContentProvider2(  944): uri = 14 selection = getSealedState
D/SecContentProvider2(  944): mCursor = null
D/Mms/FreeMessageReceiver(26067): onReceive, action : android.intent.action.PACKAGE_ADDED
D/ApplicationPolicy(  944): isStatusBarNotificationAllowedAsUser: packageName = com.dv.adm,userId = 0
V/ApplicationPolicy(  944): isApplicationStateBlocked userId 0 pkgname com.dv.adm
D/Mms/FreeMessageReceiverService(26067): onHandleIntent, action : android.intent.action.PACKAGE_ADDED
D/Mms/FreeMessageReceiverService(26067): onHandleIntent: ACTION_PACKAGE_ADDED
D/StatusBar( 1183): ----- contentsUnchanged : true, bigContentsUnchanged - true, headsUpContentsUnchanged - true , publicUnchanged true
D/PersonaManager( 1183): isKioskContainerExistOnDevice
D/PersonaManager( 1183): isKioskContainerExistOnDevice
D/PanelView( 1183): There is/are notification(s) 
D/PanelView( 1183): There is/are notification(s) 
I/DBG_POLICYDM(15375): [com.policydm.XSPPReceiver(52/onReceive)] ACTION_PACKAGE_ADDED. mPkgName:com.awesomeproject
I/TactileAssist(  944): enable value -1
I/TactileAssist(  944): internal enable value -1
I/TactileAssist(  944): intensity value -1
I/TactileAssist(  944): saveAppList value true
